Archive member included because of file (symbol)

/opt/paparazzi/arm-multilib/lib/gcc/arm-none-eabi/4.6.2/../../../../arm-none-eabi/lib/thumb2/libc.a(lib_a-ldiv.o)
                              /home/uav/paparazzi/var/Quad_LisaM_2/ap/subsystems/ahrs/ahrs_int_cmpl_quat.o (ldiv)
/opt/paparazzi/arm-multilib/lib/gcc/arm-none-eabi/4.6.2/../../../../arm-none-eabi/lib/thumb2/libc.a(lib_a-memcpy.o)
                              /home/uav/paparazzi/var/Quad_LisaM_2/ap/arch/stm32/mcu_periph/spi_arch.o (memcpy)
/opt/paparazzi/arm-multilib/lib/gcc/arm-none-eabi/4.6.2/../../../../arm-none-eabi/lib/thumb2/libc.a(lib_a-memset.o)
                              /home/uav/paparazzi/var/Quad_LisaM_2/ap/firmwares/rotorcraft/stabilization/stabilization_attitude_ref_quat_int.o (memset)
/opt/paparazzi/arm-multilib/lib/gcc/arm-none-eabi/4.6.2/../../../../arm-none-eabi/lib/thumb2/libm.a(lib_a-s_atan.o)
                              /home/uav/paparazzi/var/Quad_LisaM_2/ap/math/pprz_geodetic_float.o (atan)
/opt/paparazzi/arm-multilib/lib/gcc/arm-none-eabi/4.6.2/../../../../arm-none-eabi/lib/thumb2/libm.a(lib_a-s_cos.o)
                              /home/uav/paparazzi/var/Quad_LisaM_2/ap/math/pprz_geodetic_float.o (cos)
/opt/paparazzi/arm-multilib/lib/gcc/arm-none-eabi/4.6.2/../../../../arm-none-eabi/lib/thumb2/libm.a(lib_a-s_fabs.o)
                              /opt/paparazzi/arm-multilib/lib/gcc/arm-none-eabi/4.6.2/../../../../arm-none-eabi/lib/thumb2/libm.a(lib_a-s_atan.o) (fabs)
/opt/paparazzi/arm-multilib/lib/gcc/arm-none-eabi/4.6.2/../../../../arm-none-eabi/lib/thumb2/libm.a(lib_a-s_rint.o)
                              /home/uav/paparazzi/var/Quad_LisaM_2/ap/math/pprz_geodetic_int.o (rint)
/opt/paparazzi/arm-multilib/lib/gcc/arm-none-eabi/4.6.2/../../../../arm-none-eabi/lib/thumb2/libm.a(lib_a-s_sin.o)
                              /home/uav/paparazzi/var/Quad_LisaM_2/ap/math/pprz_geodetic_float.o (sin)
/opt/paparazzi/arm-multilib/lib/gcc/arm-none-eabi/4.6.2/../../../../arm-none-eabi/lib/thumb2/libm.a(lib_a-s_tan.o)
                              /home/uav/paparazzi/var/Quad_LisaM_2/ap/math/pprz_geodetic_float.o (tan)
/opt/paparazzi/arm-multilib/lib/gcc/arm-none-eabi/4.6.2/../../../../arm-none-eabi/lib/thumb2/libm.a(lib_a-sf_atan.o)
                              /home/uav/paparazzi/var/Quad_LisaM_2/ap/math/pprz_geodetic_float.o (atanf)
/opt/paparazzi/arm-multilib/lib/gcc/arm-none-eabi/4.6.2/../../../../arm-none-eabi/lib/thumb2/libm.a(lib_a-sf_cos.o)
                              /home/uav/paparazzi/var/Quad_LisaM_2/ap/math/pprz_geodetic_int.o (cosf)
/opt/paparazzi/arm-multilib/lib/gcc/arm-none-eabi/4.6.2/../../../../arm-none-eabi/lib/thumb2/libm.a(lib_a-sf_fabs.o)
                              /opt/paparazzi/arm-multilib/lib/gcc/arm-none-eabi/4.6.2/../../../../arm-none-eabi/lib/thumb2/libm.a(lib_a-sf_atan.o) (fabsf)
/opt/paparazzi/arm-multilib/lib/gcc/arm-none-eabi/4.6.2/../../../../arm-none-eabi/lib/thumb2/libm.a(lib_a-sf_sin.o)
                              /home/uav/paparazzi/var/Quad_LisaM_2/ap/math/pprz_geodetic_int.o (sinf)
/opt/paparazzi/arm-multilib/lib/gcc/arm-none-eabi/4.6.2/../../../../arm-none-eabi/lib/thumb2/libm.a(lib_a-w_asin.o)
                              /home/uav/paparazzi/var/Quad_LisaM_2/ap/math/pprz_geodetic_float.o (asin)
/opt/paparazzi/arm-multilib/lib/gcc/arm-none-eabi/4.6.2/../../../../arm-none-eabi/lib/thumb2/libm.a(lib_a-w_atan2.o)
                              /home/uav/paparazzi/var/Quad_LisaM_2/ap/math/pprz_geodetic_double.o (atan2)
/opt/paparazzi/arm-multilib/lib/gcc/arm-none-eabi/4.6.2/../../../../arm-none-eabi/lib/thumb2/libm.a(lib_a-w_cosh.o)
                              /home/uav/paparazzi/var/Quad_LisaM_2/ap/math/pprz_geodetic_float.o (cosh)
/opt/paparazzi/arm-multilib/lib/gcc/arm-none-eabi/4.6.2/../../../../arm-none-eabi/lib/thumb2/libm.a(lib_a-w_exp.o)
                              /home/uav/paparazzi/var/Quad_LisaM_2/ap/math/pprz_geodetic_float.o (exp)
/opt/paparazzi/arm-multilib/lib/gcc/arm-none-eabi/4.6.2/../../../../arm-none-eabi/lib/thumb2/libm.a(lib_a-w_log.o)
                              /home/uav/paparazzi/var/Quad_LisaM_2/ap/math/pprz_geodetic_float.o (log)
/opt/paparazzi/arm-multilib/lib/gcc/arm-none-eabi/4.6.2/../../../../arm-none-eabi/lib/thumb2/libm.a(lib_a-w_pow.o)
                              /home/uav/paparazzi/var/Quad_LisaM_2/ap/math/pprz_geodetic_float.o (pow)
/opt/paparazzi/arm-multilib/lib/gcc/arm-none-eabi/4.6.2/../../../../arm-none-eabi/lib/thumb2/libm.a(lib_a-w_sinh.o)
                              /home/uav/paparazzi/var/Quad_LisaM_2/ap/math/pprz_geodetic_float.o (sinh)
/opt/paparazzi/arm-multilib/lib/gcc/arm-none-eabi/4.6.2/../../../../arm-none-eabi/lib/thumb2/libm.a(lib_a-w_sqrt.o)
                              /home/uav/paparazzi/var/Quad_LisaM_2/ap/math/pprz_geodetic_double.o (sqrt)
/opt/paparazzi/arm-multilib/lib/gcc/arm-none-eabi/4.6.2/../../../../arm-none-eabi/lib/thumb2/libm.a(lib_a-wf_asin.o)
[...]
Memory Configuration

Name             Origin             Length             Attributes
RAM              0x0000000020000000 0x0000000000010000 xrw
FLASH            0x0000000008002000 0x000000000003d800 xr
FLASHB1          0x0000000000000000 0x0000000000000000 xr
*default*        0x0000000000000000 0xffffffffffffffff

Linker script and memory map

LOAD /home/uav/paparazzi/var/Quad_LisaM_2/ap/firmwares/rotorcraft/main.o
LOAD /home/uav/paparazzi/var/Quad_LisaM_2/ap/mcu.o
LOAD /home/uav/paparazzi/var/Quad_LisaM_2/ap/arch/stm32/mcu_arch.o
LOAD /home/uav/paparazzi/var/Quad_LisaM_2/ap/math/pprz_geodetic_int.o
LOAD /home/uav/paparazzi/var/Quad_LisaM_2/ap/math/pprz_geodetic_float.o
LOAD /home/uav/paparazzi/var/Quad_LisaM_2/ap/math/pprz_geodetic_double.o
LOAD /home/uav/paparazzi/var/Quad_LisaM_2/ap/math/pprz_trig_int.o
LOAD /home/uav/paparazzi/var/Quad_LisaM_2/ap/lisa/plug_sys.o
LOAD /home/uav/paparazzi/var/Quad_LisaM_2/ap/arch/stm32/stm32_exceptions.o
LOAD /home/uav/paparazzi/var/Quad_LisaM_2/ap/arch/stm32/stm32_vector_table.o
LOAD /home/uav/paparazzi/var/Quad_LisaM_2/ap/arch/stm32/led_hw.o
LOAD /home/uav/paparazzi/var/Quad_LisaM_2/ap/mcu_periph/sys_time.o
LOAD /home/uav/paparazzi/var/Quad_LisaM_2/ap/arch/stm32/mcu_periph/sys_time_arch.o
LOAD /home/uav/paparazzi/var/Quad_LisaM_2/ap/subsystems/settings.o
LOAD /home/uav/paparazzi/var/Quad_LisaM_2/ap/arch/stm32/subsystems/settings_arch.o
LOAD /home/uav/paparazzi/var/Quad_LisaM_2/ap/mcu_periph/uart.o
LOAD /home/uav/paparazzi/var/Quad_LisaM_2/ap/arch/stm32/mcu_periph/uart_arch.o
LOAD /home/uav/paparazzi/var/Quad_LisaM_2/ap/mcu_periph/i2c.o
LOAD /home/uav/paparazzi/var/Quad_LisaM_2/ap/arch/stm32/mcu_periph/i2c_arch.o
LOAD /home/uav/paparazzi/var/Quad_LisaM_2/ap/firmwares/rotorcraft/commands.o
LOAD /home/uav/paparazzi/var/Quad_LisaM_2/ap/boards/lisa_m/baro_board.o
LOAD /home/uav/paparazzi/var/Quad_LisaM_2/ap/arch/stm32/mcu_periph/adc_arch.o
LOAD /home/uav/paparazzi/var/Quad_LisaM_2/ap/subsystems/electrical.o
LOAD /home/uav/paparazzi/var/Quad_LisaM_2/ap/firmwares/rotorcraft/autopilot.o
LOAD /home/uav/paparazzi/var/Quad_LisaM_2/ap/firmwares/rotorcraft/stabilization.o
LOAD /home/uav/paparazzi/var/Quad_LisaM_2/ap/firmwares/rotorcraft/stabilization/stabilization_none.o
LOAD /home/uav/paparazzi/var/Quad_LisaM_2/ap/firmwares/rotorcraft/stabilization/stabilization_rate.o
LOAD /home/uav/paparazzi/var/Quad_LisaM_2/ap/firmwares/rotorcraft/guidance/guidance_h.o
LOAD /home/uav/paparazzi/var/Quad_LisaM_2/ap/firmwares/rotorcraft/guidance/guidance_v.o
LOAD /home/uav/paparazzi/var/Quad_LisaM_2/ap/subsystems/ins.o
LOAD /home/uav/paparazzi/var/Quad_LisaM_2/ap/subsystems/ins/vf_float.o
LOAD /home/uav/paparazzi/var/Quad_LisaM_2/ap/firmwares/rotorcraft/navigation.o
LOAD /home/uav/paparazzi/var/Quad_LisaM_2/ap/subsystems/navigation/common_flight_plan.o
LOAD /home/uav/paparazzi/var/Quad_LisaM_2/ap/subsystems/radio_control.o
LOAD /home/uav/paparazzi/var/Quad_LisaM_2/ap/subsystems/radio_control/spektrum.o
LOAD /home/uav/paparazzi/var/Quad_LisaM_2/ap/arch/stm32/subsystems/radio_control/spektrum_arch.o
LOAD /home/uav/paparazzi/var/Quad_LisaM_2/ap/firmwares/rotorcraft/actuators/supervision.o
LOAD /home/uav/paparazzi/var/Quad_LisaM_2/ap/firmwares/rotorcraft/actuators/actuators_pwm_supervision.o
LOAD /home/uav/paparazzi/var/Quad_LisaM_2/ap/firmwares/rotorcraft/actuators/arch/stm32/actuators_pwm_arch.o
LOAD /home/uav/paparazzi/var/Quad_LisaM_2/ap/subsystems/datalink/downlink.o
LOAD /home/uav/paparazzi/var/Quad_LisaM_2/ap/subsystems/datalink/pprz_transport.o
LOAD /home/uav/paparazzi/var/Quad_LisaM_2/ap/firmwares/rotorcraft/datalink.o
LOAD /home/uav/paparazzi/var/Quad_LisaM_2/ap/firmwares/rotorcraft/telemetry.o
LOAD /home/uav/paparazzi/var/Quad_LisaM_2/ap/subsystems/imu.o
LOAD /home/uav/paparazzi/var/Quad_LisaM_2/ap/subsystems/imu/imu_aspirin2.o
LOAD /home/uav/paparazzi/var/Quad_LisaM_2/ap/arch/stm32/mcu_periph/spi_arch.o
LOAD /home/uav/paparazzi/var/Quad_LisaM_2/ap/mcu_periph/spi.o
LOAD /home/uav/paparazzi/var/Quad_LisaM_2/ap/subsystems/gps.o
LOAD /home/uav/paparazzi/var/Quad_LisaM_2/ap/subsystems/gps/gps_ubx.o
LOAD /home/uav/paparazzi/var/Quad_LisaM_2/ap/firmwares/rotorcraft/stabilization/stabilization_attitude_ref_quat_int.o
LOAD /home/uav/paparazzi/var/Quad_LisaM_2/ap/firmwares/rotorcraft/stabilization/stabilization_attitude_quat_int.o
LOAD /home/uav/paparazzi/var/Quad_LisaM_2/ap/subsystems/ahrs.o
LOAD /home/uav/paparazzi/var/Quad_LisaM_2/ap/subsystems/ahrs/ahrs_int_cmpl_quat.o
LOAD /home/uav/paparazzi/var/Quad_LisaM_2/ap/subsystems/ahrs/ahrs_aligner.o
LOAD /opt/paparazzi/arm-multilib/lib/gcc/arm-none-eabi/4.6.2/../../../../arm-none-eabi/lib/thumb2/libc.a
LOAD /opt/paparazzi/arm-multilib/lib/gcc/arm-none-eabi/4.6.2/../../../../arm-none-eabi/lib/thumb2/libm.a
LOAD /opt/paparazzi/arm-multilib/lib/gcc/arm-none-eabi/4.6.2/thumb2/libgcc.a
LOAD /opt/paparazzi/arm-multilib/lib/gcc/arm-none-eabi/4.6.2/../../../../arm-none-eabi/lib/libcmsis.a
LOAD /opt/paparazzi/arm-multilib/lib/gcc/arm-none-eabi/4.6.2/../../../../arm-none-eabi/lib/libstm32.a
LOAD /opt/paparazzi/arm-multilib/lib/gcc/arm-none-eabi/4.6.2/../../../../arm-none-eabi/lib/libopencm3_stm32.a
START GROUP
LOAD /opt/paparazzi/arm-multilib/lib/gcc/arm-none-eabi/4.6.2/thumb2/libgcc.a
LOAD /opt/paparazzi/arm-multilib/lib/gcc/arm-none-eabi/4.6.2/../../../../arm-none-eabi/lib/thumb2/libc.a
END GROUP
                0x0000000020010000                _estack = 0x20010000
                0x0000000000001000                __Stack_Size = 0x1000
                0x0000000000001000                PROVIDE (_Stack_Size, __Stack_Size)
                0x000000002000f000                __Stack_Init = (_estack - __Stack_Size)
                0x000000002000f000                PROVIDE (_Stack_Init, __Stack_Init)
                0x0000000000000800                _Minimum_Stack_Size = 0x800
                0x0000000000000001                ASSERT ((ORIGIN (FLASH) == ALIGN (ORIGIN (FLASH), 0x80)), Start of memory region flash not aligned for startup vector table)

.isr_vector     0x0000000008002000      0x130
                0x0000000008002000                . = ALIGN (0x4)
 *(.isr_vector)
 .isr_vector    0x0000000008002000      0x130 /home/uav/paparazzi/var/Quad_LisaM_2/ap/arch/stm32/stm32_vector_table.o
                0x0000000008002000                vector_table
                0x0000000008002130                . = ALIGN (0x4)

.ARM.extab      0x0000000008002130       0x30
 .ARM.extab     0x0000000008002130       0x18 /opt/paparazzi/arm-multilib/lib/gcc/arm-none-eabi/4.6.2/thumb2/libgcc.a(unwind-arm.o)
 .ARM.extab     0x0000000008002148       0x18 /opt/paparazzi/arm-multilib/lib/gcc/arm-none-eabi/4.6.2/thumb2/libgcc.a(pr-support.o)

.flashtext      0x0000000008002160        0x0
                0x0000000008002160                . = ALIGN (0x4)
 *(.flashtext)
                0x0000000008002160                . = ALIGN (0x4)

.text           0x0000000008002160    0x1f9a8
                0x0000000008002160                . = ALIGN (0x4)
 *(.text)
 .text          0x0000000008002160       0x38 /opt/paparazzi/arm-multilib/lib/gcc/arm-none-eabi/4.6.2/../../../../arm-none-eabi/lib/thumb2/libc.a(lib_a-ldiv.o)
                0x0000000008002160                ldiv
 .text          0x0000000008002198       0x12 /opt/paparazzi/arm-multilib/lib/gcc/arm-none-eabi/4.6.2/../../../../arm-none-eabi/lib/thumb2/libc.a(lib_a-memcpy.o)
                0x0000000008002198                memcpy
 .text          0x00000000080021aa        0xe /opt/paparazzi/arm-multilib/lib/gcc/arm-none-eabi/4.6.2/../../../../arm-none-eabi/lib/thumb2/libc.a(lib_a-memset.o)
                0x00000000080021aa                memset
 .text          0x00000000080021b8      0x340 /opt/paparazzi/arm-multilib/lib/gcc/arm-none-eabi/4.6.2/../../../../arm-none-eabi/lib/thumb2/libm.a(lib_a-s_atan.o)
                0x00000000080021b8                atan
 .text          0x00000000080024f8       0x70 /opt/paparazzi/arm-multilib/lib/gcc/arm-none-eabi/4.6.2/../../../../arm-none-eabi/lib/thumb2/libm.a(lib_a-s_cos.o)
                0x00000000080024f8                cos
 .text          0x0000000008002568        0x6 /opt/paparazzi/arm-multilib/lib/gcc/arm-none-eabi/4.6.2/../../../../arm-none-eabi/lib/thumb2/libm.a(lib_a-s_fabs.o)
                0x0000000008002568                fabs
 *fill*         0x000000000800256e        0x2 00
 .text          0x0000000008002570      0x120 /opt/paparazzi/arm-multilib/lib/gcc/arm-none-eabi/4.6.2/../../../../arm-none-eabi/lib/thumb2/libm.a(lib_a-s_rint.o)
                0x0000000008002570                rint
 .text          0x0000000008002690       0x78 /opt/paparazzi/arm-multilib/lib/gcc/arm-none-eabi/4.6.2/../../../../arm-none-eabi/lib/thumb2/libm.a(lib_a-s_sin.o)
                0x0000000008002690                sin
 .text          0x0000000008002708      0x234 /opt/paparazzi/arm-multilib/lib/gcc/arm-none-eabi/4.6.2/../../../../arm-none-eabi/lib/thumb2/libm.a(lib_a-sf_atan.o)
                0x0000000008002708                atanf
 .text          0x000000000800293c       0x58 /opt/paparazzi/arm-multilib/lib/gcc/arm-none-eabi/4.6.2/../../../../arm-none-eabi/lib/thumb2/libm.a(lib_a-sf_cos.o)
                0x000000000800293c                cosf
 .text          0x0000000008002994        0x6 /opt/paparazzi/arm-multilib/lib/gcc/arm-none-eabi/4.6.2/../../../../arm-none-eabi/lib/thumb2/libm.a(lib_a-sf_fabs.o)
                0x0000000008002994                fabsf
 *fill*         0x000000000800299a        0x2 00
 .text          0x000000000800299c       0x68 /opt/paparazzi/arm-multilib/lib/gcc/arm-none-eabi/4.6.2/../../../../arm-none-eabi/lib/thumb2/libm.a(lib_a-sf_sin.o)
                0x000000000800299c                sinf
 .text          0x0000000008002a04        0x4 /opt/paparazzi/arm-multilib/lib/gcc/arm-none-eabi/4.6.2/../../../../arm-none-eabi/lib/thumb2/libm.a(lib_a-w_atan2.o)
                0x0000000008002a04                atan2
 .text          0x0000000008002a08      0x2c0 /opt/paparazzi/arm-multilib/lib/gcc/arm-none-eabi/4.6.2/../../../../arm-none-eabi/lib/thumb2/libm.a(lib_a-w_pow.o)
                0x0000000008002a08                pow
 .text          0x0000000008002cc8       0xa4 /opt/paparazzi/arm-multilib/lib/gcc/arm-none-eabi/4.6.2/../../../../arm-none-eabi/lib/thumb2/libm.a(lib_a-w_sqrt.o)
                0x0000000008002cc8                sqrt
 .text          0x0000000008002d6c       0x94 /opt/paparazzi/arm-multilib/lib/gcc/arm-none-eabi/4.6.2/../../../../arm-none-eabi/lib/thumb2/libm.a(lib_a-wf_asin.o)
                0x0000000008002d6c                asinf
 .text          0x0000000008002e00        0x4 /opt/paparazzi/arm-multilib/lib/gcc/arm-none-eabi/4.6.2/../../../../arm-none-eabi/lib/thumb2/libm.a(lib_a-wf_atan2.o)
                0x0000000008002e00                atan2f
 .text          0x0000000008002e04       0x9c /opt/paparazzi/arm-multilib/lib/gcc/arm-none-eabi/4.6.2/../../../../arm-none-eabi/lib/thumb2/libm.a(lib_a-wf_sqrt.o)
                0x0000000008002e04                sqrtf
 .text          0x0000000008002ea0      0x1e0 /opt/paparazzi/arm-multilib/lib/gcc/arm-none-eabi/4.6.2/../../../../arm-none-eabi/lib/thumb2/libm.a(lib_a-e_atan2.o)
                0x0000000008002ea0                __ieee754_atan2
 .text          0x0000000008003080      0xa88 /opt/paparazzi/arm-multilib/lib/gcc/arm-none-eabi/4.6.2/../../../../arm-none-eabi/lib/thumb2/libm.a(lib_a-e_pow.o)
                0x0000000008003080                __ieee754_pow
 .text          0x0000000008003b08      0x3c8 /opt/paparazzi/arm-multilib/lib/gcc/arm-none-eabi/4.6.2/../../../../arm-none-eabi/lib/thumb2/libm.a(lib_a-e_rem_pio2.o)
                0x0000000008003b08                __ieee754_rem_pio2
 .text          0x0000000008003ed0      0x15c /opt/paparazzi/arm-multilib/lib/gcc/arm-none-eabi/4.6.2/../../../../arm-none-eabi/lib/thumb2/libm.a(lib_a-e_sqrt.o)
                0x0000000008003ed0                __ieee754_sqrt
 .text          0x000000000800402c      0x2ac /opt/paparazzi/arm-multilib/lib/gcc/arm-none-eabi/4.6.2/../../../../arm-none-eabi/lib/thumb2/libm.a(lib_a-ef_asin.o)
                0x000000000800402c                __ieee754_asinf
 .text          0x00000000080042d8      0x120 /opt/paparazzi/arm-multilib/lib/gcc/arm-none-eabi/4.6.2/../../../../arm-none-eabi/lib/thumb2/libm.a(lib_a-ef_atan2.o)
                0x00000000080042d8                __ieee754_atan2f
 .text          0x00000000080043f8      0x2a8 /opt/paparazzi/arm-multilib/lib/gcc/arm-none-eabi/4.6.2/../../../../arm-none-eabi/lib/thumb2/libm.a(lib_a-ef_rem_pio2.o)
                0x00000000080043f8                __ieee754_rem_pio2f
 .text          0x00000000080046a0       0x9e /opt/paparazzi/arm-multilib/lib/gcc/arm-none-eabi/4.6.2/../../../../arm-none-eabi/lib/thumb2/libm.a(lib_a-ef_sqrt.o)
                0x00000000080046a0                __ieee754_sqrtf
 *fill*         0x000000000800473e        0x2 00
 .text          0x0000000008004740      0x1d8 /opt/paparazzi/arm-multilib/lib/gcc/arm-none-eabi/4.6.2/../../../../arm-none-eabi/lib/thumb2/libm.a(lib_a-k_cos.o)
                0x0000000008004740                __kernel_cos
 .text          0x0000000008004918      0x6d8 /opt/paparazzi/arm-multilib/lib/gcc/arm-none-eabi/4.6.2/../../../../arm-none-eabi/lib/thumb2/libm.a(lib_a-k_rem_pio2.o)
                0x0000000008004918                __kernel_rem_pio2
 .text          0x0000000008004ff0      0x180 /opt/paparazzi/arm-multilib/lib/gcc/arm-none-eabi/4.6.2/../../../../arm-none-eabi/lib/thumb2/libm.a(lib_a-k_sin.o)
                0x0000000008004ff0                __kernel_sin
 .text          0x0000000008005170      0x134 /opt/paparazzi/arm-multilib/lib/gcc/arm-none-eabi/4.6.2/../../../../arm-none-eabi/lib/thumb2/libm.a(lib_a-kf_cos.o)
                0x0000000008005170                __kernel_cosf
 .text          0x00000000080052a4      0x608 /opt/paparazzi/arm-multilib/lib/gcc/arm-none-eabi/4.6.2/../../../../arm-none-eabi/lib/thumb2/libm.a(lib_a-kf_rem_pio2.o)
                0x00000000080052a4                __kernel_rem_pio2f
 .text          0x00000000080058ac       0xf4 /opt/paparazzi/arm-multilib/lib/gcc/arm-none-eabi/4.6.2/../../../../arm-none-eabi/lib/thumb2/libm.a(lib_a-kf_sin.o)
                0x00000000080058ac                __kernel_sinf
 .text          0x00000000080059a0       0x10 /opt/paparazzi/arm-multilib/lib/gcc/arm-none-eabi/4.6.2/../../../../arm-none-eabi/lib/thumb2/libm.a(lib_a-s_finite.o)
                0x00000000080059a0                finite
 .text          0x00000000080059b0      0x110 /opt/paparazzi/arm-multilib/lib/gcc/arm-none-eabi/4.6.2/../../../../arm-none-eabi/lib/thumb2/libm.a(lib_a-s_floor.o)
                0x00000000080059b0                floor
 .text          0x0000000008005ac0       0x64 /opt/paparazzi/arm-multilib/lib/gcc/arm-none-eabi/4.6.2/../../../../arm-none-eabi/lib/thumb2/libm.a(lib_a-s_fpclassify.o)
                0x0000000008005ac0                __fpclassifyd
 .text          0x0000000008005b24        0x4 /opt/paparazzi/arm-multilib/lib/gcc/arm-none-eabi/4.6.2/../../../../arm-none-eabi/lib/thumb2/libm.a(lib_a-s_matherr.o)
                0x0000000008005b24                matherr
 .text          0x0000000008005b28        0xc /opt/paparazzi/arm-multilib/lib/gcc/arm-none-eabi/4.6.2/../../../../arm-none-eabi/lib/thumb2/libm.a(lib_a-s_nan.o)
                0x0000000008005b28                nan
 *fill*         0x0000000008005b34        0x4 00
 .text          0x0000000008005b38       0xe8 /opt/paparazzi/arm-multilib/lib/gcc/arm-none-eabi/4.6.2/../../../../arm-none-eabi/lib/thumb2/libm.a(lib_a-s_scalbn.o)
                0x0000000008005b38                scalbn
 .text          0x0000000008005c20       0x80 /opt/paparazzi/arm-multilib/lib/gcc/arm-none-eabi/4.6.2/../../../../arm-none-eabi/lib/thumb2/libm.a(lib_a-sf_floor.o)
                0x0000000008005c20                floorf
 .text          0x0000000008005ca0       0x54 /opt/paparazzi/arm-multilib/lib/gcc/arm-none-eabi/4.6.2/../../../../arm-none-eabi/lib/thumb2/libm.a(lib_a-sf_fpclassify.o)
                0x0000000008005ca0                __fpclassifyf
 .text          0x0000000008005cf4       0x9c /opt/paparazzi/arm-multilib/lib/gcc/arm-none-eabi/4.6.2/../../../../arm-none-eabi/lib/thumb2/libm.a(lib_a-sf_scalbn.o)
                0x0000000008005cf4                scalbnf
 .text          0x0000000008005d90       0x14 /opt/paparazzi/arm-multilib/lib/gcc/arm-none-eabi/4.6.2/../../../../arm-none-eabi/lib/thumb2/libm.a(lib_a-s_copysign.o)
                0x0000000008005d90                copysign
 .text          0x0000000008005da4        0xc /opt/paparazzi/arm-multilib/lib/gcc/arm-none-eabi/4.6.2/../../../../arm-none-eabi/lib/thumb2/libm.a(lib_a-sf_copysign.o)
                0x0000000008005da4                copysignf
 .text          0x0000000008005db0       0xe0 /opt/paparazzi/arm-multilib/lib/gcc/arm-none-eabi/4.6.2/thumb2/libgcc.a(_divsi3.o)
                0x0000000008005db0                __aeabi_idiv
                0x0000000008005db0                __divsi3
                0x0000000008005e74                __aeabi_idivmod
 .text          0x0000000008005e90        0x4 /opt/paparazzi/arm-multilib/lib/gcc/arm-none-eabi/4.6.2/thumb2/libgcc.a(_dvmd_tls.o)
                0x0000000008005e90                __aeabi_ldiv0
                0x0000000008005e90                __aeabi_idiv0
 .text          0x0000000008005e94      0x370 /opt/paparazzi/arm-multilib/lib/gcc/arm-none-eabi/4.6.2/thumb2/libgcc.a(_arm_addsubdf3.o)
                0x0000000008005e94                __aeabi_drsub
                0x0000000008005e9c                __aeabi_dsub
                0x0000000008005e9c                __subdf3
                0x0000000008005ea0                __adddf3
                0x0000000008005ea0                __aeabi_dadd
                0x0000000008006118                __aeabi_ui2d
                0x0000000008006118                __floatunsidf
                0x0000000008006138                __floatsidf
                0x0000000008006138                __aeabi_i2d
                0x000000000800615c                __extendsfdf2
                0x000000000800615c                __aeabi_f2d
                0x0000000008006198                __aeabi_ul2d
                0x0000000008006198                __floatundidf
                0x00000000080061a8                __floatdidf
                0x00000000080061a8                __aeabi_l2d
 .text          0x0000000008006204      0x424 /opt/paparazzi/arm-multilib/lib/gcc/arm-none-eabi/4.6.2/thumb2/libgcc.a(_arm_muldivdf3.o)
                0x0000000008006204                __aeabi_dmul
                0x0000000008006204                __muldf3
                0x0000000008006458                __aeabi_ddiv
                0x0000000008006458                __divdf3
 .text          0x0000000008006628      0x110 /opt/paparazzi/arm-multilib/lib/gcc/arm-none-eabi/4.6.2/thumb2/libgcc.a(_arm_cmpdf2.o)
                0x0000000008006628                __gtdf2
                0x0000000008006628                __gedf2
                0x0000000008006630                __ltdf2
                0x0000000008006630                __ledf2
                0x0000000008006638                __cmpdf2
                0x0000000008006638                __eqdf2
                0x0000000008006638                __nedf2
                0x00000000080066b4                __aeabi_cdrcmple
                0x00000000080066c4                __aeabi_cdcmple
                0x00000000080066c4                __aeabi_cdcmpeq
                0x00000000080066d4                __aeabi_dcmpeq
                0x00000000080066e8                __aeabi_dcmplt
                0x00000000080066fc                __aeabi_dcmple
                0x0000000008006710                __aeabi_dcmpge
                0x0000000008006724                __aeabi_dcmpgt
 .text          0x0000000008006738       0x50 /opt/paparazzi/arm-multilib/lib/gcc/arm-none-eabi/4.6.2/thumb2/libgcc.a(_arm_fixdfsi.o)
                0x0000000008006738                __fixdfsi
                0x0000000008006738                __aeabi_d2iz
 .text          0x0000000008006788       0x40 /opt/paparazzi/arm-multilib/lib/gcc/arm-none-eabi/4.6.2/thumb2/libgcc.a(_arm_fixunsdfsi.o)
                0x0000000008006788                __fixunsdfsi
                0x0000000008006788                __aeabi_d2uiz
 .text          0x00000000080067c8       0xa0 /opt/paparazzi/arm-multilib/lib/gcc/arm-none-eabi/4.6.2/thumb2/libgcc.a(_arm_truncdfsf2.o)
                0x00000000080067c8                __aeabi_d2f
                0x00000000080067c8                __truncdfsf2
 .text          0x0000000008006868      0x21c /opt/paparazzi/arm-multilib/lib/gcc/arm-none-eabi/4.6.2/thumb2/libgcc.a(_arm_addsubsf3.o)
                0x0000000008006868                __aeabi_frsub
                0x0000000008006870                __subsf3
                0x0000000008006870                __aeabi_fsub
                0x0000000008006874                __aeabi_fadd
                0x0000000008006874                __addsf3
                0x00000000080069d4                __aeabi_ui2f
                0x00000000080069d4                __floatunsisf
                0x00000000080069dc                __aeabi_i2f
                0x00000000080069dc                __floatsisf
                0x00000000080069f8                __floatundisf
                0x00000000080069f8                __aeabi_ul2f
                0x0000000008006a08                __floatdisf
                0x0000000008006a08                __aeabi_l2f
 .text          0x0000000008006a84      0x2a0 /opt/paparazzi/arm-multilib/lib/gcc/arm-none-eabi/4.6.2/thumb2/libgcc.a(_arm_muldivsf3.o)
                0x0000000008006a84                __mulsf3
                0x0000000008006a84                __aeabi_fmul
                0x0000000008006bec                __divsf3
                0x0000000008006bec                __aeabi_fdiv
 .text          0x0000000008006d24       0xec /opt/paparazzi/arm-multilib/lib/gcc/arm-none-eabi/4.6.2/thumb2/libgcc.a(_arm_cmpsf2.o)
                0x0000000008006d24                __gtsf2
                0x0000000008006d24                __gesf2
                0x0000000008006d2c                __lesf2
                0x0000000008006d2c                __ltsf2
                0x0000000008006d34                __nesf2
                0x0000000008006d34                __eqsf2
                0x0000000008006d34                __cmpsf2
                0x0000000008006d94                __aeabi_cfrcmple
                0x0000000008006d9c                __aeabi_cfcmple
                0x0000000008006d9c                __aeabi_cfcmpeq
                0x0000000008006dac                __aeabi_fcmpeq
                0x0000000008006dc0                __aeabi_fcmplt
                0x0000000008006dd4                __aeabi_fcmple
                0x0000000008006de8                __aeabi_fcmpge
                0x0000000008006dfc                __aeabi_fcmpgt
 .text          0x0000000008006e10       0x4c /opt/paparazzi/arm-multilib/lib/gcc/arm-none-eabi/4.6.2/thumb2/libgcc.a(_arm_fixsfsi.o)
                0x0000000008006e10                __fixsfsi
                0x0000000008006e10                __aeabi_f2iz
 .text          0x0000000008006e5c       0x40 /opt/paparazzi/arm-multilib/lib/gcc/arm-none-eabi/4.6.2/thumb2/libgcc.a(_arm_fixunssfsi.o)
                0x0000000008006e5c                __aeabi_f2uiz
                0x0000000008006e5c                __fixunssfsi
 .text          0x0000000008006e9c       0x38 /opt/paparazzi/arm-multilib/lib/gcc/arm-none-eabi/4.6.2/thumb2/libgcc.a(_aeabi_ldivmod.o)
                0x0000000008006e9c                __aeabi_ldivmod
 .text          0x0000000008006ed4       0x52 /opt/paparazzi/arm-multilib/lib/gcc/arm-none-eabi/4.6.2/thumb2/libgcc.a(bpabi.o)
                0x0000000008006ed4                __gnu_ldivmod_helper
                0x0000000008006efe                __gnu_uldivmod_helper
 *fill*         0x0000000008006f26        0x2 00
 .text          0x0000000008006f28      0x8d8 /opt/paparazzi/arm-multilib/lib/gcc/arm-none-eabi/4.6.2/thumb2/libgcc.a(unwind-arm.o)
                0x0000000008007198                _Unwind_VRS_Get
                0x00000000080071d6                _Unwind_VRS_Set
                0x0000000008007474                __aeabi_unwind_cpp_pr2
                0x0000000008007478                __aeabi_unwind_cpp_pr1
                0x000000000800747c                __aeabi_unwind_cpp_pr0
                0x0000000008007480                _Unwind_VRS_Pop
                0x00000000080076bc                _Unwind_GetCFA
                0x00000000080076c0                __gnu_Unwind_RaiseException
                0x0000000008007720                __gnu_Unwind_ForcedUnwind
                0x0000000008007736                __gnu_Unwind_Resume
                0x0000000008007772                __gnu_Unwind_Resume_or_Rethrow
                0x0000000008007780                _Unwind_Complete
                0x0000000008007782                _Unwind_DeleteException
                0x0000000008007790                __gnu_Unwind_Backtrace
 .text          0x0000000008007800      0x1ac /opt/paparazzi/arm-multilib/lib/gcc/arm-none-eabi/4.6.2/thumb2/libgcc.a(libunwind.o)
                0x0000000008007800                __restore_core_regs
                0x0000000008007800                restore_core_regs
                0x0000000008007818                __gnu_Unwind_Restore_VFP
                0x0000000008007820                __gnu_Unwind_Save_VFP
                0x0000000008007828                __gnu_Unwind_Restore_VFP_D
                0x0000000008007830                __gnu_Unwind_Save_VFP_D
                0x0000000008007838                __gnu_Unwind_Restore_VFP_D_16_to_31
                0x0000000008007840                __gnu_Unwind_Save_VFP_D_16_to_31
                0x0000000008007848                __gnu_Unwind_Restore_WMMXD
                0x000000000800788c                __gnu_Unwind_Save_WMMXD
                0x00000000080078d0                __gnu_Unwind_Restore_WMMXC
                0x00000000080078e4                __gnu_Unwind_Save_WMMXC
                0x00000000080078f8                ___Unwind_RaiseException
                0x00000000080078f8                _Unwind_RaiseException
                0x000000000800791c                ___Unwind_Resume
                0x000000000800791c                _Unwind_Resume
                0x0000000008007940                _Unwind_Resume_or_Rethrow
                0x0000000008007940                ___Unwind_Resume_or_Rethrow
                0x0000000008007964                ___Unwind_ForcedUnwind
                0x0000000008007964                _Unwind_ForcedUnwind
                0x0000000008007988                _Unwind_Backtrace
                0x0000000008007988                ___Unwind_Backtrace
 .text          0x00000000080079ac      0x302 /opt/paparazzi/arm-multilib/lib/gcc/arm-none-eabi/4.6.2/thumb2/libgcc.a(pr-support.o)
                0x00000000080079f2                __gnu_unwind_execute
                0x0000000008007c5c                __gnu_unwind_frame
                0x0000000008007c84                _Unwind_GetRegionStart
                0x0000000008007c8e                _Unwind_GetLanguageSpecificData
                0x0000000008007ca2                _Unwind_GetDataRelBase
                0x0000000008007ca8                _Unwind_GetTextRelBase
 .text          0x0000000008007cae      0x30a /opt/paparazzi/arm-multilib/lib/gcc/arm-none-eabi/4.6.2/thumb2/libgcc.a(_divdi3.o)
                0x0000000008007cae                __divdi3
 .text          0x0000000008007fb8      0x2d2 /opt/paparazzi/arm-multilib/lib/gcc/arm-none-eabi/4.6.2/thumb2/libgcc.a(_udivdi3.o)
                0x0000000008007fb8                __udivdi3
 *fill*         0x000000000800828a        0x2 00
 .text          0x000000000800828c       0xac /opt/paparazzi/arm-multilib/lib/gcc/arm-none-eabi/4.6.2/thumb2/libgcc.a(_udivsi3.o)
                0x000000000800828c                __udivsi3
                0x000000000800828c                __aeabi_uidiv
                0x000000000800831c                __aeabi_uidivmod
 .text          0x0000000008008338        0xc /opt/paparazzi/arm-multilib/lib/gcc/arm-none-eabi/4.6.2/../../../../arm-none-eabi/lib/thumb2/libc.a(lib_a-errno.o)
                0x0000000008008338                __errno
 *(.text.*)
 .text.startup.main
                0x0000000008008344     0xefa0 /home/uav/paparazzi/var/Quad_LisaM_2/ap/firmwares/rotorcraft/main.o
                0x0000000008008344                main
 .text.mcu_init
                0x00000000080172e4       0xe8 /home/uav/paparazzi/var/Quad_LisaM_2/ap/mcu.o
                0x00000000080172e4                mcu_init
 .text.mcu_arch_init
                0x00000000080173cc       0x16 /home/uav/paparazzi/var/Quad_LisaM_2/ap/arch/stm32/mcu_arch.o
                0x00000000080173cc                mcu_arch_init
 .text.enu_of_ecef_point_i
                0x00000000080173e2       0x62 /home/uav/paparazzi/var/Quad_LisaM_2/ap/math/pprz_geodetic_int.o
                0x00000000080173e2                enu_of_ecef_point_i
 .text.ned_of_ecef_point_i
                0x0000000008017444       0x1a /home/uav/paparazzi/var/Quad_LisaM_2/ap/math/pprz_geodetic_int.o
                0x0000000008017444                ned_of_ecef_point_i
 .text.enu_of_ecef_vect_i
                0x000000000801745e       0x5a /home/uav/paparazzi/var/Quad_LisaM_2/ap/math/pprz_geodetic_int.o
                0x000000000801745e                enu_of_ecef_vect_i
 .text.ned_of_ecef_vect_i
                0x00000000080174b8       0x1a /home/uav/paparazzi/var/Quad_LisaM_2/ap/math/pprz_geodetic_int.o
                0x00000000080174b8                ned_of_ecef_vect_i
 *fill*         0x00000000080174d2        0x6 00
 .text.lla_of_ecef_i
                0x00000000080174d8       0xa0 /home/uav/paparazzi/var/Quad_LisaM_2/ap/math/pprz_geodetic_int.o
                0x00000000080174d8                lla_of_ecef_i
 .text.ltp_def_from_ecef_i
                0x0000000008017578      0x11c /home/uav/paparazzi/var/Quad_LisaM_2/ap/math/pprz_geodetic_int.o
                0x0000000008017578                ltp_def_from_ecef_i
 *fill*         0x0000000008017694        0x4 00
 .text.ecef_of_lla_i
                0x0000000008017698       0x98 /home/uav/paparazzi/var/Quad_LisaM_2/ap/math/pprz_geodetic_int.o
                0x0000000008017698                ecef_of_lla_i
 .text.enu_of_lla_point_i
                0x0000000008017730       0x1e /home/uav/paparazzi/var/Quad_LisaM_2/ap/math/pprz_geodetic_int.o
                0x0000000008017730                enu_of_lla_point_i
 *fill*         0x000000000801774e        0x2 00
 .text.lla_of_ecef_d
                0x0000000008017750      0x388 /home/uav/paparazzi/var/Quad_LisaM_2/ap/math/pprz_geodetic_double.o
                0x0000000008017750                lla_of_ecef_d
 .text.ecef_of_lla_d
                0x0000000008017ad8      0x100 /home/uav/paparazzi/var/Quad_LisaM_2/ap/math/pprz_geodetic_double.o
                0x0000000008017ad8                ecef_of_lla_d
 .text.abort    0x0000000008017bd8        0x2 /home/uav/paparazzi/var/Quad_LisaM_2/ap/lisa/plug_sys.o
                0x0000000008017bd8                abort
 .text.nmi_exception
                0x0000000008017bda        0x2 /home/uav/paparazzi/var/Quad_LisaM_2/ap/arch/stm32/stm32_exceptions.o
                0x0000000008017bda                nmi_exception
 .text.hard_fault_exception
                0x0000000008017bdc        0x2 /home/uav/paparazzi/var/Quad_LisaM_2/ap/arch/stm32/stm32_exceptions.o
                0x0000000008017bdc                hard_fault_exception
 .text.mem_manage_exception
                0x0000000008017bde        0x2 /home/uav/paparazzi/var/Quad_LisaM_2/ap/arch/stm32/stm32_exceptions.o
                0x0000000008017bde                mem_manage_exception
 .text.bus_fault_exception
                0x0000000008017be0        0x2 /home/uav/paparazzi/var/Quad_LisaM_2/ap/arch/stm32/stm32_exceptions.o
                0x0000000008017be0                bus_fault_exception
 .text.usage_fault_exception
                0x0000000008017be2        0x2 /home/uav/paparazzi/var/Quad_LisaM_2/ap/arch/stm32/stm32_exceptions.o
                0x0000000008017be2                usage_fault_exception
 .text.null_handler
                0x0000000008017be4        0x2 /home/uav/paparazzi/var/Quad_LisaM_2/ap/arch/stm32/stm32_vector_table.o
                0x0000000008017be4                null_handler
 *fill*         0x0000000008017be6        0x2 00
 .text.reset_handler_stage2
                0x0000000008017be8       0x3c /home/uav/paparazzi/var/Quad_LisaM_2/ap/arch/stm32/stm32_vector_table.o
                0x0000000008017be8                reset_handler_stage2
 .text.reset_handler_stage1
                0x0000000008017c24       0x24 /home/uav/paparazzi/var/Quad_LisaM_2/ap/arch/stm32/stm32_vector_table.o
                0x0000000008017c24                reset_handler_stage1
 .text.sys_time_register_timer
                0x0000000008017c48       0x58 /home/uav/paparazzi/var/Quad_LisaM_2/ap/mcu_periph/sys_time.o
                0x0000000008017c48                sys_time_register_timer
 .text.sys_time_init
                0x0000000008017ca0       0x34 /home/uav/paparazzi/var/Quad_LisaM_2/ap/mcu_periph/sys_time.o
                0x0000000008017ca0                sys_time_init
 .text.sys_time_arch_init
                0x0000000008017cd4       0x28 /home/uav/paparazzi/var/Quad_LisaM_2/ap/arch/stm32/mcu_periph/sys_time_arch.o
                0x0000000008017cd4                sys_time_arch_init
 .text.sys_tick_irq_handler
                0x0000000008017cfc       0x80 /home/uav/paparazzi/var/Quad_LisaM_2/ap/arch/stm32/mcu_periph/sys_time_arch.o
                0x0000000008017cfc                sys_tick_irq_handler
 .text.settings_init
                0x0000000008017d7c        0x2 /home/uav/paparazzi/var/Quad_LisaM_2/ap/subsystems/settings.o
                0x0000000008017d7c                settings_init
 .text.uart_periph_init
                0x0000000008017d7e       0x18 /home/uav/paparazzi/var/Quad_LisaM_2/ap/mcu_periph/uart.o
                0x0000000008017d7e                uart_periph_init
 .text.uart_check_free_space
                0x0000000008017d96       0x28 /home/uav/paparazzi/var/Quad_LisaM_2/ap/mcu_periph/uart.o
                0x0000000008017d96                uart_check_free_space
 .text.usart_irq_handler
                0x0000000008017dbe       0x7e /home/uav/paparazzi/var/Quad_LisaM_2/ap/arch/stm32/mcu_periph/uart_arch.o
 .text.uart_periph_set_baudrate
                0x0000000008017e3c       0x52 /home/uav/paparazzi/var/Quad_LisaM_2/ap/arch/stm32/mcu_periph/uart_arch.o
                0x0000000008017e3c                uart_periph_set_baudrate
 .text.uart_transmit
                0x0000000008017e8e       0x60 /home/uav/paparazzi/var/Quad_LisaM_2/ap/arch/stm32/mcu_periph/uart_arch.o
                0x0000000008017e8e                uart_transmit
 *fill*         0x0000000008017eee        0x2 00
 .text.uart2_init
                0x0000000008017ef0       0x88 /home/uav/paparazzi/var/Quad_LisaM_2/ap/arch/stm32/mcu_periph/uart_arch.o
                0x0000000008017ef0                uart2_init
 .text.usart2_irq_handler
                0x0000000008017f78        0xc /home/uav/paparazzi/var/Quad_LisaM_2/ap/arch/stm32/mcu_periph/uart_arch.o
                0x0000000008017f78                usart2_irq_handler
 .text.uart3_init
                0x0000000008017f84       0xa0 /home/uav/paparazzi/var/Quad_LisaM_2/ap/arch/stm32/mcu_periph/uart_arch.o
                0x0000000008017f84                uart3_init
 .text.usart3_irq_handler
                0x0000000008018024        0xc /home/uav/paparazzi/var/Quad_LisaM_2/ap/arch/stm32/mcu_periph/uart_arch.o
                0x0000000008018024                usart3_irq_handler
 .text.i2c2_init
                0x0000000008018030       0x18 /home/uav/paparazzi/var/Quad_LisaM_2/ap/mcu_periph/i2c.o
                0x0000000008018030                i2c2_init
 .text.i2c_delay
                0x0000000008018048       0x16 /home/uav/paparazzi/var/Quad_LisaM_2/ap/arch/stm32/mcu_periph/i2c_arch.o
 *fill*         0x000000000801805e        0x2 00
 .text.i2c_hard_reset.constprop.6
                0x0000000008018060      0x138 /home/uav/paparazzi/var/Quad_LisaM_2/ap/arch/stm32/mcu_periph/i2c_arch.o
 .text.abort_and_reset.constprop.4
                0x0000000008018198       0x84 /home/uav/paparazzi/var/Quad_LisaM_2/ap/arch/stm32/mcu_periph/i2c_arch.o
 .text.i2c_event
                0x000000000801821c        0x2 /home/uav/paparazzi/var/Quad_LisaM_2/ap/arch/stm32/mcu_periph/i2c_arch.o
                0x000000000801821c                i2c_event
 *fill*         0x000000000801821e        0x2 00
 .text.i2c2_hw_init
                0x0000000008018220       0xb0 /home/uav/paparazzi/var/Quad_LisaM_2/ap/arch/stm32/mcu_periph/i2c_arch.o
                0x0000000008018220                i2c2_hw_init
 .text.i2c2_ev_irq_handler
                0x00000000080182d0      0x2f8 /home/uav/paparazzi/var/Quad_LisaM_2/ap/arch/stm32/mcu_periph/i2c_arch.o
                0x00000000080182d0                i2c2_ev_irq_handler
 .text.i2c2_er_irq_handler
                0x00000000080185c8      0x100 /home/uav/paparazzi/var/Quad_LisaM_2/ap/arch/stm32/mcu_periph/i2c_arch.o
                0x00000000080185c8                i2c2_er_irq_handler
 .text.i2c_idle
                0x00000000080186c8       0x16 /home/uav/paparazzi/var/Quad_LisaM_2/ap/arch/stm32/mcu_periph/i2c_arch.o
                0x00000000080186c8                i2c_idle
 .text.i2c_submit
                0x00000000080186de       0x5a /home/uav/paparazzi/var/Quad_LisaM_2/ap/arch/stm32/mcu_periph/i2c_arch.o
                0x00000000080186de                i2c_submit
 .text.bmp085_read_reg16
                0x0000000008018738       0x20 /home/uav/paparazzi/var/Quad_LisaM_2/ap/boards/lisa_m/baro_board.o
 .text.bmp085_read_reg16_blocking
                0x0000000008018758       0x2c /home/uav/paparazzi/var/Quad_LisaM_2/ap/boards/lisa_m/baro_board.o
 .text.bmp085_write_reg.constprop.0
                0x0000000008018784       0x38 /home/uav/paparazzi/var/Quad_LisaM_2/ap/boards/lisa_m/baro_board.o
 .text.baro_init
                0x00000000080187bc       0x98 /home/uav/paparazzi/var/Quad_LisaM_2/ap/boards/lisa_m/baro_board.o
                0x00000000080187bc                baro_init
 .text.baro_periodic
                0x0000000008018854       0xac /home/uav/paparazzi/var/Quad_LisaM_2/ap/boards/lisa_m/baro_board.o
                0x0000000008018854                baro_periodic
 .text.adc_buf_channel
                0x0000000008018900       0x10 /home/uav/paparazzi/var/Quad_LisaM_2/ap/arch/stm32/mcu_periph/adc_arch.o
                0x0000000008018900                adc_buf_channel
 .text.adc_init
                0x0000000008018910      0x180 /home/uav/paparazzi/var/Quad_LisaM_2/ap/arch/stm32/mcu_periph/adc_arch.o
                0x0000000008018910                adc_init
 .text.adc1_2_irq_handler
                0x0000000008018a90       0x68 /home/uav/paparazzi/var/Quad_LisaM_2/ap/arch/stm32/mcu_periph/adc_arch.o
                0x0000000008018a90                adc1_2_irq_handler
 .text.electrical_init
                0x0000000008018af8       0x1c /home/uav/paparazzi/var/Quad_LisaM_2/ap/subsystems/electrical.o
                0x0000000008018af8                electrical_init
 *fill*         0x0000000008018b14        0x4 00
 .text.electrical_periodic
                0x0000000008018b18       0x40 /home/uav/paparazzi/var/Quad_LisaM_2/ap/subsystems/electrical.o
                0x0000000008018b18                electrical_periodic
 .text.autopilot_init
                0x0000000008018b58       0x70 /home/uav/paparazzi/var/Quad_LisaM_2/ap/firmwares/rotorcraft/autopilot.o
                0x0000000008018b58                autopilot_init
 .text.autopilot_periodic
                0x0000000008018bc8       0x78 /home/uav/paparazzi/var/Quad_LisaM_2/ap/firmwares/rotorcraft/autopilot.o
                0x0000000008018bc8                autopilot_periodic
 .text.autopilot_set_motors_on
                0x0000000008018c40       0x3c /home/uav/paparazzi/var/Quad_LisaM_2/ap/firmwares/rotorcraft/autopilot.o
                0x0000000008018c40                autopilot_set_motors_on
 .text.autopilot_set_mode
                0x0000000008018c7c       0xcc /home/uav/paparazzi/var/Quad_LisaM_2/ap/firmwares/rotorcraft/autopilot.o
                0x0000000008018c7c                autopilot_set_mode
 .text.autopilot_on_rc_frame
                0x0000000008018d48      0x1ac /home/uav/paparazzi/var/Quad_LisaM_2/ap/firmwares/rotorcraft/autopilot.o
                0x0000000008018d48                autopilot_on_rc_frame
 .text.stabilization_init
                0x0000000008018ef4       0x12 /home/uav/paparazzi/var/Quad_LisaM_2/ap/firmwares/rotorcraft/stabilization.o
                0x0000000008018ef4                stabilization_init
 *fill*         0x0000000008018f06        0x2 00
 .text.stabilization_none_init
                0x0000000008018f08       0x10 /home/uav/paparazzi/var/Quad_LisaM_2/ap/firmwares/rotorcraft/stabilization/stabilization_none.o
                0x0000000008018f08                stabilization_none_init
 .text.stabilization_none_read_rc
                0x0000000008018f18       0x20 /home/uav/paparazzi/var/Quad_LisaM_2/ap/firmwares/rotorcraft/stabilization/stabilization_none.o
                0x0000000008018f18                stabilization_none_read_rc
 .text.stabilization_none_enter
                0x0000000008018f38       0x10 /home/uav/paparazzi/var/Quad_LisaM_2/ap/firmwares/rotorcraft/stabilization/stabilization_none.o
                0x0000000008018f38                stabilization_none_enter
 .text.stabilization_none_run
                0x0000000008018f48       0x1c /home/uav/paparazzi/var/Quad_LisaM_2/ap/firmwares/rotorcraft/stabilization/stabilization_none.o
                0x0000000008018f48                stabilization_none_run
 .text.stabilization_rate_init
                0x0000000008018f64       0x68 /home/uav/paparazzi/var/Quad_LisaM_2/ap/firmwares/rotorcraft/stabilization/stabilization_rate.o
                0x0000000008018f64                stabilization_rate_init
 .text.stabilization_rate_read_rc
                0x0000000008018fcc       0x90 /home/uav/paparazzi/var/Quad_LisaM_2/ap/firmwares/rotorcraft/stabilization/stabilization_rate.o
                0x0000000008018fcc                stabilization_rate_read_rc
 .text.stabilization_rate_enter
                0x000000000801905c       0x28 /home/uav/paparazzi/var/Quad_LisaM_2/ap/firmwares/rotorcraft/stabilization/stabilization_rate.o
                0x000000000801905c                stabilization_rate_enter
 .text.stabilization_rate_run
                0x0000000008019084      0x1ec /home/uav/paparazzi/var/Quad_LisaM_2/ap/firmwares/rotorcraft/stabilization/stabilization_rate.o
                0x0000000008019084                stabilization_rate_run
 .text.guidance_h_nav_enter
                0x0000000008019270       0xbc /home/uav/paparazzi/var/Quad_LisaM_2/ap/firmwares/rotorcraft/guidance/guidance_h.o
 *fill*         0x000000000801932c        0x4 00
 .text.guidance_h_traj_run
                0x0000000008019330      0x640 /home/uav/paparazzi/var/Quad_LisaM_2/ap/firmwares/rotorcraft/guidance/guidance_h.o
 .text.stabilization_attitude_read_rc_setpoint_eulers.constprop.4
                0x0000000008019970       0x8c /home/uav/paparazzi/var/Quad_LisaM_2/ap/firmwares/rotorcraft/guidance/guidance_h.o
 .text.guidance_h_update_reference.constprop.5
                0x00000000080199fc       0x2c /home/uav/paparazzi/var/Quad_LisaM_2/ap/firmwares/rotorcraft/guidance/guidance_h.o
 .text.guidance_h_init
                0x0000000008019a28       0x5c /home/uav/paparazzi/var/Quad_LisaM_2/ap/firmwares/rotorcraft/guidance/guidance_h.o
                0x0000000008019a28                guidance_h_init
 .text.guidance_h_mode_changed
                0x0000000008019a84       0x88 /home/uav/paparazzi/var/Quad_LisaM_2/ap/firmwares/rotorcraft/guidance/guidance_h.o
                0x0000000008019a84                guidance_h_mode_changed
 .text.guidance_h_read_rc
                0x0000000008019b0c       0x44 /home/uav/paparazzi/var/Quad_LisaM_2/ap/firmwares/rotorcraft/guidance/guidance_h.o
                0x0000000008019b0c                guidance_h_read_rc
 .text.guidance_h_run
                0x0000000008019b50      0x374 /home/uav/paparazzi/var/Quad_LisaM_2/ap/firmwares/rotorcraft/guidance/guidance_h.o
                0x0000000008019b50                guidance_h_run
 .text.guidance_v_init
                0x0000000008019ec4       0x4c /home/uav/paparazzi/var/Quad_LisaM_2/ap/firmwares/rotorcraft/guidance/guidance_v.o
                0x0000000008019ec4                guidance_v_init
 .text.guidance_v_read_rc
                0x0000000008019f10       0x50 /home/uav/paparazzi/var/Quad_LisaM_2/ap/firmwares/rotorcraft/guidance/guidance_v.o
                0x0000000008019f10                guidance_v_read_rc
 .text.guidance_v_mode_changed
                0x0000000008019f60       0xbc /home/uav/paparazzi/var/Quad_LisaM_2/ap/firmwares/rotorcraft/guidance/guidance_v.o
                0x0000000008019f60                guidance_v_mode_changed
 *fill*         0x000000000801a01c        0x4 00
 .text.guidance_v_run
                0x000000000801a020     0x1108 /home/uav/paparazzi/var/Quad_LisaM_2/ap/firmwares/rotorcraft/guidance/guidance_v.o
                0x000000000801a020                guidance_v_run
 .text.ins_init
                0x000000000801b128       0x78 /home/uav/paparazzi/var/Quad_LisaM_2/ap/subsystems/ins.o
                0x000000000801b128                ins_init
 .text.ins_propagate
                0x000000000801b1a0      0x178 /home/uav/paparazzi/var/Quad_LisaM_2/ap/subsystems/ins.o
                0x000000000801b1a0                ins_propagate
 .text.ins_update_baro
                0x000000000801b318       0xe8 /home/uav/paparazzi/var/Quad_LisaM_2/ap/subsystems/ins.o
                0x000000000801b318                ins_update_baro
 .text.ins_update_gps
                0x000000000801b400       0xd0 /home/uav/paparazzi/var/Quad_LisaM_2/ap/subsystems/ins.o
                0x000000000801b400                ins_update_gps
 .text.vff_init
                0x000000000801b4d0       0x38 /home/uav/paparazzi/var/Quad_LisaM_2/ap/subsystems/ins/vf_float.o
                0x000000000801b4d0                vff_init
 .text.vff_propagate
                0x000000000801b508      0x2a0 /home/uav/paparazzi/var/Quad_LisaM_2/ap/subsystems/ins/vf_float.o
                0x000000000801b508                vff_propagate
 .text.vff_update
                0x000000000801b7a8      0x198 /home/uav/paparazzi/var/Quad_LisaM_2/ap/subsystems/ins/vf_float.o
                0x000000000801b7a8                vff_update
 .text.vff_realign
                0x000000000801b940       0x14 /home/uav/paparazzi/var/Quad_LisaM_2/ap/subsystems/ins/vf_float.o
                0x000000000801b940                vff_realign
 *fill*         0x000000000801b954        0x4 00
 .text.nav_init
                0x000000000801b958      0x130 /home/uav/paparazzi/var/Quad_LisaM_2/ap/firmwares/rotorcraft/navigation.o
                0x000000000801b958                nav_init
 .text.nav_run  0x000000000801ba88       0xe0 /home/uav/paparazzi/var/Quad_LisaM_2/ap/firmwares/rotorcraft/navigation.o
                0x000000000801ba88                nav_run
 .text.nav_circle
                0x000000000801bb68      0x1f8 /home/uav/paparazzi/var/Quad_LisaM_2/ap/firmwares/rotorcraft/navigation.o
                0x000000000801bb68                nav_circle
 .text.nav_route
                0x000000000801bd60       0xe4 /home/uav/paparazzi/var/Quad_LisaM_2/ap/firmwares/rotorcraft/navigation.o
                0x000000000801bd60                nav_route
 .text.nav_approaching_from
                0x000000000801be44       0xa0 /home/uav/paparazzi/var/Quad_LisaM_2/ap/firmwares/rotorcraft/navigation.o
                0x000000000801be44                nav_approaching_from
 .text.nav_reset_reference
                0x000000000801bee4       0x20 /home/uav/paparazzi/var/Quad_LisaM_2/ap/firmwares/rotorcraft/navigation.o
                0x000000000801bee4                nav_reset_reference
 .text.nav_init_stage
                0x000000000801bf04       0x38 /home/uav/paparazzi/var/Quad_LisaM_2/ap/firmwares/rotorcraft/navigation.o
                0x000000000801bf04                nav_init_stage
 .text.nav_detect_ground
                0x000000000801bf3c       0x14 /home/uav/paparazzi/var/Quad_LisaM_2/ap/firmwares/rotorcraft/navigation.o
                0x000000000801bf3c                nav_detect_ground
 .text.nav_periodic_task
                0x000000000801bf50      0x524 /home/uav/paparazzi/var/Quad_LisaM_2/ap/firmwares/rotorcraft/navigation.o
                0x000000000801bf50                nav_periodic_task
 .text.nav_init_block
                0x000000000801c474       0x28 /home/uav/paparazzi/var/Quad_LisaM_2/ap/subsystems/navigation/common_flight_plan.o
                0x000000000801c474                nav_init_block
 .text.nav_goto_block
                0x000000000801c49c       0x2c /home/uav/paparazzi/var/Quad_LisaM_2/ap/subsystems/navigation/common_flight_plan.o
                0x000000000801c49c                nav_goto_block
 .text.DelayUs  0x000000000801c4c8       0x18 /home/uav/paparazzi/var/Quad_LisaM_2/ap/arch/stm32/subsystems/radio_control/spektrum_arch.o
 .text.RadioControlEventImp
                0x000000000801c4e0      0x130 /home/uav/paparazzi/var/Quad_LisaM_2/ap/arch/stm32/subsystems/radio_control/spektrum_arch.o
                0x000000000801c4e0                RadioControlEventImp
 .text.SpektrumTimerInit
                0x000000000801c610       0x74 /home/uav/paparazzi/var/Quad_LisaM_2/ap/arch/stm32/subsystems/radio_control/spektrum_arch.o
                0x000000000801c610                SpektrumTimerInit
 .text.tim6_irq_handler
                0x000000000801c684       0x2c /home/uav/paparazzi/var/Quad_LisaM_2/ap/arch/stm32/subsystems/radio_control/spektrum_arch.o
                0x000000000801c684                tim6_irq_handler
 .text.SpektrumUartInit
                0x000000000801c6b0      0x120 /home/uav/paparazzi/var/Quad_LisaM_2/ap/arch/stm32/subsystems/radio_control/spektrum_arch.o
                0x000000000801c6b0                SpektrumUartInit
 .text.radio_control_impl_init
                0x000000000801c7d0        0xe /home/uav/paparazzi/var/Quad_LisaM_2/ap/arch/stm32/subsystems/radio_control/spektrum_arch.o
                0x000000000801c7d0                radio_control_impl_init
 *fill*         0x000000000801c7de        0x2 00
 .text.usart1_irq_handler
                0x000000000801c7e0      0x11c /home/uav/paparazzi/var/Quad_LisaM_2/ap/arch/stm32/subsystems/radio_control/spektrum_arch.o
                0x000000000801c7e0                usart1_irq_handler
 .text.usart5_irq_handler
                0x000000000801c8fc      0x108 /home/uav/paparazzi/var/Quad_LisaM_2/ap/arch/stm32/subsystems/radio_control/spektrum_arch.o
                0x000000000801c8fc                usart5_irq_handler
 .text.radio_control_spektrum_try_bind
                0x000000000801ca04      0x12c /home/uav/paparazzi/var/Quad_LisaM_2/ap/arch/stm32/subsystems/radio_control/spektrum_arch.o
                0x000000000801ca04                radio_control_spektrum_try_bind
 .text.supervision_init
                0x000000000801cb30       0x30 /home/uav/paparazzi/var/Quad_LisaM_2/ap/firmwares/rotorcraft/actuators/supervision.o
                0x000000000801cb30                supervision_init
 .text.supervision_run
                0x000000000801cb60      0x154 /home/uav/paparazzi/var/Quad_LisaM_2/ap/firmwares/rotorcraft/actuators/supervision.o
                0x000000000801cb60                supervision_run
 .text.actuators_init
                0x000000000801ccb4        0xe /home/uav/paparazzi/var/Quad_LisaM_2/ap/firmwares/rotorcraft/actuators/actuators_pwm_supervision.o
                0x000000000801ccb4                actuators_init
 *fill*         0x000000000801ccc2        0x2 00
 .text.actuators_set
                0x000000000801ccc4       0x34 /home/uav/paparazzi/var/Quad_LisaM_2/ap/firmwares/rotorcraft/actuators/actuators_pwm_supervision.o
                0x000000000801ccc4                actuators_set
 .text.actuators_pwm_arch_init
                0x000000000801ccf8      0x19c /home/uav/paparazzi/var/Quad_LisaM_2/ap/firmwares/rotorcraft/actuators/arch/stm32/actuators_pwm_arch.o
                0x000000000801ccf8                actuators_pwm_arch_init
 .text.actuators_pwm_commit
                0x000000000801ce94       0x5c /home/uav/paparazzi/var/Quad_LisaM_2/ap/firmwares/rotorcraft/actuators/arch/stm32/actuators_pwm_arch.o
                0x000000000801ce94                actuators_pwm_commit
 .text.dl_parse_msg
                0x000000000801cef0      0x8a0 /home/uav/paparazzi/var/Quad_LisaM_2/ap/firmwares/rotorcraft/datalink.o
                0x000000000801cef0                dl_parse_msg
 .text.imu_init
                0x000000000801d790      0x188 /home/uav/paparazzi/var/Quad_LisaM_2/ap/subsystems/imu.o
                0x000000000801d790                imu_init
 .text.mpu_wait_slave4_ready
                0x000000000801d918       0x34 /home/uav/paparazzi/var/Quad_LisaM_2/ap/subsystems/imu/imu_aspirin2.o
 .text.mpu_set  0x000000000801d94c       0x20 /home/uav/paparazzi/var/Quad_LisaM_2/ap/subsystems/imu/imu_aspirin2.o
 .text.imu_impl_init
                0x000000000801d96c       0x28 /home/uav/paparazzi/var/Quad_LisaM_2/ap/subsystems/imu/imu_aspirin2.o
                0x000000000801d96c                imu_impl_init
 .text.imu_periodic
                0x000000000801d994       0xf8 /home/uav/paparazzi/var/Quad_LisaM_2/ap/subsystems/imu/imu_aspirin2.o
                0x000000000801d994                imu_periodic
 .text.spi_arch_int_enable
                0x000000000801da8c       0x18 /home/uav/paparazzi/var/Quad_LisaM_2/ap/arch/stm32/mcu_periph/spi_arch.o
                0x000000000801da8c                spi_arch_int_enable
 .text.spi_init
                0x000000000801daa4       0xb8 /home/uav/paparazzi/var/Quad_LisaM_2/ap/arch/stm32/mcu_periph/spi_arch.o
                0x000000000801daa4                spi_init
 .text.spi_rw   0x000000000801db5c       0xe0 /home/uav/paparazzi/var/Quad_LisaM_2/ap/arch/stm32/mcu_periph/spi_arch.o
                0x000000000801db5c                spi_rw
 .text.dma1_c4_irq_handler
                0x000000000801dc3c       0x78 /home/uav/paparazzi/var/Quad_LisaM_2/ap/arch/stm32/mcu_periph/spi_arch.o
                0x000000000801dc3c                dma1_c4_irq_handler
 .text.gps_init
                0x000000000801dcb4       0x1c /home/uav/paparazzi/var/Quad_LisaM_2/ap/subsystems/gps.o
                0x000000000801dcb4                gps_init
 .text.gps_impl_init
                0x000000000801dcd0       0x1c /home/uav/paparazzi/var/Quad_LisaM_2/ap/subsystems/gps/gps_ubx.o
                0x000000000801dcd0                gps_impl_init
 *fill*         0x000000000801dcec        0x4 00
 .text.gps_ubx_read_message
                0x000000000801dcf0      0x3c0 /home/uav/paparazzi/var/Quad_LisaM_2/ap/subsystems/gps/gps_ubx.o
                0x000000000801dcf0                gps_ubx_read_message
 .text.gps_ubx_parse
                0x000000000801e0b0      0x104 /home/uav/paparazzi/var/Quad_LisaM_2/ap/subsystems/gps/gps_ubx.o
                0x000000000801e0b0                gps_ubx_parse
 .text.stabilization_attitude_ref_init
                0x000000000801e1b4       0x54 /home/uav/paparazzi/var/Quad_LisaM_2/ap/firmwares/rotorcraft/stabilization/stabilization_attitude_ref_quat_int.o
                0x000000000801e1b4                stabilization_attitude_ref_init
 .text.stabilization_attitude_ref_enter
                0x000000000801e208      0x2f4 /home/uav/paparazzi/var/Quad_LisaM_2/ap/firmwares/rotorcraft/stabilization/stabilization_attitude_ref_quat_int.o
                0x000000000801e208                stabilization_attitude_ref_enter
 .text.stabilization_attitude_ref_update
                0x000000000801e4fc      0x33c /home/uav/paparazzi/var/Quad_LisaM_2/ap/firmwares/rotorcraft/stabilization/stabilization_attitude_ref_quat_int.o
                0x000000000801e4fc                stabilization_attitude_ref_update
 .text.stabilization_attitude_init
                0x000000000801e838       0x28 /home/uav/paparazzi/var/Quad_LisaM_2/ap/firmwares/rotorcraft/stabilization/stabilization_attitude_quat_int.o
                0x000000000801e838                stabilization_attitude_init
 .text.stabilization_attitude_enter
                0x000000000801e860       0x38 /home/uav/paparazzi/var/Quad_LisaM_2/ap/firmwares/rotorcraft/stabilization/stabilization_attitude_quat_int.o
                0x000000000801e860                stabilization_attitude_enter
 .text.stabilization_attitude_run
                0x000000000801e898      0x5b8 /home/uav/paparazzi/var/Quad_LisaM_2/ap/firmwares/rotorcraft/stabilization/stabilization_attitude_quat_int.o
                0x000000000801e898                stabilization_attitude_run
 .text.stabilization_attitude_read_rc
                0x000000000801ee50      0x224 /home/uav/paparazzi/var/Quad_LisaM_2/ap/firmwares/rotorcraft/stabilization/stabilization_attitude_quat_int.o
                0x000000000801ee50                stabilization_attitude_read_rc
 .text.ahrs_init
                0x000000000801f074      0x15c /home/uav/paparazzi/var/Quad_LisaM_2/ap/subsystems/ahrs/ahrs_int_cmpl_quat.o
                0x000000000801f074                ahrs_init
 .text.ahrs_align
                0x000000000801f1d0      0xa60 /home/uav/paparazzi/var/Quad_LisaM_2/ap/subsystems/ahrs/ahrs_int_cmpl_quat.o
                0x000000000801f1d0                ahrs_align
 .text.ahrs_propagate
                0x000000000801fc30      0x558 /home/uav/paparazzi/var/Quad_LisaM_2/ap/subsystems/ahrs/ahrs_int_cmpl_quat.o
                0x000000000801fc30                ahrs_propagate
 .text.ahrs_update_accel
                0x0000000008020188      0x1f8 /home/uav/paparazzi/var/Quad_LisaM_2/ap/subsystems/ahrs/ahrs_int_cmpl_quat.o
                0x0000000008020188                ahrs_update_accel
 .text.ahrs_update_mag
                0x0000000008020380       0xd4 /home/uav/paparazzi/var/Quad_LisaM_2/ap/subsystems/ahrs/ahrs_int_cmpl_quat.o
                0x0000000008020380                ahrs_update_mag
 .text.ahrs_aligner_init
                0x0000000008020454       0x40 /home/uav/paparazzi/var/Quad_LisaM_2/ap/subsystems/ahrs/ahrs_aligner.o
                0x0000000008020454                ahrs_aligner_init
 .text.ahrs_aligner_run
                0x0000000008020494      0x1ac /home/uav/paparazzi/var/Quad_LisaM_2/ap/subsystems/ahrs/ahrs_aligner.o
                0x0000000008020494                ahrs_aligner_run
 .text.ADC_Init
                0x0000000008020640       0x48 /opt/paparazzi/arm-multilib/lib/gcc/arm-none-eabi/4.6.2/../../../../arm-none-eabi/lib/libstm32.a(stm32_adc.o)
                0x0000000008020640                ADC_Init
 .text.ADC_Cmd  0x0000000008020688       0x12 /opt/paparazzi/arm-multilib/lib/gcc/arm-none-eabi/4.6.2/../../../../arm-none-eabi/lib/libstm32.a(stm32_adc.o)
                0x0000000008020688                ADC_Cmd
 .text.ADC_ITConfig
                0x000000000802069a       0x12 /opt/paparazzi/arm-multilib/lib/gcc/arm-none-eabi/4.6.2/../../../../arm-none-eabi/lib/libstm32.a(stm32_adc.o)
                0x000000000802069a                ADC_ITConfig
 .text.ADC_ResetCalibration
                0x00000000080206ac        0xa /opt/paparazzi/arm-multilib/lib/gcc/arm-none-eabi/4.6.2/../../../../arm-none-eabi/lib/libstm32.a(stm32_adc.o)
                0x00000000080206ac                ADC_ResetCalibration
 .text.ADC_GetResetCalibrationStatus
                0x00000000080206b6        0x8 /opt/paparazzi/arm-multilib/lib/gcc/arm-none-eabi/4.6.2/../../../../arm-none-eabi/lib/libstm32.a(stm32_adc.o)
                0x00000000080206b6                ADC_GetResetCalibrationStatus
 .text.ADC_StartCalibration
                0x00000000080206be        0xa /opt/paparazzi/arm-multilib/lib/gcc/arm-none-eabi/4.6.2/../../../../arm-none-eabi/lib/libstm32.a(stm32_adc.o)
                0x00000000080206be                ADC_StartCalibration
 .text.ADC_GetCalibrationStatus
                0x00000000080206c8        0x8 /opt/paparazzi/arm-multilib/lib/gcc/arm-none-eabi/4.6.2/../../../../arm-none-eabi/lib/libstm32.a(stm32_adc.o)
                0x00000000080206c8                ADC_GetCalibrationStatus
 .text.ADC_ExternalTrigInjectedConvConfig
                0x00000000080206d0        0xc /opt/paparazzi/arm-multilib/lib/gcc/arm-none-eabi/4.6.2/../../../../arm-none-eabi/lib/libstm32.a(stm32_adc.o)
                0x00000000080206d0                ADC_ExternalTrigInjectedConvConfig
 .text.ADC_ExternalTrigInjectedConvCmd
                0x00000000080206dc       0x12 /opt/paparazzi/arm-multilib/lib/gcc/arm-none-eabi/4.6.2/../../../../arm-none-eabi/lib/libstm32.a(stm32_adc.o)
                0x00000000080206dc                ADC_ExternalTrigInjectedConvCmd
 .text.ADC_InjectedChannelConfig
                0x00000000080206ee       0x58 /opt/paparazzi/arm-multilib/lib/gcc/arm-none-eabi/4.6.2/../../../../arm-none-eabi/lib/libstm32.a(stm32_adc.o)
                0x00000000080206ee                ADC_InjectedChannelConfig
 .text.ADC_InjectedSequencerLengthConfig
                0x0000000008020746       0x10 /opt/paparazzi/arm-multilib/lib/gcc/arm-none-eabi/4.6.2/../../../../arm-none-eabi/lib/libstm32.a(stm32_adc.o)
                0x0000000008020746                ADC_InjectedSequencerLengthConfig
 .text.ADC_GetInjectedConversionValue
                0x0000000008020756        0x8 /opt/paparazzi/arm-multilib/lib/gcc/arm-none-eabi/4.6.2/../../../../arm-none-eabi/lib/libstm32.a(stm32_adc.o)
                0x0000000008020756                ADC_GetInjectedConversionValue
 .text.ADC_ClearITPendingBit
                0x000000000802075e        0x8 /opt/paparazzi/arm-multilib/lib/gcc/arm-none-eabi/4.6.2/../../../../arm-none-eabi/lib/libstm32.a(stm32_adc.o)
                0x000000000802075e                ADC_ClearITPendingBit
 *fill*         0x0000000008020766        0x2 00
 .text.TIM_TimeBaseInit
                0x0000000008020768       0x3c /opt/paparazzi/arm-multilib/lib/gcc/arm-none-eabi/4.6.2/../../../../arm-none-eabi/lib/libstm32.a(stm32_tim.o)
                0x0000000008020768                TIM_TimeBaseInit
 .text.TIM_OC1Init
                0x00000000080207a4       0x74 /opt/paparazzi/arm-multilib/lib/gcc/arm-none-eabi/4.6.2/../../../../arm-none-eabi/lib/libstm32.a(stm32_tim.o)
                0x00000000080207a4                TIM_OC1Init
 .text.TIM_OC2Init
                0x0000000008020818       0x88 /opt/paparazzi/arm-multilib/lib/gcc/arm-none-eabi/4.6.2/../../../../arm-none-eabi/lib/libstm32.a(stm32_tim.o)
                0x0000000008020818                TIM_OC2Init
 .text.TIM_OC3Init
                0x00000000080208a0       0x84 /opt/paparazzi/arm-multilib/lib/gcc/arm-none-eabi/4.6.2/../../../../arm-none-eabi/lib/libstm32.a(stm32_tim.o)
                0x00000000080208a0                TIM_OC3Init
 .text.TIM_OC4Init
                0x0000000008020924       0x68 /opt/paparazzi/arm-multilib/lib/gcc/arm-none-eabi/4.6.2/../../../../arm-none-eabi/lib/libstm32.a(stm32_tim.o)
                0x0000000008020924                TIM_OC4Init
 .text.TIM_TimeBaseStructInit
                0x000000000802098c       0x12 /opt/paparazzi/arm-multilib/lib/gcc/arm-none-eabi/4.6.2/../../../../arm-none-eabi/lib/libstm32.a(stm32_tim.o)
                0x000000000802098c                TIM_TimeBaseStructInit
 .text.TIM_Cmd  0x000000000802099e       0x18 /opt/paparazzi/arm-multilib/lib/gcc/arm-none-eabi/4.6.2/../../../../arm-none-eabi/lib/libstm32.a(stm32_tim.o)
                0x000000000802099e                TIM_Cmd
 .text.TIM_CtrlPWMOutputs
                0x00000000080209b6       0x1c /opt/paparazzi/arm-multilib/lib/gcc/arm-none-eabi/4.6.2/../../../../arm-none-eabi/lib/libstm32.a(stm32_tim.o)
                0x00000000080209b6                TIM_CtrlPWMOutputs
 .text.TIM_ITConfig
                0x00000000080209d2       0x12 /opt/paparazzi/arm-multilib/lib/gcc/arm-none-eabi/4.6.2/../../../../arm-none-eabi/lib/libstm32.a(stm32_tim.o)
                0x00000000080209d2                TIM_ITConfig
 .text.TIM_ARRPreloadConfig
                0x00000000080209e4       0x18 /opt/paparazzi/arm-multilib/lib/gcc/arm-none-eabi/4.6.2/../../../../arm-none-eabi/lib/libstm32.a(stm32_tim.o)
                0x00000000080209e4                TIM_ARRPreloadConfig
 .text.TIM_OC1PreloadConfig
                0x00000000080209fc       0x10 /opt/paparazzi/arm-multilib/lib/gcc/arm-none-eabi/4.6.2/../../../../arm-none-eabi/lib/libstm32.a(stm32_tim.o)
                0x00000000080209fc                TIM_OC1PreloadConfig
 .text.TIM_OC2PreloadConfig
                0x0000000008020a0c       0x14 /opt/paparazzi/arm-multilib/lib/gcc/arm-none-eabi/4.6.2/../../../../arm-none-eabi/lib/libstm32.a(stm32_tim.o)
                0x0000000008020a0c                TIM_OC2PreloadConfig
 .text.TIM_OC3PreloadConfig
                0x0000000008020a20       0x10 /opt/paparazzi/arm-multilib/lib/gcc/arm-none-eabi/4.6.2/../../../../arm-none-eabi/lib/libstm32.a(stm32_tim.o)
                0x0000000008020a20                TIM_OC3PreloadConfig
 .text.TIM_OC4PreloadConfig
                0x0000000008020a30       0x14 /opt/paparazzi/arm-multilib/lib/gcc/arm-none-eabi/4.6.2/../../../../arm-none-eabi/lib/libstm32.a(stm32_tim.o)
                0x0000000008020a30                TIM_OC4PreloadConfig
 .text.TIM_SelectOutputTrigger
                0x0000000008020a44       0x16 /opt/paparazzi/arm-multilib/lib/gcc/arm-none-eabi/4.6.2/../../../../arm-none-eabi/lib/libstm32.a(stm32_tim.o)
                0x0000000008020a44                TIM_SelectOutputTrigger
 .text.TIM_SetCompare1
                0x0000000008020a5a        0x4 /opt/paparazzi/arm-multilib/lib/gcc/arm-none-eabi/4.6.2/../../../../arm-none-eabi/lib/libstm32.a(stm32_tim.o)
                0x0000000008020a5a                TIM_SetCompare1
 .text.TIM_SetCompare2
                0x0000000008020a5e        0x4 /opt/paparazzi/arm-multilib/lib/gcc/arm-none-eabi/4.6.2/../../../../arm-none-eabi/lib/libstm32.a(stm32_tim.o)
                0x0000000008020a5e                TIM_SetCompare2
 .text.TIM_SetCompare3
                0x0000000008020a62        0x4 /opt/paparazzi/arm-multilib/lib/gcc/arm-none-eabi/4.6.2/../../../../arm-none-eabi/lib/libstm32.a(stm32_tim.o)
                0x0000000008020a62                TIM_SetCompare3
 .text.TIM_SetCompare4
                0x0000000008020a66        0x6 /opt/paparazzi/arm-multilib/lib/gcc/arm-none-eabi/4.6.2/../../../../arm-none-eabi/lib/libstm32.a(stm32_tim.o)
                0x0000000008020a66                TIM_SetCompare4
 .text.TIM_ClearFlag
                0x0000000008020a6c        0x8 /opt/paparazzi/arm-multilib/lib/gcc/arm-none-eabi/4.6.2/../../../../arm-none-eabi/lib/libstm32.a(stm32_tim.o)
                0x0000000008020a6c                TIM_ClearFlag
 .text.TIM_ClearITPendingBit
                0x0000000008020a74        0x8 /opt/paparazzi/arm-multilib/lib/gcc/arm-none-eabi/4.6.2/../../../../arm-none-eabi/lib/libstm32.a(stm32_tim.o)
                0x0000000008020a74                TIM_ClearITPendingBit
 .text.DMA_DeInit
                0x0000000008020a7c       0xe8 /opt/paparazzi/arm-multilib/lib/gcc/arm-none-eabi/4.6.2/../../../../arm-none-eabi/lib/libstm32.a(stm32_dma.o)
                0x0000000008020a7c                DMA_DeInit
 .text.DMA_Init
                0x0000000008020b64       0x3c /opt/paparazzi/arm-multilib/lib/gcc/arm-none-eabi/4.6.2/../../../../arm-none-eabi/lib/libstm32.a(stm32_dma.o)
                0x0000000008020b64                DMA_Init
 .text.DMA_Cmd  0x0000000008020ba0       0x12 /opt/paparazzi/arm-multilib/lib/gcc/arm-none-eabi/4.6.2/../../../../arm-none-eabi/lib/libstm32.a(stm32_dma.o)
                0x0000000008020ba0                DMA_Cmd
 .text.DMA_ITConfig
                0x0000000008020bb2       0x10 /opt/paparazzi/arm-multilib/lib/gcc/arm-none-eabi/4.6.2/../../../../arm-none-eabi/lib/libstm32.a(stm32_dma.o)
                0x0000000008020bb2                DMA_ITConfig
 *fill*         0x0000000008020bc2        0x2 00
 .text.DMA_GetITStatus
                0x0000000008020bc4       0x1c /opt/paparazzi/arm-multilib/lib/gcc/arm-none-eabi/4.6.2/../../../../arm-none-eabi/lib/libstm32.a(stm32_dma.o)
                0x0000000008020bc4                DMA_GetITStatus
 .text.DMA_ClearITPendingBit
                0x0000000008020be0       0x14 /opt/paparazzi/arm-multilib/lib/gcc/arm-none-eabi/4.6.2/../../../../arm-none-eabi/lib/libstm32.a(stm32_dma.o)
                0x0000000008020be0                DMA_ClearITPendingBit
 .text.GPIO_Init
                0x0000000008020bf4       0xaa /opt/paparazzi/arm-multilib/lib/gcc/arm-none-eabi/4.6.2/../../../../arm-none-eabi/lib/libstm32.a(stm32_gpio.o)
                0x0000000008020bf4                GPIO_Init
 .text.GPIO_ReadInputDataBit
                0x0000000008020c9e        0xc /opt/paparazzi/arm-multilib/lib/gcc/arm-none-eabi/4.6.2/../../../../arm-none-eabi/lib/libstm32.a(stm32_gpio.o)
                0x0000000008020c9e                GPIO_ReadInputDataBit
 .text.GPIO_SetBits
                0x0000000008020caa        0x4 /opt/paparazzi/arm-multilib/lib/gcc/arm-none-eabi/4.6.2/../../../../arm-none-eabi/lib/libstm32.a(stm32_gpio.o)
                0x0000000008020caa                GPIO_SetBits
 .text.GPIO_ResetBits
                0x0000000008020cae        0x4 /opt/paparazzi/arm-multilib/lib/gcc/arm-none-eabi/4.6.2/../../../../arm-none-eabi/lib/libstm32.a(stm32_gpio.o)
                0x0000000008020cae                GPIO_ResetBits
 .text.GPIO_WriteBit
                0x0000000008020cb2        0xa /opt/paparazzi/arm-multilib/lib/gcc/arm-none-eabi/4.6.2/../../../../arm-none-eabi/lib/libstm32.a(stm32_gpio.o)
                0x0000000008020cb2                GPIO_WriteBit
 .text.GPIO_PinRemapConfig
                0x0000000008020cbc       0x54 /opt/paparazzi/arm-multilib/lib/gcc/arm-none-eabi/4.6.2/../../../../arm-none-eabi/lib/libstm32.a(stm32_gpio.o)
                0x0000000008020cbc                GPIO_PinRemapConfig
 .text.USART_Init
                0x0000000008020d10       0x8c /opt/paparazzi/arm-multilib/lib/gcc/arm-none-eabi/4.6.2/../../../../arm-none-eabi/lib/libstm32.a(stm32_usart.o)
                0x0000000008020d10                USART_Init
 .text.USART_Cmd
                0x0000000008020d9c       0x18 /opt/paparazzi/arm-multilib/lib/gcc/arm-none-eabi/4.6.2/../../../../arm-none-eabi/lib/libstm32.a(stm32_usart.o)
                0x0000000008020d9c                USART_Cmd
 .text.USART_ITConfig
                0x0000000008020db4       0x32 /opt/paparazzi/arm-multilib/lib/gcc/arm-none-eabi/4.6.2/../../../../arm-none-eabi/lib/libstm32.a(stm32_usart.o)
                0x0000000008020db4                USART_ITConfig
 .text.USART_SendData
                0x0000000008020de6        0x8 /opt/paparazzi/arm-multilib/lib/gcc/arm-none-eabi/4.6.2/../../../../arm-none-eabi/lib/libstm32.a(stm32_usart.o)
                0x0000000008020de6                USART_SendData
 .text.USART_ReceiveData
                0x0000000008020dee        0x8 /opt/paparazzi/arm-multilib/lib/gcc/arm-none-eabi/4.6.2/../../../../arm-none-eabi/lib/libstm32.a(stm32_usart.o)
                0x0000000008020dee                USART_ReceiveData
 .text.USART_GetITStatus
                0x0000000008020df6       0x3e /opt/paparazzi/arm-multilib/lib/gcc/arm-none-eabi/4.6.2/../../../../arm-none-eabi/lib/libstm32.a(stm32_usart.o)
                0x0000000008020df6                USART_GetITStatus
 .text.I2C_DeInit
                0x0000000008020e34       0x40 /opt/paparazzi/arm-multilib/lib/gcc/arm-none-eabi/4.6.2/../../../../arm-none-eabi/lib/libstm32.a(stm32_i2c.o)
                0x0000000008020e34                I2C_DeInit
 .text.I2C_Init
                0x0000000008020e74       0xd0 /opt/paparazzi/arm-multilib/lib/gcc/arm-none-eabi/4.6.2/../../../../arm-none-eabi/lib/libstm32.a(stm32_i2c.o)
                0x0000000008020e74                I2C_Init
 .text.I2C_Cmd  0x0000000008020f44       0x18 /opt/paparazzi/arm-multilib/lib/gcc/arm-none-eabi/4.6.2/../../../../arm-none-eabi/lib/libstm32.a(stm32_i2c.o)
                0x0000000008020f44                I2C_Cmd
 .text.I2C_GenerateSTART
                0x0000000008020f5c       0x18 /opt/paparazzi/arm-multilib/lib/gcc/arm-none-eabi/4.6.2/../../../../arm-none-eabi/lib/libstm32.a(stm32_i2c.o)
                0x0000000008020f5c                I2C_GenerateSTART
 .text.I2C_GenerateSTOP
                0x0000000008020f74       0x18 /opt/paparazzi/arm-multilib/lib/gcc/arm-none-eabi/4.6.2/../../../../arm-none-eabi/lib/libstm32.a(stm32_i2c.o)
                0x0000000008020f74                I2C_GenerateSTOP
 .text.I2C_AcknowledgeConfig
                0x0000000008020f8c       0x18 /opt/paparazzi/arm-multilib/lib/gcc/arm-none-eabi/4.6.2/../../../../arm-none-eabi/lib/libstm32.a(stm32_i2c.o)
                0x0000000008020f8c                I2C_AcknowledgeConfig
 .text.I2C_ITConfig
                0x0000000008020fa4       0x12 /opt/paparazzi/arm-multilib/lib/gcc/arm-none-eabi/4.6.2/../../../../arm-none-eabi/lib/libstm32.a(stm32_i2c.o)
                0x0000000008020fa4                I2C_ITConfig
 .text.I2C_SendData
                0x0000000008020fb6        0x4 /opt/paparazzi/arm-multilib/lib/gcc/arm-none-eabi/4.6.2/../../../../arm-none-eabi/lib/libstm32.a(stm32_i2c.o)
                0x0000000008020fb6                I2C_SendData
 .text.I2C_ReceiveData
                0x0000000008020fba        0x6 /opt/paparazzi/arm-multilib/lib/gcc/arm-none-eabi/4.6.2/../../../../arm-none-eabi/lib/libstm32.a(stm32_i2c.o)
                0x0000000008020fba                I2C_ReceiveData
 .text.I2C_Send7bitAddress
                0x0000000008020fc0       0x10 /opt/paparazzi/arm-multilib/lib/gcc/arm-none-eabi/4.6.2/../../../../arm-none-eabi/lib/libstm32.a(stm32_i2c.o)
                0x0000000008020fc0                I2C_Send7bitAddress
 .text.I2C_SoftwareResetCmd
                0x0000000008020fd0       0x18 /opt/paparazzi/arm-multilib/lib/gcc/arm-none-eabi/4.6.2/../../../../arm-none-eabi/lib/libstm32.a(stm32_i2c.o)
                0x0000000008020fd0                I2C_SoftwareResetCmd
 .text.I2C_GetLastEvent
                0x0000000008020fe8       0x10 /opt/paparazzi/arm-multilib/lib/gcc/arm-none-eabi/4.6.2/../../../../arm-none-eabi/lib/libstm32.a(stm32_i2c.o)
                0x0000000008020fe8                I2C_GetLastEvent
 .text.I2C_GetFlagStatus
                0x0000000008020ff8       0x34 /opt/paparazzi/arm-multilib/lib/gcc/arm-none-eabi/4.6.2/../../../../arm-none-eabi/lib/libstm32.a(stm32_i2c.o)
                0x0000000008020ff8                I2C_GetFlagStatus
 .text.I2C_GetITStatus
                0x000000000802102c       0x1c /opt/paparazzi/arm-multilib/lib/gcc/arm-none-eabi/4.6.2/../../../../arm-none-eabi/lib/libstm32.a(stm32_i2c.o)
                0x000000000802102c                I2C_GetITStatus
 .text.I2C_ClearITPendingBit
                0x0000000008021048        0x8 /opt/paparazzi/arm-multilib/lib/gcc/arm-none-eabi/4.6.2/../../../../arm-none-eabi/lib/libstm32.a(stm32_i2c.o)
                0x0000000008021048                I2C_ClearITPendingBit
 .text.SPI_Init
                0x0000000008021050       0x3e /opt/paparazzi/arm-multilib/lib/gcc/arm-none-eabi/4.6.2/../../../../arm-none-eabi/lib/libstm32.a(stm32_spi.o)
                0x0000000008021050                SPI_Init
 .text.SPI_Cmd  0x000000000802108e       0x18 /opt/paparazzi/arm-multilib/lib/gcc/arm-none-eabi/4.6.2/../../../../arm-none-eabi/lib/libstm32.a(stm32_spi.o)
                0x000000000802108e                SPI_Cmd
 .text.SPI_I2S_DMACmd
                0x00000000080210a6       0x12 /opt/paparazzi/arm-multilib/lib/gcc/arm-none-eabi/4.6.2/../../../../arm-none-eabi/lib/libstm32.a(stm32_spi.o)
                0x00000000080210a6                SPI_I2S_DMACmd
 .text.RCC_ADCCLKConfig
                0x00000000080210b8       0x14 /opt/paparazzi/arm-multilib/lib/gcc/arm-none-eabi/4.6.2/../../../../arm-none-eabi/lib/libstm32.a(stm32_rcc.o)
                0x00000000080210b8                RCC_ADCCLKConfig
 .text.RCC_GetClocksFreq
                0x00000000080210cc       0x8c /opt/paparazzi/arm-multilib/lib/gcc/arm-none-eabi/4.6.2/../../../../arm-none-eabi/lib/libstm32.a(stm32_rcc.o)
                0x00000000080210cc                RCC_GetClocksFreq
 .text.RCC_AHBPeriphClockCmd
                0x0000000008021158       0x18 /opt/paparazzi/arm-multilib/lib/gcc/arm-none-eabi/4.6.2/../../../../arm-none-eabi/lib/libstm32.a(stm32_rcc.o)
                0x0000000008021158                RCC_AHBPeriphClockCmd
 .text.RCC_APB2PeriphClockCmd
                0x0000000008021170       0x18 /opt/paparazzi/arm-multilib/lib/gcc/arm-none-eabi/4.6.2/../../../../arm-none-eabi/lib/libstm32.a(stm32_rcc.o)
                0x0000000008021170                RCC_APB2PeriphClockCmd
 .text.RCC_APB1PeriphClockCmd
                0x0000000008021188       0x18 /opt/paparazzi/arm-multilib/lib/gcc/arm-none-eabi/4.6.2/../../../../arm-none-eabi/lib/libstm32.a(stm32_rcc.o)
                0x0000000008021188                RCC_APB1PeriphClockCmd
 .text.RCC_APB1PeriphResetCmd
                0x00000000080211a0       0x18 /opt/paparazzi/arm-multilib/lib/gcc/arm-none-eabi/4.6.2/../../../../arm-none-eabi/lib/libstm32.a(stm32_rcc.o)
                0x00000000080211a0                RCC_APB1PeriphResetCmd
 .text.NVIC_PriorityGroupConfig
                0x00000000080211b8       0x14 /opt/paparazzi/arm-multilib/lib/gcc/arm-none-eabi/4.6.2/../../../../arm-none-eabi/lib/libstm32.a(stm32_misc.o)
                0x00000000080211b8                NVIC_PriorityGroupConfig
 .text.NVIC_Init
                0x00000000080211cc       0x64 /opt/paparazzi/arm-multilib/lib/gcc/arm-none-eabi/4.6.2/../../../../arm-none-eabi/lib/libstm32.a(stm32_misc.o)
                0x00000000080211cc                NVIC_Init
 .text.NVIC_SetVectorTable
                0x0000000008021230       0x14 /opt/paparazzi/arm-multilib/lib/gcc/arm-none-eabi/4.6.2/../../../../arm-none-eabi/lib/libstm32.a(stm32_misc.o)
                0x0000000008021230                NVIC_SetVectorTable
 .text.rcc_wait_for_osc_ready
                0x0000000008021244       0x4c /opt/paparazzi/arm-multilib/lib/gcc/arm-none-eabi/4.6.2/../../../../arm-none-eabi/lib/libopencm3_stm32.a(rcc.o)
                0x0000000008021244                rcc_wait_for_osc_ready
 .text.rcc_osc_on
                0x0000000008021290       0x4c /opt/paparazzi/arm-multilib/lib/gcc/arm-none-eabi/4.6.2/../../../../arm-none-eabi/lib/libopencm3_stm32.a(rcc.o)
                0x0000000008021290                rcc_osc_on
 .text.rcc_set_sysclk_source
                0x00000000080212dc       0x14 /opt/paparazzi/arm-multilib/lib/gcc/arm-none-eabi/4.6.2/../../../../arm-none-eabi/lib/libopencm3_stm32.a(rcc.o)
                0x00000000080212dc                rcc_set_sysclk_source
 .text.rcc_set_pll_multiplication_factor
                0x00000000080212f0       0x14 /opt/paparazzi/arm-multilib/lib/gcc/arm-none-eabi/4.6.2/../../../../arm-none-eabi/lib/libopencm3_stm32.a(rcc.o)
                0x00000000080212f0                rcc_set_pll_multiplication_factor
 .text.rcc_set_pll_source
                0x0000000008021304       0x14 /opt/paparazzi/arm-multilib/lib/gcc/arm-none-eabi/4.6.2/../../../../arm-none-eabi/lib/libopencm3_stm32.a(rcc.o)
                0x0000000008021304                rcc_set_pll_source
 .text.rcc_set_pllxtpre
                0x0000000008021318       0x14 /opt/paparazzi/arm-multilib/lib/gcc/arm-none-eabi/4.6.2/../../../../arm-none-eabi/lib/libopencm3_stm32.a(rcc.o)
                0x0000000008021318                rcc_set_pllxtpre
 .text.rcc_set_adcpre
                0x000000000802132c       0x14 /opt/paparazzi/arm-multilib/lib/gcc/arm-none-eabi/4.6.2/../../../../arm-none-eabi/lib/libopencm3_stm32.a(rcc.o)
                0x000000000802132c                rcc_set_adcpre
 .text.rcc_set_ppre2
                0x0000000008021340       0x14 /opt/paparazzi/arm-multilib/lib/gcc/arm-none-eabi/4.6.2/../../../../arm-none-eabi/lib/libopencm3_stm32.a(rcc.o)
                0x0000000008021340                rcc_set_ppre2
 .text.rcc_set_ppre1
                0x0000000008021354       0x14 /opt/paparazzi/arm-multilib/lib/gcc/arm-none-eabi/4.6.2/../../../../arm-none-eabi/lib/libopencm3_stm32.a(rcc.o)
                0x0000000008021354                rcc_set_ppre1
 .text.rcc_set_hpre
                0x0000000008021368       0x14 /opt/paparazzi/arm-multilib/lib/gcc/arm-none-eabi/4.6.2/../../../../arm-none-eabi/lib/libopencm3_stm32.a(rcc.o)
                0x0000000008021368                rcc_set_hpre
 .text.rcc_clock_setup_in_hse_12mhz_out_72mhz
                0x000000000802137c       0x88 /opt/paparazzi/arm-multilib/lib/gcc/arm-none-eabi/4.6.2/../../../../arm-none-eabi/lib/libopencm3_stm32.a(rcc.o)
                0x000000000802137c                rcc_clock_setup_in_hse_12mhz_out_72mhz
 .text.usart_set_baudrate
                0x0000000008021404       0x24 /opt/paparazzi/arm-multilib/lib/gcc/arm-none-eabi/4.6.2/../../../../arm-none-eabi/lib/libopencm3_stm32.a(usart.o)
                0x0000000008021404                usart_set_baudrate
 .text.flash_set_ws
                0x0000000008021428       0x14 /opt/paparazzi/arm-multilib/lib/gcc/arm-none-eabi/4.6.2/../../../../arm-none-eabi/lib/libopencm3_stm32.a(flash.o)
                0x0000000008021428                flash_set_ws
 *(.rodata)
 .rodata        0x000000000802143c        0x4 /home/uav/paparazzi/var/Quad_LisaM_2/ap/arch/stm32/mcu_periph/spi_arch.o
 .rodata        0x0000000008021440       0x40 /opt/paparazzi/arm-multilib/lib/gcc/arm-none-eabi/4.6.2/../../../../arm-none-eabi/lib/thumb2/libm.a(lib_a-s_atan.o)
 .rodata        0x0000000008021480       0x10 /opt/paparazzi/arm-multilib/lib/gcc/arm-none-eabi/4.6.2/../../../../arm-none-eabi/lib/thumb2/libm.a(lib_a-s_rint.o)
 .rodata        0x0000000008021490       0x20 /opt/paparazzi/arm-multilib/lib/gcc/arm-none-eabi/4.6.2/../../../../arm-none-eabi/lib/thumb2/libm.a(lib_a-sf_atan.o)
 .rodata        0x00000000080214b0       0x30 /opt/paparazzi/arm-multilib/lib/gcc/arm-none-eabi/4.6.2/../../../../arm-none-eabi/lib/thumb2/libm.a(lib_a-e_pow.o)
 .rodata        0x00000000080214e0      0x188 /opt/paparazzi/arm-multilib/lib/gcc/arm-none-eabi/4.6.2/../../../../arm-none-eabi/lib/thumb2/libm.a(lib_a-e_rem_pio2.o)
 .rodata        0x0000000008021668      0x398 /opt/paparazzi/arm-multilib/lib/gcc/arm-none-eabi/4.6.2/../../../../arm-none-eabi/lib/thumb2/libm.a(lib_a-ef_rem_pio2.o)
 .rodata        0x0000000008021a00       0x50 /opt/paparazzi/arm-multilib/lib/gcc/arm-none-eabi/4.6.2/../../../../arm-none-eabi/lib/thumb2/libm.a(lib_a-k_rem_pio2.o)
 .rodata        0x0000000008021a50       0x38 /opt/paparazzi/arm-multilib/lib/gcc/arm-none-eabi/4.6.2/../../../../arm-none-eabi/lib/thumb2/libm.a(lib_a-kf_rem_pio2.o)
 *(.rodata*)
 .rodata.str1.1
                0x0000000008021a88       0x11 /home/uav/paparazzi/var/Quad_LisaM_2/ap/firmwares/rotorcraft/main.o
 *fill*         0x0000000008021a99        0x3 00
 .rodata.commands_failsafe
                0x0000000008021a9c       0x10 /home/uav/paparazzi/var/Quad_LisaM_2/ap/firmwares/rotorcraft/commands.o
                0x0000000008021a9c                commands_failsafe
 .rodata.nb_waypoint
                0x0000000008021aac        0x1 /home/uav/paparazzi/var/Quad_LisaM_2/ap/firmwares/rotorcraft/navigation.o
                0x0000000008021aac                nb_waypoint
 *fill*         0x0000000008021aad        0x3 00
 .rodata.yaw_coef
                0x0000000008021ab0       0x10 /home/uav/paparazzi/var/Quad_LisaM_2/ap/firmwares/rotorcraft/actuators/supervision.o
 .rodata.thrust_coef
                0x0000000008021ac0       0x10 /home/uav/paparazzi/var/Quad_LisaM_2/ap/firmwares/rotorcraft/actuators/supervision.o
 .rodata.pitch_coef
                0x0000000008021ad0       0x10 /home/uav/paparazzi/var/Quad_LisaM_2/ap/firmwares/rotorcraft/actuators/supervision.o
 .rodata.roll_coef
                0x0000000008021ae0       0x10 /home/uav/paparazzi/var/Quad_LisaM_2/ap/firmwares/rotorcraft/actuators/supervision.o
 .rodata.str1.1
                0x0000000008021af0        0x4 /opt/paparazzi/arm-multilib/lib/gcc/arm-none-eabi/4.6.2/../../../../arm-none-eabi/lib/thumb2/libm.a(lib_a-w_pow.o)
 .rodata.str1.1
                0x0000000008021af4        0x5 /opt/paparazzi/arm-multilib/lib/gcc/arm-none-eabi/4.6.2/../../../../arm-none-eabi/lib/thumb2/libm.a(lib_a-w_sqrt.o)
 .rodata.str1.1
                0x0000000008021af9        0x6 /opt/paparazzi/arm-multilib/lib/gcc/arm-none-eabi/4.6.2/../../../../arm-none-eabi/lib/thumb2/libm.a(lib_a-wf_asin.o)
                                          0x7 (size before relaxing)
 .rodata.str1.1
                0x0000000008021aff        0x6 /opt/paparazzi/arm-multilib/lib/gcc/arm-none-eabi/4.6.2/../../../../arm-none-eabi/lib/thumb2/libm.a(lib_a-wf_sqrt.o)
 .rodata.str1.1
                0x0000000000000000        0x1 /opt/paparazzi/arm-multilib/lib/gcc/arm-none-eabi/4.6.2/../../../../arm-none-eabi/lib/thumb2/libm.a(lib_a-e_pow.o)
 .rodata.str1.1
                0x0000000008021b05        0x2 /opt/paparazzi/arm-multilib/lib/gcc/arm-none-eabi/4.6.2/../../../../arm-none-eabi/lib/thumb2/libc.a(lib_a-impure.o)
 *(.glue_7)
 .glue_7        0x0000000000000000        0x0 linker stubs
 *(.glue_7t)
 .glue_7t       0x0000000000000000        0x0 linker stubs
                0x0000000008021b08                . = ALIGN (0x4)
 *fill*         0x0000000008021b07        0x1 00
                0x0000000008021b08                _etext = .
                0x0000000008021b08                _sidata = _etext

.vfp11_veneer   0x0000000008021b08        0x0
 .vfp11_veneer  0x0000000000000000        0x0 linker stubs

.v4_bx          0x0000000008021b08        0x0
 .v4_bx         0x0000000000000000        0x0 linker stubs

.data           0x0000000020000000     0x37ac load address 0x0000000008021b08
                0x0000000020000000                . = ALIGN (0x4)
                0x0000000020000000                _sdata = .
 *(.data)
 .data          0x0000000020000000        0x1 /opt/paparazzi/arm-multilib/lib/gcc/arm-none-eabi/4.6.2/../../../../arm-none-eabi/lib/thumb2/libm.a(lib_a-s_lib_ver.o)
                0x0000000020000000                __fdlib_version
 *fill*         0x0000000020000001        0x7 00
 .data          0x0000000020000008      0x430 /opt/paparazzi/arm-multilib/lib/gcc/arm-none-eabi/4.6.2/../../../../arm-none-eabi/lib/thumb2/libc.a(lib_a-impure.o)
                0x0000000020000008                _impure_ptr
 *(.data.*)
 .data.pprz_trig_int
                0x0000000020000438     0x3244 /home/uav/paparazzi/var/Quad_LisaM_2/ap/math/pprz_trig_int.o
                0x0000000020000438                pprz_trig_int
 .data.I2C2_InitStruct
                0x000000002000367c       0x10 /home/uav/paparazzi/var/Quad_LisaM_2/ap/arch/stm32/mcu_periph/i2c_arch.o
 .data.waypoints_float
                0x000000002000368c       0x78 /home/uav/paparazzi/var/Quad_LisaM_2/ap/firmwares/rotorcraft/navigation.o
                0x000000002000368c                waypoints_float
 .data.SpektrumSigns
                0x0000000020003704        0xc /home/uav/paparazzi/var/Quad_LisaM_2/ap/arch/stm32/subsystems/radio_control/spektrum_arch.o
                0x0000000020003704                SpektrumSigns
 .data.PrimarySpektrumState
                0x0000000020003710       0x28 /home/uav/paparazzi/var/Quad_LisaM_2/ap/arch/stm32/subsystems/radio_control/spektrum_arch.o
                0x0000000020003710                PrimarySpektrumState
 .data.SecondarySpektrumState
                0x0000000020003738       0x28 /home/uav/paparazzi/var/Quad_LisaM_2/ap/arch/stm32/subsystems/radio_control/spektrum_arch.o
                0x0000000020003738                SecondarySpektrumState
 .data.stabilization_gains
                0x0000000020003760       0x30 /home/uav/paparazzi/var/Quad_LisaM_2/ap/firmwares/rotorcraft/stabilization/stabilization_attitude_quat_int.o
                0x0000000020003760                stabilization_gains
 .data.ADCPrescTable
                0x0000000020003790        0x4 /opt/paparazzi/arm-multilib/lib/gcc/arm-none-eabi/4.6.2/../../../../arm-none-eabi/lib/libstm32.a(stm32_rcc.o)
 .data.APBAHBPrescTable
                0x0000000020003794       0x10 /opt/paparazzi/arm-multilib/lib/gcc/arm-none-eabi/4.6.2/../../../../arm-none-eabi/lib/libstm32.a(stm32_rcc.o)
 .data.rcc_ppre1_frequency
                0x00000000200037a4        0x4 /opt/paparazzi/arm-multilib/lib/gcc/arm-none-eabi/4.6.2/../../../../arm-none-eabi/lib/libopencm3_stm32.a(rcc.o)
                0x00000000200037a4                rcc_ppre1_frequency
 .data.rcc_ppre2_frequency
                0x00000000200037a8        0x4 /opt/paparazzi/arm-multilib/lib/gcc/arm-none-eabi/4.6.2/../../../../arm-none-eabi/lib/libopencm3_stm32.a(rcc.o)
                0x00000000200037a8                rcc_ppre2_frequency
                0x00000000200037ac                . = ALIGN (0x4)
                0x00000000200037ac                _edata = .

.bss            0x00000000200037b0     0x17b4 load address 0x00000000080252b8
                0x00000000200037b0                . = ALIGN (0x4)
                0x00000000200037b0                _sbss = .
 *(.dynbss)
 *(.bss .bss.* .gnu.linkonce.b.*)
 .bss.i6.5407   0x00000000200037b0        0x1 /home/uav/paparazzi/var/Quad_LisaM_2/ap/firmwares/rotorcraft/main.o
 .bss.i.5330    0x00000000200037b1        0x1 /home/uav/paparazzi/var/Quad_LisaM_2/ap/firmwares/rotorcraft/main.o
 .bss.i72.6724  0x00000000200037b2        0x1 /home/uav/paparazzi/var/Quad_LisaM_2/ap/firmwares/rotorcraft/main.o
 .bss.i30.5802  0x00000000200037b3        0x1 /home/uav/paparazzi/var/Quad_LisaM_2/ap/firmwares/rotorcraft/main.o
 .bss.i96.4723  0x00000000200037b4        0x1 /home/uav/paparazzi/var/Quad_LisaM_2/ap/firmwares/rotorcraft/main.o
 .bss.i30.5288  0x00000000200037b5        0x1 /home/uav/paparazzi/var/Quad_LisaM_2/ap/firmwares/rotorcraft/main.o
 .bss.i.5594    0x00000000200037b6        0x1 /home/uav/paparazzi/var/Quad_LisaM_2/ap/firmwares/rotorcraft/main.o
 .bss.i72.5804  0x00000000200037b7        0x1 /home/uav/paparazzi/var/Quad_LisaM_2/ap/firmwares/rotorcraft/main.o
 .bss.i60.5096  0x00000000200037b8        0x1 /home/uav/paparazzi/var/Quad_LisaM_2/ap/firmwares/rotorcraft/main.o
 .bss.i54.6602  0x00000000200037b9        0x1 /home/uav/paparazzi/var/Quad_LisaM_2/ap/firmwares/rotorcraft/main.o
 .bss.i30.5095  0x00000000200037ba        0x1 /home/uav/paparazzi/var/Quad_LisaM_2/ap/firmwares/rotorcraft/main.o
 .bss.i.5209    0x00000000200037bb        0x1 /home/uav/paparazzi/var/Quad_LisaM_2/ap/firmwares/rotorcraft/main.o
 .bss.i.5939    0x00000000200037bc        0x1 /home/uav/paparazzi/var/Quad_LisaM_2/ap/firmwares/rotorcraft/main.o
 .bss.i54.6263  0x00000000200037bd        0x1 /home/uav/paparazzi/var/Quad_LisaM_2/ap/firmwares/rotorcraft/main.o
 .bss.i1.5513   0x00000000200037be        0x1 /home/uav/paparazzi/var/Quad_LisaM_2/ap/firmwares/rotorcraft/main.o
 .bss.i1.6601   0x00000000200037bf        0x1 /home/uav/paparazzi/var/Quad_LisaM_2/ap/firmwares/rotorcraft/main.o
 .bss.i6.5672   0x00000000200037c0        0x1 /home/uav/paparazzi/var/Quad_LisaM_2/ap/firmwares/rotorcraft/main.o
 .bss.i.4844    0x00000000200037c1        0x1 /home/uav/paparazzi/var/Quad_LisaM_2/ap/firmwares/rotorcraft/main.o
 .bss.i66.6723  0x00000000200037c2        0x1 /home/uav/paparazzi/var/Quad_LisaM_2/ap/firmwares/rotorcraft/main.o
 .bss.baro_tid  0x00000000200037c3        0x1 /home/uav/paparazzi/var/Quad_LisaM_2/ap/firmwares/rotorcraft/main.o
                0x00000000200037c3                baro_tid
 .bss.i54.6018  0x00000000200037c4        0x1 /home/uav/paparazzi/var/Quad_LisaM_2/ap/firmwares/rotorcraft/main.o
 .bss.i3.5094   0x00000000200037c5        0x1 /home/uav/paparazzi/var/Quad_LisaM_2/ap/firmwares/rotorcraft/main.o
 .bss.i3.6016   0x00000000200037c6        0x1 /home/uav/paparazzi/var/Quad_LisaM_2/ap/firmwares/rotorcraft/main.o
 .bss.i54.6644  0x00000000200037c7        0x1 /home/uav/paparazzi/var/Quad_LisaM_2/ap/firmwares/rotorcraft/main.o
 .bss.i306.6726
                0x00000000200037c8        0x2 /home/uav/paparazzi/var/Quad_LisaM_2/ap/firmwares/rotorcraft/main.o
 .bss.i72.6019  0x00000000200037ca        0x1 /home/uav/paparazzi/var/Quad_LisaM_2/ap/firmwares/rotorcraft/main.o
 .bss.i126.4724
                0x00000000200037cb        0x1 /home/uav/paparazzi/var/Quad_LisaM_2/ap/firmwares/rotorcraft/main.o
 .bss.i72.5289  0x00000000200037cc        0x1 /home/uav/paparazzi/var/Quad_LisaM_2/ap/firmwares/rotorcraft/main.o
 .bss.electrical_tid
                0x00000000200037cd        0x1 /home/uav/paparazzi/var/Quad_LisaM_2/ap/firmwares/rotorcraft/main.o
                0x00000000200037cd                electrical_tid
 .bss.i360.4726
                0x00000000200037ce        0x2 /home/uav/paparazzi/var/Quad_LisaM_2/ap/firmwares/rotorcraft/main.o
 .bss.i72.5159  0x00000000200037d0        0x1 /home/uav/paparazzi/var/Quad_LisaM_2/ap/firmwares/rotorcraft/main.o
 .bss.i6.5287   0x00000000200037d1        0x1 /home/uav/paparazzi/var/Quad_LisaM_2/ap/firmwares/rotorcraft/main.o
 .bss.i126.6725
                0x00000000200037d2        0x1 /home/uav/paparazzi/var/Quad_LisaM_2/ap/firmwares/rotorcraft/main.o
 .bss.i30.5158  0x00000000200037d3        0x1 /home/uav/paparazzi/var/Quad_LisaM_2/ap/firmwares/rotorcraft/main.o
 .bss.i72.6264  0x00000000200037d4        0x1 /home/uav/paparazzi/var/Quad_LisaM_2/ap/firmwares/rotorcraft/main.o
 .bss.i126.5290
                0x00000000200037d5        0x1 /home/uav/paparazzi/var/Quad_LisaM_2/ap/firmwares/rotorcraft/main.o
 .bss.radio_control_tid
                0x00000000200037d6        0x1 /home/uav/paparazzi/var/Quad_LisaM_2/ap/firmwares/rotorcraft/main.o
                0x00000000200037d6                radio_control_tid
 .bss.i60.4719  0x00000000200037d7        0x1 /home/uav/paparazzi/var/Quad_LisaM_2/ap/firmwares/rotorcraft/main.o
 .bss.telemetry_tid
                0x00000000200037d8        0x1 /home/uav/paparazzi/var/Quad_LisaM_2/ap/firmwares/rotorcraft/main.o
                0x00000000200037d8                telemetry_tid