Archive member included because of file (symbol)

/opt/paparazzi/arm-multilib/lib/gcc/arm-none-eabi/4.6.2/../../../../arm-none-eabi/lib/thumb2/libc.a(lib_a-memcpy.o)
                              /home/uav/USTUAV/paparazzi/var/MYAC/ap/arch/stm32/mcu_periph/spi_arch.o (memcpy)
/opt/paparazzi/arm-multilib/lib/gcc/arm-none-eabi/4.6.2/../../../../arm-none-eabi/lib/thumb2/libm.a(lib_a-s_atan.o)
                              /home/uav/USTUAV/paparazzi/var/MYAC/ap/math/pprz_geodetic_float.o (atan)
/opt/paparazzi/arm-multilib/lib/gcc/arm-none-eabi/4.6.2/../../../../arm-none-eabi/lib/thumb2/libm.a(lib_a-s_cos.o)
                              /home/uav/USTUAV/paparazzi/var/MYAC/ap/math/pprz_geodetic_float.o (cos)
/opt/paparazzi/arm-multilib/lib/gcc/arm-none-eabi/4.6.2/../../../../arm-none-eabi/lib/thumb2/libm.a(lib_a-s_fabs.o)
                              /opt/paparazzi/arm-multilib/lib/gcc/arm-none-eabi/4.6.2/../../../../arm-none-eabi/lib/thumb2/libm.a(lib_a-s_atan.o) (fabs)
/opt/paparazzi/arm-multilib/lib/gcc/arm-none-eabi/4.6.2/../../../../arm-none-eabi/lib/thumb2/libm.a(lib_a-s_rint.o)
                              /home/uav/USTUAV/paparazzi/var/MYAC/ap/math/pprz_geodetic_int.o (rint)
/opt/paparazzi/arm-multilib/lib/gcc/arm-none-eabi/4.6.2/../../../../arm-none-eabi/lib/thumb2/libm.a(lib_a-s_sin.o)
                              /home/uav/USTUAV/paparazzi/var/MYAC/ap/math/pprz_geodetic_float.o (sin)
/opt/paparazzi/arm-multilib/lib/gcc/arm-none-eabi/4.6.2/../../../../arm-none-eabi/lib/thumb2/libm.a(lib_a-s_tan.o)
                              /home/uav/USTUAV/paparazzi/var/MYAC/ap/math/pprz_geodetic_float.o (tan)
/opt/paparazzi/arm-multilib/lib/gcc/arm-none-eabi/4.6.2/../../../../arm-none-eabi/lib/thumb2/libm.a(lib_a-sf_atan.o)
                              /home/uav/USTUAV/paparazzi/var/MYAC/ap/math/pprz_geodetic_float.o (atanf)
/opt/paparazzi/arm-multilib/lib/gcc/arm-none-eabi/4.6.2/../../../../arm-none-eabi/lib/thumb2/libm.a(lib_a-sf_cos.o)
                              /home/uav/USTUAV/paparazzi/var/MYAC/ap/math/pprz_geodetic_int.o (cosf)
/opt/paparazzi/arm-multilib/lib/gcc/arm-none-eabi/4.6.2/../../../../arm-none-eabi/lib/thumb2/libm.a(lib_a-sf_fabs.o)
                              /opt/paparazzi/arm-multilib/lib/gcc/arm-none-eabi/4.6.2/../../../../arm-none-eabi/lib/thumb2/libm.a(lib_a-sf_atan.o) (fabsf)
/opt/paparazzi/arm-multilib/lib/gcc/arm-none-eabi/4.6.2/../../../../arm-none-eabi/lib/thumb2/libm.a(lib_a-sf_sin.o)
                              /home/uav/USTUAV/paparazzi/var/MYAC/ap/math/pprz_geodetic_int.o (sinf)
/opt/paparazzi/arm-multilib/lib/gcc/arm-none-eabi/4.6.2/../../../../arm-none-eabi/lib/thumb2/libm.a(lib_a-w_asin.o)
                              /home/uav/USTUAV/paparazzi/var/MYAC/ap/math/pprz_geodetic_float.o (asin)
/opt/paparazzi/arm-multilib/lib/gcc/arm-none-eabi/4.6.2/../../../../arm-none-eabi/lib/thumb2/libm.a(lib_a-w_atan2.o)
                              /home/uav/USTUAV/paparazzi/var/MYAC/ap/math/pprz_geodetic_double.o (atan2)
/opt/paparazzi/arm-multilib/lib/gcc/arm-none-eabi/4.6.2/../../../../arm-none-eabi/lib/thumb2/libm.a(lib_a-w_cosh.o)
                              /home/uav/USTUAV/paparazzi/var/MYAC/ap/math/pprz_geodetic_float.o (cosh)
/opt/paparazzi/arm-multilib/lib/gcc/arm-none-eabi/4.6.2/../../../../arm-none-eabi/lib/thumb2/libm.a(lib_a-w_exp.o)
                              /home/uav/USTUAV/paparazzi/var/MYAC/ap/math/pprz_geodetic_float.o (exp)
/opt/paparazzi/arm-multilib/lib/gcc/arm-none-eabi/4.6.2/../../../../arm-none-eabi/lib/thumb2/libm.a(lib_a-w_log.o)
                              /home/uav/USTUAV/paparazzi/var/MYAC/ap/math/pprz_geodetic_float.o (log)
/opt/paparazzi/arm-multilib/lib/gcc/arm-none-eabi/4.6.2/../../../../arm-none-eabi/lib/thumb2/libm.a(lib_a-w_pow.o)
                              /home/uav/USTUAV/paparazzi/var/MYAC/ap/math/pprz_geodetic_float.o (pow)
/opt/paparazzi/arm-multilib/lib/gcc/arm-none-eabi/4.6.2/../../../../arm-none-eabi/lib/thumb2/libm.a(lib_a-w_sinh.o)
                              /home/uav/USTUAV/paparazzi/var/MYAC/ap/math/pprz_geodetic_float.o (sinh)
/opt/paparazzi/arm-multilib/lib/gcc/arm-none-eabi/4.6.2/../../../../arm-none-eabi/lib/thumb2/libm.a(lib_a-w_sqrt.o)
                              /home/uav/USTUAV/paparazzi/var/MYAC/ap/math/pprz_geodetic_double.o (sqrt)
/opt/paparazzi/arm-multilib/lib/gcc/arm-none-eabi/4.6.2/../../../../arm-none-eabi/lib/thumb2/libm.a(lib_a-wf_asin.o)
                              /home/uav/USTUAV/paparazzi/var/MYAC/ap/subsystems/ahrs/ahrs_float_dcm.o (asinf)
/opt/paparazzi/arm-multilib/lib/gcc/arm-none-eabi/4.6.2/../../../../arm-none-eabi/lib/thumb2/libm.a(lib_a-wf_atan2.o)
                              /home/uav/USTUAV/paparazzi/var/MYAC/ap/math/pprz_geodetic_float.o (atan2f)
/opt/paparazzi/arm-multilib/lib/gcc/arm-none-eabi/4.6.2/../../../../arm-none-eabi/lib/thumb2/libm.a(lib_a-wf_pow.o)
                              /home/uav/USTUAV/paparazzi/var/MYAC/ap/math/pprz_geodetic_float.o (powf)
[...]
Memory Configuration

Name             Origin             Length             Attributes
RAM              0x0000000020000000 0x0000000000010000 xrw
FLASH            0x0000000008002000 0x000000000003d800 xr
FLASHB1          0x0000000000000000 0x0000000000000000 xr
*default*        0x0000000000000000 0xffffffffffffffff

Linker script and memory map

LOAD /home/uav/USTUAV/paparazzi/var/MYAC/ap/mcu.o
LOAD /home/uav/USTUAV/paparazzi/var/MYAC/ap/arch/stm32/mcu_arch.o
LOAD /home/uav/USTUAV/paparazzi/var/MYAC/ap/arch/stm32/led_hw.o
LOAD /home/uav/USTUAV/paparazzi/var/MYAC/ap/mcu_periph/sys_time.o
LOAD /home/uav/USTUAV/paparazzi/var/MYAC/ap/arch/stm32/mcu_periph/sys_time_arch.o
LOAD /home/uav/USTUAV/paparazzi/var/MYAC/ap/./inter_mcu.o
LOAD /home/uav/USTUAV/paparazzi/var/MYAC/ap/math/pprz_geodetic_int.o
LOAD /home/uav/USTUAV/paparazzi/var/MYAC/ap/math/pprz_geodetic_float.o
LOAD /home/uav/USTUAV/paparazzi/var/MYAC/ap/math/pprz_geodetic_double.o
LOAD /home/uav/USTUAV/paparazzi/var/MYAC/ap/math/pprz_trig_int.o
LOAD /home/uav/USTUAV/paparazzi/var/MYAC/ap/mcu_periph/i2c.o
LOAD /home/uav/USTUAV/paparazzi/var/MYAC/ap/arch/stm32/mcu_periph/i2c_arch.o
LOAD /home/uav/USTUAV/paparazzi/var/MYAC/ap/firmwares/fixedwing/main_fbw.o
LOAD /home/uav/USTUAV/paparazzi/var/MYAC/ap/subsystems/electrical.o
LOAD /home/uav/USTUAV/paparazzi/var/MYAC/ap/./commands.o
LOAD /home/uav/USTUAV/paparazzi/var/MYAC/ap/firmwares/fixedwing/fbw_downlink.o
LOAD /home/uav/USTUAV/paparazzi/var/MYAC/ap/firmwares/fixedwing/main_ap.o
LOAD /home/uav/USTUAV/paparazzi/var/MYAC/ap/./estimator.o
LOAD /home/uav/USTUAV/paparazzi/var/MYAC/ap/firmwares/fixedwing/ap_downlink.o
LOAD /home/uav/USTUAV/paparazzi/var/MYAC/ap/arch/stm32/stm32_exceptions.o
LOAD /home/uav/USTUAV/paparazzi/var/MYAC/ap/arch/stm32/stm32_vector_table.o
LOAD /home/uav/USTUAV/paparazzi/var/MYAC/ap/lisa/plug_sys.o
LOAD /home/uav/USTUAV/paparazzi/var/MYAC/ap/firmwares/fixedwing/main.o
LOAD /home/uav/USTUAV/paparazzi/var/MYAC/ap/mcu_periph/uart.o
LOAD /home/uav/USTUAV/paparazzi/var/MYAC/ap/arch/stm32/mcu_periph/uart_arch.o
LOAD /home/uav/USTUAV/paparazzi/var/MYAC/ap/subsystems/settings.o
LOAD /home/uav/USTUAV/paparazzi/var/MYAC/ap/arch/stm32/subsystems/settings_arch.o
LOAD /home/uav/USTUAV/paparazzi/var/MYAC/ap/arch/stm32/mcu_periph/adc_arch.o
LOAD /home/uav/USTUAV/paparazzi/var/MYAC/ap/arch/stm32/servos_direct_hw.o
LOAD /home/uav/USTUAV/paparazzi/var/MYAC/ap/actuators.o
LOAD /home/uav/USTUAV/paparazzi/var/MYAC/ap/firmwares/rotorcraft/actuators/arch/stm32/actuators_pwm_arch.o
LOAD /home/uav/USTUAV/paparazzi/var/MYAC/ap/subsystems/radio_control.o
LOAD /home/uav/USTUAV/paparazzi/var/MYAC/ap/subsystems/radio_control/spektrum.o
LOAD /home/uav/USTUAV/paparazzi/var/MYAC/ap/arch/stm32/subsystems/radio_control/spektrum_arch.o
LOAD /home/uav/USTUAV/paparazzi/var/MYAC/ap/subsystems/datalink/downlink.o
LOAD /home/uav/USTUAV/paparazzi/var/MYAC/ap/subsystems/datalink/pprz_transport.o
LOAD /home/uav/USTUAV/paparazzi/var/MYAC/ap/firmwares/fixedwing/datalink.o
LOAD /home/uav/USTUAV/paparazzi/var/MYAC/ap/firmwares/fixedwing/stabilization/stabilization_attitude.o
LOAD /home/uav/USTUAV/paparazzi/var/MYAC/ap/firmwares/fixedwing/guidance/guidance_v.o
LOAD /home/uav/USTUAV/paparazzi/var/MYAC/ap/subsystems/imu.o
LOAD /home/uav/USTUAV/paparazzi/var/MYAC/ap/subsystems/imu/imu_aspirin2.o
LOAD /home/uav/USTUAV/paparazzi/var/MYAC/ap/arch/stm32/mcu_periph/spi_arch.o
LOAD /home/uav/USTUAV/paparazzi/var/MYAC/ap/mcu_periph/spi.o
LOAD /home/uav/USTUAV/paparazzi/var/MYAC/ap/subsystems/ahrs.o
LOAD /home/uav/USTUAV/paparazzi/var/MYAC/ap/subsystems/ahrs/ahrs_aligner.o
LOAD /home/uav/USTUAV/paparazzi/var/MYAC/ap/subsystems/ahrs/ahrs_float_dcm.o
LOAD /home/uav/USTUAV/paparazzi/var/MYAC/ap/subsystems/gps/gps_ubx.o
LOAD /home/uav/USTUAV/paparazzi/var/MYAC/ap/subsystems/gps.o
LOAD /home/uav/USTUAV/paparazzi/var/MYAC/ap/subsystems/nav.o
LOAD /home/uav/USTUAV/paparazzi/var/MYAC/ap/subsystems/navigation/common_flight_plan.o
LOAD /home/uav/USTUAV/paparazzi/var/MYAC/ap/subsystems/navigation/traffic_info.o
LOAD /home/uav/USTUAV/paparazzi/var/MYAC/ap/subsystems/navigation/nav_survey_rectangle.o
LOAD /home/uav/USTUAV/paparazzi/var/MYAC/ap/subsystems/navigation/nav_line.o
LOAD /home/uav/USTUAV/paparazzi/var/MYAC/ap/modules/core/sys_mon.o
LOAD /home/uav/USTUAV/paparazzi/var/MYAC/ap/modules/adcs/adc_generic.o
LOAD /opt/paparazzi/arm-multilib/lib/gcc/arm-none-eabi/4.6.2/../../../../arm-none-eabi/lib/thumb2/libc.a
LOAD /opt/paparazzi/arm-multilib/lib/gcc/arm-none-eabi/4.6.2/../../../../arm-none-eabi/lib/thumb2/libm.a
LOAD /opt/paparazzi/arm-multilib/lib/gcc/arm-none-eabi/4.6.2/thumb2/libgcc.a
LOAD /opt/paparazzi/arm-multilib/lib/gcc/arm-none-eabi/4.6.2/../../../../arm-none-eabi/lib/libcmsis.a
LOAD /opt/paparazzi/arm-multilib/lib/gcc/arm-none-eabi/4.6.2/../../../../arm-none-eabi/lib/libstm32.a
LOAD /opt/paparazzi/arm-multilib/lib/gcc/arm-none-eabi/4.6.2/../../../../arm-none-eabi/lib/libopencm3_stm32.a
START GROUP
LOAD /opt/paparazzi/arm-multilib/lib/gcc/arm-none-eabi/4.6.2/thumb2/libgcc.a
LOAD /opt/paparazzi/arm-multilib/lib/gcc/arm-none-eabi/4.6.2/../../../../arm-none-eabi/lib/thumb2/libc.a
END GROUP
                0x0000000020010000                _estack = 0x20010000
                0x0000000000001000                __Stack_Size = 0x1000
                0x0000000000001000                PROVIDE (_Stack_Size, __Stack_Size)
                0x000000002000f000                __Stack_Init = (_estack - __Stack_Size)
                0x000000002000f000                PROVIDE (_Stack_Init, __Stack_Init)
                0x0000000000000800                _Minimum_Stack_Size = 0x800
                0x0000000000000001                ASSERT ((ORIGIN (FLASH) == ALIGN (ORIGIN (FLASH), 0x80)), Start of memory region flash not aligned for startup vector table)

.isr_vector     0x0000000008002000      0x130
                0x0000000008002000                . = ALIGN (0x4)
 *(.isr_vector)
 .isr_vector    0x0000000008002000      0x130 /home/uav/USTUAV/paparazzi/var/MYAC/ap/arch/stm32/stm32_vector_table.o
                0x0000000008002000                vector_table
                0x0000000008002130                . = ALIGN (0x4)

.flashtext      0x0000000008002130        0x0
                0x0000000008002130                . = ALIGN (0x4)
 *(.flashtext)
                0x0000000008002130                . = ALIGN (0x4)

.text           0x0000000008002130    0x18c40
                0x0000000008002130                . = ALIGN (0x4)
 *(.text)
 .text          0x0000000008002130       0x12 /opt/paparazzi/arm-multilib/lib/gcc/arm-none-eabi/4.6.2/../../../../arm-none-eabi/lib/thumb2/libc.a(lib_a-memcpy.o)
                0x0000000008002130                memcpy
 *fill*         0x0000000008002142        0x6 00
 .text          0x0000000008002148      0x340 /opt/paparazzi/arm-multilib/lib/gcc/arm-none-eabi/4.6.2/../../../../arm-none-eabi/lib/thumb2/libm.a(lib_a-s_atan.o)
                0x0000000008002148                atan
 .text          0x0000000008002488       0x70 /opt/paparazzi/arm-multilib/lib/gcc/arm-none-eabi/4.6.2/../../../../arm-none-eabi/lib/thumb2/libm.a(lib_a-s_cos.o)
                0x0000000008002488                cos
 .text          0x00000000080024f8        0x6 /opt/paparazzi/arm-multilib/lib/gcc/arm-none-eabi/4.6.2/../../../../arm-none-eabi/lib/thumb2/libm.a(lib_a-s_fabs.o)
                0x00000000080024f8                fabs
 *fill*         0x00000000080024fe        0x2 00
 .text          0x0000000008002500      0x120 /opt/paparazzi/arm-multilib/lib/gcc/arm-none-eabi/4.6.2/../../../../arm-none-eabi/lib/thumb2/libm.a(lib_a-s_rint.o)
                0x0000000008002500                rint
 .text          0x0000000008002620       0x78 /opt/paparazzi/arm-multilib/lib/gcc/arm-none-eabi/4.6.2/../../../../arm-none-eabi/lib/thumb2/libm.a(lib_a-s_sin.o)
                0x0000000008002620                sin
 .text          0x0000000008002698       0x58 /opt/paparazzi/arm-multilib/lib/gcc/arm-none-eabi/4.6.2/../../../../arm-none-eabi/lib/thumb2/libm.a(lib_a-s_tan.o)
                0x0000000008002698                tan
 .text          0x00000000080026f0      0x234 /opt/paparazzi/arm-multilib/lib/gcc/arm-none-eabi/4.6.2/../../../../arm-none-eabi/lib/thumb2/libm.a(lib_a-sf_atan.o)
                0x00000000080026f0                atanf
 .text          0x0000000008002924       0x58 /opt/paparazzi/arm-multilib/lib/gcc/arm-none-eabi/4.6.2/../../../../arm-none-eabi/lib/thumb2/libm.a(lib_a-sf_cos.o)
                0x0000000008002924                cosf
 .text          0x000000000800297c        0x6 /opt/paparazzi/arm-multilib/lib/gcc/arm-none-eabi/4.6.2/../../../../arm-none-eabi/lib/thumb2/libm.a(lib_a-sf_fabs.o)
                0x000000000800297c                fabsf
 *fill*         0x0000000008002982        0x2 00
 .text          0x0000000008002984       0x68 /opt/paparazzi/arm-multilib/lib/gcc/arm-none-eabi/4.6.2/../../../../arm-none-eabi/lib/thumb2/libm.a(lib_a-sf_sin.o)
                0x0000000008002984                sinf
 .text          0x00000000080029ec       0x9c /opt/paparazzi/arm-multilib/lib/gcc/arm-none-eabi/4.6.2/../../../../arm-none-eabi/lib/thumb2/libm.a(lib_a-w_asin.o)
                0x00000000080029ec                asin
 .text          0x0000000008002a88        0x4 /opt/paparazzi/arm-multilib/lib/gcc/arm-none-eabi/4.6.2/../../../../arm-none-eabi/lib/thumb2/libm.a(lib_a-w_atan2.o)
                0x0000000008002a88                atan2
 *fill*         0x0000000008002a8c        0x4 00
 .text          0x0000000008002a90       0xb0 /opt/paparazzi/arm-multilib/lib/gcc/arm-none-eabi/4.6.2/../../../../arm-none-eabi/lib/thumb2/libm.a(lib_a-w_cosh.o)
                0x0000000008002a90                cosh
 .text          0x0000000008002b40       0xe8 /opt/paparazzi/arm-multilib/lib/gcc/arm-none-eabi/4.6.2/../../../../arm-none-eabi/lib/thumb2/libm.a(lib_a-w_exp.o)
                0x0000000008002b40                exp
 .text          0x0000000008002c28       0xd8 /opt/paparazzi/arm-multilib/lib/gcc/arm-none-eabi/4.6.2/../../../../arm-none-eabi/lib/thumb2/libm.a(lib_a-w_log.o)
                0x0000000008002c28                log
 .text          0x0000000008002d00      0x2c0 /opt/paparazzi/arm-multilib/lib/gcc/arm-none-eabi/4.6.2/../../../../arm-none-eabi/lib/thumb2/libm.a(lib_a-w_pow.o)
                0x0000000008002d00                pow
 .text          0x0000000008002fc0       0xc0 /opt/paparazzi/arm-multilib/lib/gcc/arm-none-eabi/4.6.2/../../../../arm-none-eabi/lib/thumb2/libm.a(lib_a-w_sinh.o)
                0x0000000008002fc0                sinh
 .text          0x0000000008003080       0xa4 /opt/paparazzi/arm-multilib/lib/gcc/arm-none-eabi/4.6.2/../../../../arm-none-eabi/lib/thumb2/libm.a(lib_a-w_sqrt.o)
                0x0000000008003080                sqrt
 .text          0x0000000008003124       0x94 /opt/paparazzi/arm-multilib/lib/gcc/arm-none-eabi/4.6.2/../../../../arm-none-eabi/lib/thumb2/libm.a(lib_a-wf_asin.o)
                0x0000000008003124                asinf
 .text          0x00000000080031b8        0x4 /opt/paparazzi/arm-multilib/lib/gcc/arm-none-eabi/4.6.2/../../../../arm-none-eabi/lib/thumb2/libm.a(lib_a-wf_atan2.o)
                0x00000000080031b8                atan2f
 *fill*         0x00000000080031bc        0x4 00
 .text          0x00000000080031c0      0x4a0 /opt/paparazzi/arm-multilib/lib/gcc/arm-none-eabi/4.6.2/../../../../arm-none-eabi/lib/thumb2/libm.a(lib_a-e_asin.o)
                0x00000000080031c0                __ieee754_asin
 .text          0x0000000008003660      0x1e0 /opt/paparazzi/arm-multilib/lib/gcc/arm-none-eabi/4.6.2/../../../../arm-none-eabi/lib/thumb2/libm.a(lib_a-e_atan2.o)
                0x0000000008003660                __ieee754_atan2
 .text          0x0000000008003840      0x130 /opt/paparazzi/arm-multilib/lib/gcc/arm-none-eabi/4.6.2/../../../../arm-none-eabi/lib/thumb2/libm.a(lib_a-e_cosh.o)
                0x0000000008003840                __ieee754_cosh
 .text          0x0000000008003970      0x2e0 /opt/paparazzi/arm-multilib/lib/gcc/arm-none-eabi/4.6.2/../../../../arm-none-eabi/lib/thumb2/libm.a(lib_a-e_exp.o)
                0x0000000008003970                __ieee754_exp
 .text          0x0000000008003c50      0x408 /opt/paparazzi/arm-multilib/lib/gcc/arm-none-eabi/4.6.2/../../../../arm-none-eabi/lib/thumb2/libm.a(lib_a-e_log.o)
                0x0000000008003c50                __ieee754_log
 .text          0x0000000008004058      0xa88 /opt/paparazzi/arm-multilib/lib/gcc/arm-none-eabi/4.6.2/../../../../arm-none-eabi/lib/thumb2/libm.a(lib_a-e_pow.o)
                0x0000000008004058                __ieee754_pow
 .text          0x0000000008004ae0      0x3c8 /opt/paparazzi/arm-multilib/lib/gcc/arm-none-eabi/4.6.2/../../../../arm-none-eabi/lib/thumb2/libm.a(lib_a-e_rem_pio2.o)
                0x0000000008004ae0                __ieee754_rem_pio2
 .text          0x0000000008004ea8      0x168 /opt/paparazzi/arm-multilib/lib/gcc/arm-none-eabi/4.6.2/../../../../arm-none-eabi/lib/thumb2/libm.a(lib_a-e_sinh.o)
                0x0000000008004ea8                __ieee754_sinh
 .text          0x0000000008005010      0x15c /opt/paparazzi/arm-multilib/lib/gcc/arm-none-eabi/4.6.2/../../../../arm-none-eabi/lib/thumb2/libm.a(lib_a-e_sqrt.o)
                0x0000000008005010                __ieee754_sqrt
 .text          0x000000000800516c      0x2ac /opt/paparazzi/arm-multilib/lib/gcc/arm-none-eabi/4.6.2/../../../../arm-none-eabi/lib/thumb2/libm.a(lib_a-ef_asin.o)
                0x000000000800516c                __ieee754_asinf
 .text          0x0000000008005418      0x120 /opt/paparazzi/arm-multilib/lib/gcc/arm-none-eabi/4.6.2/../../../../arm-none-eabi/lib/thumb2/libm.a(lib_a-ef_atan2.o)
                0x0000000008005418                __ieee754_atan2f
 .text          0x0000000008005538      0x2a8 /opt/paparazzi/arm-multilib/lib/gcc/arm-none-eabi/4.6.2/../../../../arm-none-eabi/lib/thumb2/libm.a(lib_a-ef_rem_pio2.o)
                0x0000000008005538                __ieee754_rem_pio2f
 .text          0x00000000080057e0       0x9e /opt/paparazzi/arm-multilib/lib/gcc/arm-none-eabi/4.6.2/../../../../arm-none-eabi/lib/thumb2/libm.a(lib_a-ef_sqrt.o)
                0x00000000080057e0                __ieee754_sqrtf
 *fill*         0x000000000800587e        0x2 00
 .text          0x0000000008005880      0x1d8 /opt/paparazzi/arm-multilib/lib/gcc/arm-none-eabi/4.6.2/../../../../arm-none-eabi/lib/thumb2/libm.a(lib_a-k_cos.o)
                0x0000000008005880                __kernel_cos
 .text          0x0000000008005a58      0x6d8 /opt/paparazzi/arm-multilib/lib/gcc/arm-none-eabi/4.6.2/../../../../arm-none-eabi/lib/thumb2/libm.a(lib_a-k_rem_pio2.o)
                0x0000000008005a58                __kernel_rem_pio2
 .text          0x0000000008006130      0x180 /opt/paparazzi/arm-multilib/lib/gcc/arm-none-eabi/4.6.2/../../../../arm-none-eabi/lib/thumb2/libm.a(lib_a-k_sin.o)
                0x0000000008006130                __kernel_sin
 .text          0x00000000080062b0      0x3e0 /opt/paparazzi/arm-multilib/lib/gcc/arm-none-eabi/4.6.2/../../../../arm-none-eabi/lib/thumb2/libm.a(lib_a-k_tan.o)
                0x00000000080062b0                __kernel_tan
 .text          0x0000000008006690      0x134 /opt/paparazzi/arm-multilib/lib/gcc/arm-none-eabi/4.6.2/../../../../arm-none-eabi/lib/thumb2/libm.a(lib_a-kf_cos.o)
                0x0000000008006690                __kernel_cosf
 .text          0x00000000080067c4      0x608 /opt/paparazzi/arm-multilib/lib/gcc/arm-none-eabi/4.6.2/../../../../arm-none-eabi/lib/thumb2/libm.a(lib_a-kf_rem_pio2.o)
                0x00000000080067c4                __kernel_rem_pio2f
 .text          0x0000000008006dcc       0xf4 /opt/paparazzi/arm-multilib/lib/gcc/arm-none-eabi/4.6.2/../../../../arm-none-eabi/lib/thumb2/libm.a(lib_a-kf_sin.o)
                0x0000000008006dcc                __kernel_sinf
 .text          0x0000000008006ec0      0x420 /opt/paparazzi/arm-multilib/lib/gcc/arm-none-eabi/4.6.2/../../../../arm-none-eabi/lib/thumb2/libm.a(lib_a-s_expm1.o)
                0x0000000008006ec0                expm1
 .text          0x00000000080072e0       0x10 /opt/paparazzi/arm-multilib/lib/gcc/arm-none-eabi/4.6.2/../../../../arm-none-eabi/lib/thumb2/libm.a(lib_a-s_finite.o)
                0x00000000080072e0                finite
 .text          0x00000000080072f0      0x110 /opt/paparazzi/arm-multilib/lib/gcc/arm-none-eabi/4.6.2/../../../../arm-none-eabi/lib/thumb2/libm.a(lib_a-s_floor.o)
                0x00000000080072f0                floor
 .text          0x0000000008007400       0x64 /opt/paparazzi/arm-multilib/lib/gcc/arm-none-eabi/4.6.2/../../../../arm-none-eabi/lib/thumb2/libm.a(lib_a-s_fpclassify.o)
                0x0000000008007400                __fpclassifyd
 .text          0x0000000008007464        0x4 /opt/paparazzi/arm-multilib/lib/gcc/arm-none-eabi/4.6.2/../../../../arm-none-eabi/lib/thumb2/libm.a(lib_a-s_matherr.o)
                0x0000000008007464                matherr
 .text          0x0000000008007468        0xc /opt/paparazzi/arm-multilib/lib/gcc/arm-none-eabi/4.6.2/../../../../arm-none-eabi/lib/thumb2/libm.a(lib_a-s_nan.o)
                0x0000000008007468                nan
 *fill*         0x0000000008007474        0x4 00
 .text          0x0000000008007478       0xe8 /opt/paparazzi/arm-multilib/lib/gcc/arm-none-eabi/4.6.2/../../../../arm-none-eabi/lib/thumb2/libm.a(lib_a-s_scalbn.o)
                0x0000000008007478                scalbn
 .text          0x0000000008007560       0x80 /opt/paparazzi/arm-multilib/lib/gcc/arm-none-eabi/4.6.2/../../../../arm-none-eabi/lib/thumb2/libm.a(lib_a-sf_floor.o)
                0x0000000008007560                floorf
 .text          0x00000000080075e0       0x54 /opt/paparazzi/arm-multilib/lib/gcc/arm-none-eabi/4.6.2/../../../../arm-none-eabi/lib/thumb2/libm.a(lib_a-sf_fpclassify.o)
                0x00000000080075e0                __fpclassifyf
 .text          0x0000000008007634       0x9c /opt/paparazzi/arm-multilib/lib/gcc/arm-none-eabi/4.6.2/../../../../arm-none-eabi/lib/thumb2/libm.a(lib_a-sf_scalbn.o)
                0x0000000008007634                scalbnf
 .text          0x00000000080076d0       0x14 /opt/paparazzi/arm-multilib/lib/gcc/arm-none-eabi/4.6.2/../../../../arm-none-eabi/lib/thumb2/libm.a(lib_a-s_copysign.o)
                0x00000000080076d0                copysign
 .text          0x00000000080076e4        0xc /opt/paparazzi/arm-multilib/lib/gcc/arm-none-eabi/4.6.2/../../../../arm-none-eabi/lib/thumb2/libm.a(lib_a-sf_copysign.o)
                0x00000000080076e4                copysignf
 .text          0x00000000080076f0       0xe0 /opt/paparazzi/arm-multilib/lib/gcc/arm-none-eabi/4.6.2/thumb2/libgcc.a(_divsi3.o)
                0x00000000080076f0                __aeabi_idiv
                0x00000000080076f0                __divsi3
                0x00000000080077b4                __aeabi_idivmod
 .text          0x00000000080077d0        0x4 /opt/paparazzi/arm-multilib/lib/gcc/arm-none-eabi/4.6.2/thumb2/libgcc.a(_dvmd_tls.o)
                0x00000000080077d0                __aeabi_ldiv0
                0x00000000080077d0                __aeabi_idiv0
 .text          0x00000000080077d4      0x370 /opt/paparazzi/arm-multilib/lib/gcc/arm-none-eabi/4.6.2/thumb2/libgcc.a(_arm_addsubdf3.o)
                0x00000000080077d4                __aeabi_drsub
                0x00000000080077dc                __aeabi_dsub
                0x00000000080077dc                __subdf3
                0x00000000080077e0                __adddf3
                0x00000000080077e0                __aeabi_dadd
                0x0000000008007a58                __aeabi_ui2d
                0x0000000008007a58                __floatunsidf
                0x0000000008007a78                __floatsidf
                0x0000000008007a78                __aeabi_i2d
                0x0000000008007a9c                __extendsfdf2
                0x0000000008007a9c                __aeabi_f2d
                0x0000000008007ad8                __aeabi_ul2d
                0x0000000008007ad8                __floatundidf
                0x0000000008007ae8                __floatdidf
                0x0000000008007ae8                __aeabi_l2d
 .text          0x0000000008007b44      0x424 /opt/paparazzi/arm-multilib/lib/gcc/arm-none-eabi/4.6.2/thumb2/libgcc.a(_arm_muldivdf3.o)
                0x0000000008007b44                __aeabi_dmul
                0x0000000008007b44                __muldf3
                0x0000000008007d98                __aeabi_ddiv
                0x0000000008007d98                __divdf3
 .text          0x0000000008007f68      0x110 /opt/paparazzi/arm-multilib/lib/gcc/arm-none-eabi/4.6.2/thumb2/libgcc.a(_arm_cmpdf2.o)
                0x0000000008007f68                __gtdf2
                0x0000000008007f68                __gedf2
                0x0000000008007f70                __ltdf2
                0x0000000008007f70                __ledf2
                0x0000000008007f78                __cmpdf2
                0x0000000008007f78                __eqdf2
                0x0000000008007f78                __nedf2
                0x0000000008007ff4                __aeabi_cdrcmple
                0x0000000008008004                __aeabi_cdcmple
                0x0000000008008004                __aeabi_cdcmpeq
                0x0000000008008014                __aeabi_dcmpeq
                0x0000000008008028                __aeabi_dcmplt
                0x000000000800803c                __aeabi_dcmple
                0x0000000008008050                __aeabi_dcmpge
                0x0000000008008064                __aeabi_dcmpgt
 .text          0x0000000008008078       0x50 /opt/paparazzi/arm-multilib/lib/gcc/arm-none-eabi/4.6.2/thumb2/libgcc.a(_arm_fixdfsi.o)
                0x0000000008008078                __fixdfsi
                0x0000000008008078                __aeabi_d2iz
 .text          0x00000000080080c8       0x40 /opt/paparazzi/arm-multilib/lib/gcc/arm-none-eabi/4.6.2/thumb2/libgcc.a(_arm_fixunsdfsi.o)
                0x00000000080080c8                __fixunsdfsi
                0x00000000080080c8                __aeabi_d2uiz
 .text          0x0000000008008108       0xa0 /opt/paparazzi/arm-multilib/lib/gcc/arm-none-eabi/4.6.2/thumb2/libgcc.a(_arm_truncdfsf2.o)
                0x0000000008008108                __aeabi_d2f
                0x0000000008008108                __truncdfsf2
 .text          0x00000000080081a8      0x21c /opt/paparazzi/arm-multilib/lib/gcc/arm-none-eabi/4.6.2/thumb2/libgcc.a(_arm_addsubsf3.o)
                0x00000000080081a8                __aeabi_frsub
                0x00000000080081b0                __subsf3
                0x00000000080081b0                __aeabi_fsub
                0x00000000080081b4                __aeabi_fadd
                0x00000000080081b4                __addsf3
                0x0000000008008314                __aeabi_ui2f
                0x0000000008008314                __floatunsisf
                0x000000000800831c                __aeabi_i2f
                0x000000000800831c                __floatsisf
                0x0000000008008338                __floatundisf
                0x0000000008008338                __aeabi_ul2f
                0x0000000008008348                __floatdisf
                0x0000000008008348                __aeabi_l2f
 .text          0x00000000080083c4      0x2a0 /opt/paparazzi/arm-multilib/lib/gcc/arm-none-eabi/4.6.2/thumb2/libgcc.a(_arm_muldivsf3.o)
                0x00000000080083c4                __mulsf3
                0x00000000080083c4                __aeabi_fmul
                0x000000000800852c                __divsf3
                0x000000000800852c                __aeabi_fdiv
 .text          0x0000000008008664       0xec /opt/paparazzi/arm-multilib/lib/gcc/arm-none-eabi/4.6.2/thumb2/libgcc.a(_arm_cmpsf2.o)
                0x0000000008008664                __gtsf2
                0x0000000008008664                __gesf2
                0x000000000800866c                __lesf2
                0x000000000800866c                __ltsf2
                0x0000000008008674                __nesf2
                0x0000000008008674                __eqsf2
                0x0000000008008674                __cmpsf2
                0x00000000080086d4                __aeabi_cfrcmple
                0x00000000080086dc                __aeabi_cfcmple
                0x00000000080086dc                __aeabi_cfcmpeq
                0x00000000080086ec                __aeabi_fcmpeq
                0x0000000008008700                __aeabi_fcmplt
                0x0000000008008714                __aeabi_fcmple
                0x0000000008008728                __aeabi_fcmpge
                0x000000000800873c                __aeabi_fcmpgt
 .text          0x0000000008008750       0x4c /opt/paparazzi/arm-multilib/lib/gcc/arm-none-eabi/4.6.2/thumb2/libgcc.a(_arm_fixsfsi.o)
                0x0000000008008750                __fixsfsi
                0x0000000008008750                __aeabi_f2iz
 .text          0x000000000800879c       0x40 /opt/paparazzi/arm-multilib/lib/gcc/arm-none-eabi/4.6.2/thumb2/libgcc.a(_arm_fixunssfsi.o)
                0x000000000800879c                __aeabi_f2uiz
                0x000000000800879c                __fixunssfsi
 .text          0x00000000080087dc        0xc /opt/paparazzi/arm-multilib/lib/gcc/arm-none-eabi/4.6.2/../../../../arm-none-eabi/lib/thumb2/libc.a(lib_a-errno.o)
                0x00000000080087dc                __errno
 *(.text.*)
 .text.mcu_init
                0x00000000080087e8       0xe4 /home/uav/USTUAV/paparazzi/var/MYAC/ap/mcu.o
                0x00000000080087e8                mcu_init
 .text.mcu_arch_init
                0x00000000080088cc       0x16 /home/uav/USTUAV/paparazzi/var/MYAC/ap/arch/stm32/mcu_arch.o
                0x00000000080088cc                mcu_arch_init
 *fill*         0x00000000080088e2        0x6 00
 .text.sys_time_register_timer
                0x00000000080088e8       0x60 /home/uav/USTUAV/paparazzi/var/MYAC/ap/mcu_periph/sys_time.o
                0x00000000080088e8                sys_time_register_timer
 .text.sys_time_init
                0x0000000008008948       0x34 /home/uav/USTUAV/paparazzi/var/MYAC/ap/mcu_periph/sys_time.o
                0x0000000008008948                sys_time_init
 .text.sys_time_arch_init
                0x000000000800897c       0x28 /home/uav/USTUAV/paparazzi/var/MYAC/ap/arch/stm32/mcu_periph/sys_time_arch.o
                0x000000000800897c                sys_time_arch_init
 .text.sys_tick_irq_handler
                0x00000000080089a4       0x80 /home/uav/USTUAV/paparazzi/var/MYAC/ap/arch/stm32/mcu_periph/sys_time_arch.o
                0x00000000080089a4                sys_tick_irq_handler
 *fill*         0x0000000008008a24        0x4 00
 .text.isometric_latitude_fast_f
                0x0000000008008a28       0x38 /home/uav/USTUAV/paparazzi/var/MYAC/ap/math/pprz_geodetic_float.o
 .text.utm_of_lla_f
                0x0000000008008a60      0x280 /home/uav/USTUAV/paparazzi/var/MYAC/ap/math/pprz_geodetic_float.o
                0x0000000008008a60                utm_of_lla_f
 .text.i2c_event
                0x0000000008008ce0        0x2 /home/uav/USTUAV/paparazzi/var/MYAC/ap/arch/stm32/mcu_periph/i2c_arch.o
                0x0000000008008ce0                i2c_event
 *fill*         0x0000000008008ce2        0x2 00
 .text.inter_mcu_fill_fbw_state
                0x0000000008008ce4       0x78 /home/uav/USTUAV/paparazzi/var/MYAC/ap/firmwares/fixedwing/main_fbw.o
 .text.handle_rc_frame
                0x0000000008008d5c       0x40 /home/uav/USTUAV/paparazzi/var/MYAC/ap/firmwares/fixedwing/main_fbw.o
 .text.init_fbw
                0x0000000008008d9c       0xa8 /home/uav/USTUAV/paparazzi/var/MYAC/ap/firmwares/fixedwing/main_fbw.o
                0x0000000008008d9c                init_fbw
 *fill*         0x0000000008008e44        0x4 00
 .text.event_task_fbw
                0x0000000008008e48      0x2d0 /home/uav/USTUAV/paparazzi/var/MYAC/ap/firmwares/fixedwing/main_fbw.o
                0x0000000008008e48                event_task_fbw
 .text.periodic_task_fbw
                0x0000000008009118      0x84c /home/uav/USTUAV/paparazzi/var/MYAC/ap/firmwares/fixedwing/main_fbw.o
                0x0000000008009118                periodic_task_fbw
 .text.handle_periodic_tasks_fbw
                0x0000000008009964       0x48 /home/uav/USTUAV/paparazzi/var/MYAC/ap/firmwares/fixedwing/main_fbw.o
                0x0000000008009964                handle_periodic_tasks_fbw
 .text.electrical_init
                0x00000000080099ac       0x28 /home/uav/USTUAV/paparazzi/var/MYAC/ap/subsystems/electrical.o
                0x00000000080099ac                electrical_init
 *fill*         0x00000000080099d4        0x4 00
 .text.electrical_periodic
                0x00000000080099d8       0xe8 /home/uav/USTUAV/paparazzi/var/MYAC/ap/subsystems/electrical.o
                0x00000000080099d8                electrical_periodic
 .text.init_ap  0x0000000008009ac0       0xc0 /home/uav/USTUAV/paparazzi/var/MYAC/ap/firmwares/fixedwing/main_ap.o
                0x0000000008009ac0                init_ap
 .text.reporting_task
                0x0000000008009b80     0x5ee0 /home/uav/USTUAV/paparazzi/var/MYAC/ap/firmwares/fixedwing/main_ap.o
                0x0000000008009b80                reporting_task
 .text.navigation_task
                0x000000000800fa60      0x690 /home/uav/USTUAV/paparazzi/var/MYAC/ap/firmwares/fixedwing/main_ap.o
                0x000000000800fa60                navigation_task
 .text.attitude_loop
                0x00000000080100f0       0x40 /home/uav/USTUAV/paparazzi/var/MYAC/ap/firmwares/fixedwing/main_ap.o
                0x00000000080100f0                attitude_loop
 .text.sensors_task
                0x0000000008010130       0x1c /home/uav/USTUAV/paparazzi/var/MYAC/ap/firmwares/fixedwing/main_ap.o
                0x0000000008010130                sensors_task
 .text.monitor_task
                0x000000000801014c      0x148 /home/uav/USTUAV/paparazzi/var/MYAC/ap/firmwares/fixedwing/main_ap.o
                0x000000000801014c                monitor_task
 .text.handle_periodic_tasks_ap
                0x0000000008010294      0x12c /home/uav/USTUAV/paparazzi/var/MYAC/ap/firmwares/fixedwing/main_ap.o
                0x0000000008010294                handle_periodic_tasks_ap
 .text.event_task_ap
                0x00000000080103c0      0x730 /home/uav/USTUAV/paparazzi/var/MYAC/ap/firmwares/fixedwing/main_ap.o
                0x00000000080103c0                event_task_ap
 .text.alt_kalman_reset
                0x0000000008010af0       0x18 /home/uav/USTUAV/paparazzi/var/MYAC/ap/./estimator.o
                0x0000000008010af0                alt_kalman_reset
 .text.alt_kalman_init
                0x0000000008010b08       0x10 /home/uav/USTUAV/paparazzi/var/MYAC/ap/./estimator.o
                0x0000000008010b08                alt_kalman_init
 .text.alt_kalman
                0x0000000008010b18      0x170 /home/uav/USTUAV/paparazzi/var/MYAC/ap/./estimator.o
                0x0000000008010b18                alt_kalman
 .text.estimator_init
                0x0000000008010c88       0x98 /home/uav/USTUAV/paparazzi/var/MYAC/ap/./estimator.o
                0x0000000008010c88                estimator_init
 .text.estimator_update_state_gps
                0x0000000008010d20      0x108 /home/uav/USTUAV/paparazzi/var/MYAC/ap/./estimator.o
                0x0000000008010d20                estimator_update_state_gps
 .text.nmi_exception
                0x0000000008010e28        0x2 /home/uav/USTUAV/paparazzi/var/MYAC/ap/arch/stm32/stm32_exceptions.o
                0x0000000008010e28                nmi_exception
 .text.hard_fault_exception
                0x0000000008010e2a        0x2 /home/uav/USTUAV/paparazzi/var/MYAC/ap/arch/stm32/stm32_exceptions.o
                0x0000000008010e2a                hard_fault_exception
 .text.mem_manage_exception
                0x0000000008010e2c        0x2 /home/uav/USTUAV/paparazzi/var/MYAC/ap/arch/stm32/stm32_exceptions.o
                0x0000000008010e2c                mem_manage_exception
 .text.bus_fault_exception
                0x0000000008010e2e        0x2 /home/uav/USTUAV/paparazzi/var/MYAC/ap/arch/stm32/stm32_exceptions.o
                0x0000000008010e2e                bus_fault_exception
 .text.usage_fault_exception
                0x0000000008010e30        0x2 /home/uav/USTUAV/paparazzi/var/MYAC/ap/arch/stm32/stm32_exceptions.o
                0x0000000008010e30                usage_fault_exception
 .text.null_handler
                0x0000000008010e32        0x2 /home/uav/USTUAV/paparazzi/var/MYAC/ap/arch/stm32/stm32_vector_table.o
                0x0000000008010e32                null_handler
 .text.reset_handler_stage2
                0x0000000008010e34       0x3c /home/uav/USTUAV/paparazzi/var/MYAC/ap/arch/stm32/stm32_vector_table.o
                0x0000000008010e34                reset_handler_stage2
 .text.reset_handler_stage1
                0x0000000008010e70       0x24 /home/uav/USTUAV/paparazzi/var/MYAC/ap/arch/stm32/stm32_vector_table.o
                0x0000000008010e70                reset_handler_stage1
 .text.startup.main
                0x0000000008010e94       0x1c /home/uav/USTUAV/paparazzi/var/MYAC/ap/firmwares/fixedwing/main.o
                0x0000000008010e94                main
 .text.uart_periph_init
                0x0000000008010eb0       0x18 /home/uav/USTUAV/paparazzi/var/MYAC/ap/mcu_periph/uart.o
                0x0000000008010eb0                uart_periph_init
 .text.uart_check_free_space
                0x0000000008010ec8       0x28 /home/uav/USTUAV/paparazzi/var/MYAC/ap/mcu_periph/uart.o
                0x0000000008010ec8                uart_check_free_space
 .text.usart_irq_handler
                0x0000000008010ef0       0x7e /home/uav/USTUAV/paparazzi/var/MYAC/ap/arch/stm32/mcu_periph/uart_arch.o
 .text.uart_periph_set_baudrate
                0x0000000008010f6e       0x52 /home/uav/USTUAV/paparazzi/var/MYAC/ap/arch/stm32/mcu_periph/uart_arch.o
                0x0000000008010f6e                uart_periph_set_baudrate
 .text.uart_transmit
                0x0000000008010fc0       0x60 /home/uav/USTUAV/paparazzi/var/MYAC/ap/arch/stm32/mcu_periph/uart_arch.o
                0x0000000008010fc0                uart_transmit
 .text.uart2_init
                0x0000000008011020       0x88 /home/uav/USTUAV/paparazzi/var/MYAC/ap/arch/stm32/mcu_periph/uart_arch.o
                0x0000000008011020                uart2_init
 .text.usart2_irq_handler
                0x00000000080110a8        0xc /home/uav/USTUAV/paparazzi/var/MYAC/ap/arch/stm32/mcu_periph/uart_arch.o
                0x00000000080110a8                usart2_irq_handler
 .text.uart3_init
                0x00000000080110b4       0xa0 /home/uav/USTUAV/paparazzi/var/MYAC/ap/arch/stm32/mcu_periph/uart_arch.o
                0x00000000080110b4                uart3_init
 .text.usart3_irq_handler
                0x0000000008011154        0xc /home/uav/USTUAV/paparazzi/var/MYAC/ap/arch/stm32/mcu_periph/uart_arch.o
                0x0000000008011154                usart3_irq_handler
 .text.settings_init
                0x0000000008011160        0x2 /home/uav/USTUAV/paparazzi/var/MYAC/ap/subsystems/settings.o
                0x0000000008011160                settings_init
 *fill*         0x0000000008011162        0x2 00
 .text.adc_buf_channel
                0x0000000008011164       0x10 /home/uav/USTUAV/paparazzi/var/MYAC/ap/arch/stm32/mcu_periph/adc_arch.o
                0x0000000008011164                adc_buf_channel
 .text.adc_init
                0x0000000008011174      0x180 /home/uav/USTUAV/paparazzi/var/MYAC/ap/arch/stm32/mcu_periph/adc_arch.o
                0x0000000008011174                adc_init
 .text.adc1_2_irq_handler
                0x00000000080112f4       0x68 /home/uav/USTUAV/paparazzi/var/MYAC/ap/arch/stm32/mcu_periph/adc_arch.o
                0x00000000080112f4                adc1_2_irq_handler
 .text.actuators_init
                0x000000000801135c        0x4 /home/uav/USTUAV/paparazzi/var/MYAC/ap/arch/stm32/servos_direct_hw.o
                0x000000000801135c                actuators_init
 .text.actuators_pwm_arch_init
                0x0000000008011360      0x134 /home/uav/USTUAV/paparazzi/var/MYAC/ap/firmwares/rotorcraft/actuators/arch/stm32/actuators_pwm_arch.o
                0x0000000008011360                actuators_pwm_arch_init
 .text.actuators_pwm_commit
                0x0000000008011494       0x48 /home/uav/USTUAV/paparazzi/var/MYAC/ap/firmwares/rotorcraft/actuators/arch/stm32/actuators_pwm_arch.o
                0x0000000008011494                actuators_pwm_commit
 .text.DelayUs  0x00000000080114dc       0x18 /home/uav/USTUAV/paparazzi/var/MYAC/ap/arch/stm32/subsystems/radio_control/spektrum_arch.o
 .text.RadioControlEventImp
                0x00000000080114f4       0xf4 /home/uav/USTUAV/paparazzi/var/MYAC/ap/arch/stm32/subsystems/radio_control/spektrum_arch.o
                0x00000000080114f4                RadioControlEventImp
 .text.SpektrumTimerInit
                0x00000000080115e8       0x74 /home/uav/USTUAV/paparazzi/var/MYAC/ap/arch/stm32/subsystems/radio_control/spektrum_arch.o
                0x00000000080115e8                SpektrumTimerInit
 .text.tim6_irq_handler
                0x000000000801165c       0x20 /home/uav/USTUAV/paparazzi/var/MYAC/ap/arch/stm32/subsystems/radio_control/spektrum_arch.o
                0x000000000801165c                tim6_irq_handler
 .text.SpektrumUartInit
                0x000000000801167c       0x94 /home/uav/USTUAV/paparazzi/var/MYAC/ap/arch/stm32/subsystems/radio_control/spektrum_arch.o
                0x000000000801167c                SpektrumUartInit
 .text.radio_control_impl_init
                0x0000000008011710        0xe /home/uav/USTUAV/paparazzi/var/MYAC/ap/arch/stm32/subsystems/radio_control/spektrum_arch.o
                0x0000000008011710                radio_control_impl_init
 *fill*         0x000000000801171e        0x2 00
 .text.usart1_irq_handler
                0x0000000008011720      0x11c /home/uav/USTUAV/paparazzi/var/MYAC/ap/arch/stm32/subsystems/radio_control/spektrum_arch.o
                0x0000000008011720                usart1_irq_handler
 .text.radio_control_spektrum_try_bind
                0x000000000801183c       0xdc /home/uav/USTUAV/paparazzi/var/MYAC/ap/arch/stm32/subsystems/radio_control/spektrum_arch.o
                0x000000000801183c                radio_control_spektrum_try_bind
 .text.dl_parse_msg
                0x0000000008011918      0xb00 /home/uav/USTUAV/paparazzi/var/MYAC/ap/firmwares/fixedwing/datalink.o
                0x0000000008011918                dl_parse_msg
 .text.h_ctl_init
                0x0000000008012418       0xbc /home/uav/USTUAV/paparazzi/var/MYAC/ap/firmwares/fixedwing/stabilization/stabilization_attitude.o
                0x0000000008012418                h_ctl_init
 *fill*         0x00000000080124d4        0x4 00
 .text.h_ctl_course_loop
                0x00000000080124d8      0x1c0 /home/uav/USTUAV/paparazzi/var/MYAC/ap/firmwares/fixedwing/stabilization/stabilization_attitude.o
                0x00000000080124d8                h_ctl_course_loop
 .text.h_ctl_attitude_loop
                0x0000000008012698      0x188 /home/uav/USTUAV/paparazzi/var/MYAC/ap/firmwares/fixedwing/stabilization/stabilization_attitude.o
                0x0000000008012698                h_ctl_attitude_loop
 .text.v_ctl_init
                0x0000000008012820      0x10c /home/uav/USTUAV/paparazzi/var/MYAC/ap/firmwares/fixedwing/guidance/guidance_v.o
                0x0000000008012820                v_ctl_init
 .text.v_ctl_altitude_loop
                0x000000000801292c       0x78 /home/uav/USTUAV/paparazzi/var/MYAC/ap/firmwares/fixedwing/guidance/guidance_v.o
                0x000000000801292c                v_ctl_altitude_loop
 *fill*         0x00000000080129a4        0x4 00
 .text.v_ctl_climb_loop
                0x00000000080129a8      0x208 /home/uav/USTUAV/paparazzi/var/MYAC/ap/firmwares/fixedwing/guidance/guidance_v.o
                0x00000000080129a8                v_ctl_climb_loop
 .text.v_ctl_throttle_slew
                0x0000000008012bb0       0x58 /home/uav/USTUAV/paparazzi/var/MYAC/ap/firmwares/fixedwing/guidance/guidance_v.o
                0x0000000008012bb0                v_ctl_throttle_slew
 .text.imu_init
                0x0000000008012c08      0x134 /home/uav/USTUAV/paparazzi/var/MYAC/ap/subsystems/imu.o
                0x0000000008012c08                imu_init
 .text.mpu_wait_slave4_ready
                0x0000000008012d3c       0x34 /home/uav/USTUAV/paparazzi/var/MYAC/ap/subsystems/imu/imu_aspirin2.o
 .text.mpu_set  0x0000000008012d70       0x20 /home/uav/USTUAV/paparazzi/var/MYAC/ap/subsystems/imu/imu_aspirin2.o
 .text.imu_impl_init
                0x0000000008012d90       0x28 /home/uav/USTUAV/paparazzi/var/MYAC/ap/subsystems/imu/imu_aspirin2.o
                0x0000000008012d90                imu_impl_init
 .text.imu_periodic
                0x0000000008012db8       0xf8 /home/uav/USTUAV/paparazzi/var/MYAC/ap/subsystems/imu/imu_aspirin2.o
                0x0000000008012db8                imu_periodic
 .text.spi_arch_int_enable
                0x0000000008012eb0       0x18 /home/uav/USTUAV/paparazzi/var/MYAC/ap/arch/stm32/mcu_periph/spi_arch.o
                0x0000000008012eb0                spi_arch_int_enable
 .text.spi_init
                0x0000000008012ec8       0xb8 /home/uav/USTUAV/paparazzi/var/MYAC/ap/arch/stm32/mcu_periph/spi_arch.o
                0x0000000008012ec8                spi_init
 .text.spi_rw   0x0000000008012f80       0xe0 /home/uav/USTUAV/paparazzi/var/MYAC/ap/arch/stm32/mcu_periph/spi_arch.o
                0x0000000008012f80                spi_rw
 .text.dma1_c4_irq_handler
                0x0000000008013060       0x78 /home/uav/USTUAV/paparazzi/var/MYAC/ap/arch/stm32/mcu_periph/spi_arch.o
                0x0000000008013060                dma1_c4_irq_handler
 .text.ahrs_aligner_init
                0x00000000080130d8       0x40 /home/uav/USTUAV/paparazzi/var/MYAC/ap/subsystems/ahrs/ahrs_aligner.o
                0x00000000080130d8                ahrs_aligner_init
 .text.ahrs_aligner_run
                0x0000000008013118      0x1a8 /home/uav/USTUAV/paparazzi/var/MYAC/ap/subsystems/ahrs/ahrs_aligner.o
                0x0000000008013118                ahrs_aligner_run
 .text.Vector_Dot_Product
                0x00000000080132c0       0x34 /home/uav/USTUAV/paparazzi/var/MYAC/ap/subsystems/ahrs/ahrs_float_dcm.o
 .text.Vector_Scale
                0x00000000080132f4       0x28 /home/uav/USTUAV/paparazzi/var/MYAC/ap/subsystems/ahrs/ahrs_float_dcm.o
 .text.Vector_Add
                0x000000000801331c       0x28 /home/uav/USTUAV/paparazzi/var/MYAC/ap/subsystems/ahrs/ahrs_float_dcm.o
 .text.set_dcm_matrix_from_rmat
                0x0000000008013344       0x2c /home/uav/USTUAV/paparazzi/var/MYAC/ap/subsystems/ahrs/ahrs_float_dcm.o
 .text.compute_body_orientation_and_rates
                0x0000000008013370      0x434 /home/uav/USTUAV/paparazzi/var/MYAC/ap/subsystems/ahrs/ahrs_float_dcm.o
 .text.ahrs_init
                0x00000000080137a4       0xb0 /home/uav/USTUAV/paparazzi/var/MYAC/ap/subsystems/ahrs/ahrs_float_dcm.o
                0x00000000080137a4                ahrs_init
 *fill*         0x0000000008013854        0x4 00
 .text.ahrs_align
                0x0000000008013858      0x448 /home/uav/USTUAV/paparazzi/var/MYAC/ap/subsystems/ahrs/ahrs_float_dcm.o
                0x0000000008013858                ahrs_align
 .text.ahrs_update_gps
                0x0000000008013ca0        0x2 /home/uav/USTUAV/paparazzi/var/MYAC/ap/subsystems/ahrs/ahrs_float_dcm.o
                0x0000000008013ca0                ahrs_update_gps
 *fill*         0x0000000008013ca2        0x2 00
 .text.Normalize
                0x0000000008013ca4      0x268 /home/uav/USTUAV/paparazzi/var/MYAC/ap/subsystems/ahrs/ahrs_float_dcm.o
                0x0000000008013ca4                Normalize
 *fill*         0x0000000008013f0c        0x4 00
 .text.Drift_correction
                0x0000000008013f10      0x2e8 /home/uav/USTUAV/paparazzi/var/MYAC/ap/subsystems/ahrs/ahrs_float_dcm.o
                0x0000000008013f10                Drift_correction
 .text.ahrs_update_accel
                0x00000000080141f8       0xe0 /home/uav/USTUAV/paparazzi/var/MYAC/ap/subsystems/ahrs/ahrs_float_dcm.o
                0x00000000080141f8                ahrs_update_accel
 .text.Matrix_update
                0x00000000080142d8      0x128 /home/uav/USTUAV/paparazzi/var/MYAC/ap/subsystems/ahrs/ahrs_float_dcm.o
                0x00000000080142d8                Matrix_update
 .text.ahrs_propagate
                0x0000000008014400      0x2d0 /home/uav/USTUAV/paparazzi/var/MYAC/ap/subsystems/ahrs/ahrs_float_dcm.o
                0x0000000008014400                ahrs_propagate
 .text.ahrs_update_fw_estimator
                0x00000000080146d0       0x64 /home/uav/USTUAV/paparazzi/var/MYAC/ap/subsystems/ahrs/ahrs_float_dcm.o
                0x00000000080146d0                ahrs_update_fw_estimator
 .text.gps_ubx_ucenter_enable_msg.constprop.0
                0x0000000008014734      0x150 /home/uav/USTUAV/paparazzi/var/MYAC/ap/subsystems/gps/gps_ubx.o
 .text.gps_impl_init
                0x0000000008014884       0x1c /home/uav/USTUAV/paparazzi/var/MYAC/ap/subsystems/gps/gps_ubx.o
                0x0000000008014884                gps_impl_init
 .text.gps_ubx_read_message
                0x00000000080148a0      0x3b8 /home/uav/USTUAV/paparazzi/var/MYAC/ap/subsystems/gps/gps_ubx.o
                0x00000000080148a0                gps_ubx_read_message
 .text.gps_ubx_parse
                0x0000000008014c58      0x104 /home/uav/USTUAV/paparazzi/var/MYAC/ap/subsystems/gps/gps_ubx.o
                0x0000000008014c58                gps_ubx_parse
 .text.gps_ubx_ucenter_init
                0x0000000008014d5c       0x2c /home/uav/USTUAV/paparazzi/var/MYAC/ap/subsystems/gps/gps_ubx.o
                0x0000000008014d5c                gps_ubx_ucenter_init
 .text.gps_ubx_ucenter_periodic
                0x0000000008014d88     0x1514 /home/uav/USTUAV/paparazzi/var/MYAC/ap/subsystems/gps/gps_ubx.o
                0x0000000008014d88                gps_ubx_ucenter_periodic
 .text.gps_ubx_ucenter_event
                0x000000000801629c       0x70 /home/uav/USTUAV/paparazzi/var/MYAC/ap/subsystems/gps/gps_ubx.o
                0x000000000801629c                gps_ubx_ucenter_event
 .text.gps_init
                0x000000000801630c       0x1c /home/uav/USTUAV/paparazzi/var/MYAC/ap/subsystems/gps.o
                0x000000000801630c                gps_init
 .text.nav_set_altitude
                0x0000000008016328       0x3c /home/uav/USTUAV/paparazzi/var/MYAC/ap/subsystems/nav.o
 .text.nav_init_stage
                0x0000000008016364       0x58 /home/uav/USTUAV/paparazzi/var/MYAC/ap/subsystems/nav.o
                0x0000000008016364                nav_init_stage
 .text.nav_approaching_xy
                0x00000000080163bc       0xac /home/uav/USTUAV/paparazzi/var/MYAC/ap/subsystems/nav.o
                0x00000000080163bc                nav_approaching_xy
 .text.fly_to_xy
                0x0000000008016468      0x208 /home/uav/USTUAV/paparazzi/var/MYAC/ap/subsystems/nav.o
                0x0000000008016468                fly_to_xy
 .text.nav_circle_XY
                0x0000000008016670      0x340 /home/uav/USTUAV/paparazzi/var/MYAC/ap/subsystems/nav.o
                0x0000000008016670                nav_circle_XY
 .text.nav_route_xy
                0x00000000080169b0      0x180 /home/uav/USTUAV/paparazzi/var/MYAC/ap/subsystems/nav.o
                0x00000000080169b0                nav_route_xy
 .text.compute_dist2_to_home
                0x0000000008016b30       0x64 /home/uav/USTUAV/paparazzi/var/MYAC/ap/subsystems/nav.o
                0x0000000008016b30                compute_dist2_to_home
 *fill*         0x0000000008016b94        0x4 00
 .text.nav_reset_reference
                0x0000000008016b98       0xe0 /home/uav/USTUAV/paparazzi/var/MYAC/ap/subsystems/nav.o
                0x0000000008016b98                nav_reset_reference
 .text.nav_update_waypoints_alt
                0x0000000008016c78       0x38 /home/uav/USTUAV/paparazzi/var/MYAC/ap/subsystems/nav.o
                0x0000000008016c78                nav_update_waypoints_alt
 .text.common_nav_periodic_task_4Hz
                0x0000000008016cb0       0x30 /home/uav/USTUAV/paparazzi/var/MYAC/ap/subsystems/nav.o
                0x0000000008016cb0                common_nav_periodic_task_4Hz
 .text.nav_move_waypoint
                0x0000000008016ce0       0xc8 /home/uav/USTUAV/paparazzi/var/MYAC/ap/subsystems/nav.o
                0x0000000008016ce0                nav_move_waypoint
 .text.nav_home
                0x0000000008016da8       0x60 /home/uav/USTUAV/paparazzi/var/MYAC/ap/subsystems/nav.o
                0x0000000008016da8                nav_home
 .text.nav_init
                0x0000000008016e08       0x4c /home/uav/USTUAV/paparazzi/var/MYAC/ap/subsystems/nav.o
                0x0000000008016e08                nav_init
 .text.nav_without_gps
                0x0000000008016e54       0x3c /home/uav/USTUAV/paparazzi/var/MYAC/ap/subsystems/nav.o
                0x0000000008016e54                nav_without_gps
 .text.nav_eight
                0x0000000008016e90      0x538 /home/uav/USTUAV/paparazzi/var/MYAC/ap/subsystems/nav.o
                0x0000000008016e90                nav_eight
 .text.nav_oval_init
                0x00000000080173c8       0x18 /home/uav/USTUAV/paparazzi/var/MYAC/ap/subsystems/nav.o
                0x00000000080173c8                nav_oval_init
 .text.nav_oval
                0x00000000080173e0      0x4c8 /home/uav/USTUAV/paparazzi/var/MYAC/ap/subsystems/nav.o
                0x00000000080173e0                nav_oval
 .text.nav_periodic_task
                0x00000000080178a8      0x998 /home/uav/USTUAV/paparazzi/var/MYAC/ap/subsystems/nav.o
                0x00000000080178a8                nav_periodic_task
 .text.nav_init_block
                0x0000000008018240       0x28 /home/uav/USTUAV/paparazzi/var/MYAC/ap/subsystems/navigation/common_flight_plan.o
                0x0000000008018240                nav_init_block
 .text.nav_goto_block
                0x0000000008018268       0x2c /home/uav/USTUAV/paparazzi/var/MYAC/ap/subsystems/navigation/common_flight_plan.o
                0x0000000008018268                nav_goto_block
 .text.traffic_info_init
                0x0000000008018294       0x24 /home/uav/USTUAV/paparazzi/var/MYAC/ap/subsystems/navigation/traffic_info.o
                0x0000000008018294                traffic_info_init
 .text.nav_survey_rectangle_init
                0x00000000080182b8      0x2a8 /home/uav/USTUAV/paparazzi/var/MYAC/ap/subsystems/navigation/nav_survey_rectangle.o
                0x00000000080182b8                nav_survey_rectangle_init
 .text.nav_survey_rectangle
                0x0000000008018560      0x640 /home/uav/USTUAV/paparazzi/var/MYAC/ap/subsystems/navigation/nav_survey_rectangle.o
                0x0000000008018560                nav_survey_rectangle
 .text.nav_line_init
                0x0000000008018ba0        0xc /home/uav/USTUAV/paparazzi/var/MYAC/ap/subsystems/navigation/nav_line.o
                0x0000000008018ba0                nav_line_init
 *fill*         0x0000000008018bac        0x4 00
 .text.nav_line
                0x0000000008018bb0      0xa60 /home/uav/USTUAV/paparazzi/var/MYAC/ap/subsystems/navigation/nav_line.o
                0x0000000008018bb0                nav_line
 .text.init_sysmon
                0x0000000008019610       0x60 /home/uav/USTUAV/paparazzi/var/MYAC/ap/modules/core/sys_mon.o
                0x0000000008019610                init_sysmon
 .text.periodic_report_sysmon
                0x0000000008019670      0x1f0 /home/uav/USTUAV/paparazzi/var/MYAC/ap/modules/core/sys_mon.o
                0x0000000008019670                periodic_report_sysmon
 .text.periodic_sysmon
                0x0000000008019860       0xc8 /home/uav/USTUAV/paparazzi/var/MYAC/ap/modules/core/sys_mon.o
                0x0000000008019860                periodic_sysmon
 .text.event_sysmon
                0x0000000008019928       0x88 /home/uav/USTUAV/paparazzi/var/MYAC/ap/modules/core/sys_mon.o
                0x0000000008019928                event_sysmon
 .text.adc_generic_init
                0x00000000080199b0       0x24 /home/uav/USTUAV/paparazzi/var/MYAC/ap/modules/adcs/adc_generic.o
                0x00000000080199b0                adc_generic_init
 .text.adc_generic_periodic
                0x00000000080199d4      0x118 /home/uav/USTUAV/paparazzi/var/MYAC/ap/modules/adcs/adc_generic.o
                0x00000000080199d4                adc_generic_periodic
 .text.ADC_Init
                0x0000000008019aec       0x48 /opt/paparazzi/arm-multilib/lib/gcc/arm-none-eabi/4.6.2/../../../../arm-none-eabi/lib/libstm32.a(stm32_adc.o)
                0x0000000008019aec                ADC_Init
 .text.ADC_Cmd  0x0000000008019b34       0x12 /opt/paparazzi/arm-multilib/lib/gcc/arm-none-eabi/4.6.2/../../../../arm-none-eabi/lib/libstm32.a(stm32_adc.o)
                0x0000000008019b34                ADC_Cmd
 .text.ADC_ITConfig
                0x0000000008019b46       0x12 /opt/paparazzi/arm-multilib/lib/gcc/arm-none-eabi/4.6.2/../../../../arm-none-eabi/lib/libstm32.a(stm32_adc.o)
                0x0000000008019b46                ADC_ITConfig
 .text.ADC_ResetCalibration
                0x0000000008019b58        0xa /opt/paparazzi/arm-multilib/lib/gcc/arm-none-eabi/4.6.2/../../../../arm-none-eabi/lib/libstm32.a(stm32_adc.o)
                0x0000000008019b58                ADC_ResetCalibration
 .text.ADC_GetResetCalibrationStatus
                0x0000000008019b62        0x8 /opt/paparazzi/arm-multilib/lib/gcc/arm-none-eabi/4.6.2/../../../../arm-none-eabi/lib/libstm32.a(stm32_adc.o)
                0x0000000008019b62                ADC_GetResetCalibrationStatus
 .text.ADC_StartCalibration
                0x0000000008019b6a        0xa /opt/paparazzi/arm-multilib/lib/gcc/arm-none-eabi/4.6.2/../../../../arm-none-eabi/lib/libstm32.a(stm32_adc.o)
                0x0000000008019b6a                ADC_StartCalibration
 .text.ADC_GetCalibrationStatus
                0x0000000008019b74        0x8 /opt/paparazzi/arm-multilib/lib/gcc/arm-none-eabi/4.6.2/../../../../arm-none-eabi/lib/libstm32.a(stm32_adc.o)
                0x0000000008019b74                ADC_GetCalibrationStatus
 .text.ADC_ExternalTrigInjectedConvConfig
                0x0000000008019b7c        0xc /opt/paparazzi/arm-multilib/lib/gcc/arm-none-eabi/4.6.2/../../../../arm-none-eabi/lib/libstm32.a(stm32_adc.o)
                0x0000000008019b7c                ADC_ExternalTrigInjectedConvConfig
 .text.ADC_ExternalTrigInjectedConvCmd
                0x0000000008019b88       0x12 /opt/paparazzi/arm-multilib/lib/gcc/arm-none-eabi/4.6.2/../../../../arm-none-eabi/lib/libstm32.a(stm32_adc.o)
                0x0000000008019b88                ADC_ExternalTrigInjectedConvCmd
 .text.ADC_InjectedChannelConfig
                0x0000000008019b9a       0x58 /opt/paparazzi/arm-multilib/lib/gcc/arm-none-eabi/4.6.2/../../../../arm-none-eabi/lib/libstm32.a(stm32_adc.o)
                0x0000000008019b9a                ADC_InjectedChannelConfig
 .text.ADC_InjectedSequencerLengthConfig
                0x0000000008019bf2       0x10 /opt/paparazzi/arm-multilib/lib/gcc/arm-none-eabi/4.6.2/../../../../arm-none-eabi/lib/libstm32.a(stm32_adc.o)
                0x0000000008019bf2                ADC_InjectedSequencerLengthConfig
 .text.ADC_GetInjectedConversionValue
                0x0000000008019c02        0x8 /opt/paparazzi/arm-multilib/lib/gcc/arm-none-eabi/4.6.2/../../../../arm-none-eabi/lib/libstm32.a(stm32_adc.o)
                0x0000000008019c02                ADC_GetInjectedConversionValue
 .text.ADC_ClearITPendingBit
                0x0000000008019c0a        0x8 /opt/paparazzi/arm-multilib/lib/gcc/arm-none-eabi/4.6.2/../../../../arm-none-eabi/lib/libstm32.a(stm32_adc.o)
                0x0000000008019c0a                ADC_ClearITPendingBit
 *fill*         0x0000000008019c12        0x2 00
 .text.TIM_TimeBaseInit
                0x0000000008019c14       0x3c /opt/paparazzi/arm-multilib/lib/gcc/arm-none-eabi/4.6.2/../../../../arm-none-eabi/lib/libstm32.a(stm32_tim.o)
                0x0000000008019c14                TIM_TimeBaseInit
 .text.TIM_OC1Init
                0x0000000008019c50       0x74 /opt/paparazzi/arm-multilib/lib/gcc/arm-none-eabi/4.6.2/../../../../arm-none-eabi/lib/libstm32.a(stm32_tim.o)
                0x0000000008019c50                TIM_OC1Init
 .text.TIM_OC2Init
                0x0000000008019cc4       0x88 /opt/paparazzi/arm-multilib/lib/gcc/arm-none-eabi/4.6.2/../../../../arm-none-eabi/lib/libstm32.a(stm32_tim.o)
                0x0000000008019cc4                TIM_OC2Init
 .text.TIM_OC3Init
                0x0000000008019d4c       0x84 /opt/paparazzi/arm-multilib/lib/gcc/arm-none-eabi/4.6.2/../../../../arm-none-eabi/lib/libstm32.a(stm32_tim.o)
                0x0000000008019d4c                TIM_OC3Init
 .text.TIM_OC4Init
                0x0000000008019dd0       0x68 /opt/paparazzi/arm-multilib/lib/gcc/arm-none-eabi/4.6.2/../../../../arm-none-eabi/lib/libstm32.a(stm32_tim.o)
                0x0000000008019dd0                TIM_OC4Init
 .text.TIM_TimeBaseStructInit
                0x0000000008019e38       0x12 /opt/paparazzi/arm-multilib/lib/gcc/arm-none-eabi/4.6.2/../../../../arm-none-eabi/lib/libstm32.a(stm32_tim.o)
                0x0000000008019e38                TIM_TimeBaseStructInit
 .text.TIM_Cmd  0x0000000008019e4a       0x18 /opt/paparazzi/arm-multilib/lib/gcc/arm-none-eabi/4.6.2/../../../../arm-none-eabi/lib/libstm32.a(stm32_tim.o)
                0x0000000008019e4a                TIM_Cmd
 .text.TIM_CtrlPWMOutputs
                0x0000000008019e62       0x1c /opt/paparazzi/arm-multilib/lib/gcc/arm-none-eabi/4.6.2/../../../../arm-none-eabi/lib/libstm32.a(stm32_tim.o)
                0x0000000008019e62                TIM_CtrlPWMOutputs
 .text.TIM_ITConfig
                0x0000000008019e7e       0x12 /opt/paparazzi/arm-multilib/lib/gcc/arm-none-eabi/4.6.2/../../../../arm-none-eabi/lib/libstm32.a(stm32_tim.o)
                0x0000000008019e7e                TIM_ITConfig
 .text.TIM_ARRPreloadConfig
                0x0000000008019e90       0x18 /opt/paparazzi/arm-multilib/lib/gcc/arm-none-eabi/4.6.2/../../../../arm-none-eabi/lib/libstm32.a(stm32_tim.o)
                0x0000000008019e90                TIM_ARRPreloadConfig
 .text.TIM_OC1PreloadConfig
                0x0000000008019ea8       0x10 /opt/paparazzi/arm-multilib/lib/gcc/arm-none-eabi/4.6.2/../../../../arm-none-eabi/lib/libstm32.a(stm32_tim.o)
                0x0000000008019ea8                TIM_OC1PreloadConfig
 .text.TIM_OC2PreloadConfig
                0x0000000008019eb8       0x14 /opt/paparazzi/arm-multilib/lib/gcc/arm-none-eabi/4.6.2/../../../../arm-none-eabi/lib/libstm32.a(stm32_tim.o)
                0x0000000008019eb8                TIM_OC2PreloadConfig
 .text.TIM_OC3PreloadConfig
                0x0000000008019ecc       0x10 /opt/paparazzi/arm-multilib/lib/gcc/arm-none-eabi/4.6.2/../../../../arm-none-eabi/lib/libstm32.a(stm32_tim.o)
                0x0000000008019ecc                TIM_OC3PreloadConfig
 .text.TIM_OC4PreloadConfig
                0x0000000008019edc       0x14 /opt/paparazzi/arm-multilib/lib/gcc/arm-none-eabi/4.6.2/../../../../arm-none-eabi/lib/libstm32.a(stm32_tim.o)
                0x0000000008019edc                TIM_OC4PreloadConfig
 .text.TIM_SelectOutputTrigger
                0x0000000008019ef0       0x16 /opt/paparazzi/arm-multilib/lib/gcc/arm-none-eabi/4.6.2/../../../../arm-none-eabi/lib/libstm32.a(stm32_tim.o)
                0x0000000008019ef0                TIM_SelectOutputTrigger
 .text.TIM_SetCompare1
                0x0000000008019f06        0x4 /opt/paparazzi/arm-multilib/lib/gcc/arm-none-eabi/4.6.2/../../../../arm-none-eabi/lib/libstm32.a(stm32_tim.o)
                0x0000000008019f06                TIM_SetCompare1
 .text.TIM_SetCompare2
                0x0000000008019f0a        0x4 /opt/paparazzi/arm-multilib/lib/gcc/arm-none-eabi/4.6.2/../../../../arm-none-eabi/lib/libstm32.a(stm32_tim.o)
                0x0000000008019f0a                TIM_SetCompare2
 .text.TIM_SetCompare3
                0x0000000008019f0e        0x4 /opt/paparazzi/arm-multilib/lib/gcc/arm-none-eabi/4.6.2/../../../../arm-none-eabi/lib/libstm32.a(stm32_tim.o)
                0x0000000008019f0e                TIM_SetCompare3
 .text.TIM_SetCompare4
                0x0000000008019f12        0x6 /opt/paparazzi/arm-multilib/lib/gcc/arm-none-eabi/4.6.2/../../../../arm-none-eabi/lib/libstm32.a(stm32_tim.o)
                0x0000000008019f12                TIM_SetCompare4
 .text.TIM_ClearFlag
                0x0000000008019f18        0x8 /opt/paparazzi/arm-multilib/lib/gcc/arm-none-eabi/4.6.2/../../../../arm-none-eabi/lib/libstm32.a(stm32_tim.o)
                0x0000000008019f18                TIM_ClearFlag
 .text.TIM_ClearITPendingBit
                0x0000000008019f20        0x8 /opt/paparazzi/arm-multilib/lib/gcc/arm-none-eabi/4.6.2/../../../../arm-none-eabi/lib/libstm32.a(stm32_tim.o)
                0x0000000008019f20                TIM_ClearITPendingBit
 .text.DMA_DeInit
                0x0000000008019f28       0xe8 /opt/paparazzi/arm-multilib/lib/gcc/arm-none-eabi/4.6.2/../../../../arm-none-eabi/lib/libstm32.a(stm32_dma.o)
                0x0000000008019f28                DMA_DeInit
 .text.DMA_Init
                0x000000000801a010       0x3c /opt/paparazzi/arm-multilib/lib/gcc/arm-none-eabi/4.6.2/../../../../arm-none-eabi/lib/libstm32.a(stm32_dma.o)
                0x000000000801a010                DMA_Init
 .text.DMA_Cmd  0x000000000801a04c       0x12 /opt/paparazzi/arm-multilib/lib/gcc/arm-none-eabi/4.6.2/../../../../arm-none-eabi/lib/libstm32.a(stm32_dma.o)
                0x000000000801a04c                DMA_Cmd
 .text.DMA_ITConfig
                0x000000000801a05e       0x10 /opt/paparazzi/arm-multilib/lib/gcc/arm-none-eabi/4.6.2/../../../../arm-none-eabi/lib/libstm32.a(stm32_dma.o)
                0x000000000801a05e                DMA_ITConfig
 *fill*         0x000000000801a06e        0x2 00
 .text.DMA_GetITStatus
                0x000000000801a070       0x1c /opt/paparazzi/arm-multilib/lib/gcc/arm-none-eabi/4.6.2/../../../../arm-none-eabi/lib/libstm32.a(stm32_dma.o)
                0x000000000801a070                DMA_GetITStatus
 .text.DMA_ClearITPendingBit
                0x000000000801a08c       0x14 /opt/paparazzi/arm-multilib/lib/gcc/arm-none-eabi/4.6.2/../../../../arm-none-eabi/lib/libstm32.a(stm32_dma.o)
                0x000000000801a08c                DMA_ClearITPendingBit
 .text.GPIO_Init
                0x000000000801a0a0       0xaa /opt/paparazzi/arm-multilib/lib/gcc/arm-none-eabi/4.6.2/../../../../arm-none-eabi/lib/libstm32.a(stm32_gpio.o)
                0x000000000801a0a0                GPIO_Init
 .text.GPIO_ReadInputDataBit
                0x000000000801a14a        0xc /opt/paparazzi/arm-multilib/lib/gcc/arm-none-eabi/4.6.2/../../../../arm-none-eabi/lib/libstm32.a(stm32_gpio.o)
                0x000000000801a14a                GPIO_ReadInputDataBit
 .text.GPIO_WriteBit
                0x000000000801a156        0xa /opt/paparazzi/arm-multilib/lib/gcc/arm-none-eabi/4.6.2/../../../../arm-none-eabi/lib/libstm32.a(stm32_gpio.o)
                0x000000000801a156                GPIO_WriteBit
 .text.GPIO_PinRemapConfig
                0x000000000801a160       0x54 /opt/paparazzi/arm-multilib/lib/gcc/arm-none-eabi/4.6.2/../../../../arm-none-eabi/lib/libstm32.a(stm32_gpio.o)
                0x000000000801a160                GPIO_PinRemapConfig
 .text.USART_Init
                0x000000000801a1b4       0x8c /opt/paparazzi/arm-multilib/lib/gcc/arm-none-eabi/4.6.2/../../../../arm-none-eabi/lib/libstm32.a(stm32_usart.o)
                0x000000000801a1b4                USART_Init
 .text.USART_Cmd
                0x000000000801a240       0x18 /opt/paparazzi/arm-multilib/lib/gcc/arm-none-eabi/4.6.2/../../../../arm-none-eabi/lib/libstm32.a(stm32_usart.o)
                0x000000000801a240                USART_Cmd
 .text.USART_ITConfig
                0x000000000801a258       0x32 /opt/paparazzi/arm-multilib/lib/gcc/arm-none-eabi/4.6.2/../../../../arm-none-eabi/lib/libstm32.a(stm32_usart.o)
                0x000000000801a258                USART_ITConfig
 .text.USART_SendData
                0x000000000801a28a        0x8 /opt/paparazzi/arm-multilib/lib/gcc/arm-none-eabi/4.6.2/../../../../arm-none-eabi/lib/libstm32.a(stm32_usart.o)
                0x000000000801a28a                USART_SendData
 .text.USART_ReceiveData
                0x000000000801a292        0x8 /opt/paparazzi/arm-multilib/lib/gcc/arm-none-eabi/4.6.2/../../../../arm-none-eabi/lib/libstm32.a(stm32_usart.o)
                0x000000000801a292                USART_ReceiveData
 .text.USART_GetITStatus
                0x000000000801a29a       0x3e /opt/paparazzi/arm-multilib/lib/gcc/arm-none-eabi/4.6.2/../../../../arm-none-eabi/lib/libstm32.a(stm32_usart.o)
                0x000000000801a29a                USART_GetITStatus
 .text.SPI_Init
                0x000000000801a2d8       0x3e /opt/paparazzi/arm-multilib/lib/gcc/arm-none-eabi/4.6.2/../../../../arm-none-eabi/lib/libstm32.a(stm32_spi.o)
                0x000000000801a2d8                SPI_Init
 .text.SPI_Cmd  0x000000000801a316       0x18 /opt/paparazzi/arm-multilib/lib/gcc/arm-none-eabi/4.6.2/../../../../arm-none-eabi/lib/libstm32.a(stm32_spi.o)
                0x000000000801a316                SPI_Cmd
 .text.SPI_I2S_DMACmd
                0x000000000801a32e       0x12 /opt/paparazzi/arm-multilib/lib/gcc/arm-none-eabi/4.6.2/../../../../arm-none-eabi/lib/libstm32.a(stm32_spi.o)
                0x000000000801a32e                SPI_I2S_DMACmd
 .text.RCC_ADCCLKConfig
                0x000000000801a340       0x14 /opt/paparazzi/arm-multilib/lib/gcc/arm-none-eabi/4.6.2/../../../../arm-none-eabi/lib/libstm32.a(stm32_rcc.o)
                0x000000000801a340                RCC_ADCCLKConfig
 .text.RCC_GetClocksFreq
                0x000000000801a354       0x8c /opt/paparazzi/arm-multilib/lib/gcc/arm-none-eabi/4.6.2/../../../../arm-none-eabi/lib/libstm32.a(stm32_rcc.o)
                0x000000000801a354                RCC_GetClocksFreq
 .text.RCC_AHBPeriphClockCmd
                0x000000000801a3e0       0x18 /opt/paparazzi/arm-multilib/lib/gcc/arm-none-eabi/4.6.2/../../../../arm-none-eabi/lib/libstm32.a(stm32_rcc.o)
                0x000000000801a3e0                RCC_AHBPeriphClockCmd
 .text.RCC_APB2PeriphClockCmd
                0x000000000801a3f8       0x18 /opt/paparazzi/arm-multilib/lib/gcc/arm-none-eabi/4.6.2/../../../../arm-none-eabi/lib/libstm32.a(stm32_rcc.o)
                0x000000000801a3f8                RCC_APB2PeriphClockCmd
 .text.RCC_APB1PeriphClockCmd
                0x000000000801a410       0x18 /opt/paparazzi/arm-multilib/lib/gcc/arm-none-eabi/4.6.2/../../../../arm-none-eabi/lib/libstm32.a(stm32_rcc.o)
                0x000000000801a410                RCC_APB1PeriphClockCmd
 .text.NVIC_Init
                0x000000000801a428       0x64 /opt/paparazzi/arm-multilib/lib/gcc/arm-none-eabi/4.6.2/../../../../arm-none-eabi/lib/libstm32.a(stm32_misc.o)
                0x000000000801a428                NVIC_Init
 .text.NVIC_SetVectorTable
                0x000000000801a48c       0x14 /opt/paparazzi/arm-multilib/lib/gcc/arm-none-eabi/4.6.2/../../../../arm-none-eabi/lib/libstm32.a(stm32_misc.o)
                0x000000000801a48c                NVIC_SetVectorTable
 .text.rcc_wait_for_osc_ready
                0x000000000801a4a0       0x4c /opt/paparazzi/arm-multilib/lib/gcc/arm-none-eabi/4.6.2/../../../../arm-none-eabi/lib/libopencm3_stm32.a(rcc.o)
                0x000000000801a4a0                rcc_wait_for_osc_ready
 .text.rcc_osc_on
                0x000000000801a4ec       0x4c /opt/paparazzi/arm-multilib/lib/gcc/arm-none-eabi/4.6.2/../../../../arm-none-eabi/lib/libopencm3_stm32.a(rcc.o)
                0x000000000801a4ec                rcc_osc_on
 .text.rcc_set_sysclk_source
                0x000000000801a538       0x14 /opt/paparazzi/arm-multilib/lib/gcc/arm-none-eabi/4.6.2/../../../../arm-none-eabi/lib/libopencm3_stm32.a(rcc.o)
                0x000000000801a538                rcc_set_sysclk_source
 .text.rcc_set_pll_multiplication_factor
                0x000000000801a54c       0x14 /opt/paparazzi/arm-multilib/lib/gcc/arm-none-eabi/4.6.2/../../../../arm-none-eabi/lib/libopencm3_stm32.a(rcc.o)
                0x000000000801a54c                rcc_set_pll_multiplication_factor
 .text.rcc_set_pll_source
                0x000000000801a560       0x14 /opt/paparazzi/arm-multilib/lib/gcc/arm-none-eabi/4.6.2/../../../../arm-none-eabi/lib/libopencm3_stm32.a(rcc.o)
                0x000000000801a560                rcc_set_pll_source
 .text.rcc_set_pllxtpre
                0x000000000801a574       0x14 /opt/paparazzi/arm-multilib/lib/gcc/arm-none-eabi/4.6.2/../../../../arm-none-eabi/lib/libopencm3_stm32.a(rcc.o)
                0x000000000801a574                rcc_set_pllxtpre
 .text.rcc_set_adcpre
                0x000000000801a588       0x14 /opt/paparazzi/arm-multilib/lib/gcc/arm-none-eabi/4.6.2/../../../../arm-none-eabi/lib/libopencm3_stm32.a(rcc.o)
                0x000000000801a588                rcc_set_adcpre
 .text.rcc_set_ppre2
                0x000000000801a59c       0x14 /opt/paparazzi/arm-multilib/lib/gcc/arm-none-eabi/4.6.2/../../../../arm-none-eabi/lib/libopencm3_stm32.a(rcc.o)
                0x000000000801a59c                rcc_set_ppre2
 .text.rcc_set_ppre1
                0x000000000801a5b0       0x14 /opt/paparazzi/arm-multilib/lib/gcc/arm-none-eabi/4.6.2/../../../../arm-none-eabi/lib/libopencm3_stm32.a(rcc.o)
                0x000000000801a5b0                rcc_set_ppre1
 .text.rcc_set_hpre
                0x000000000801a5c4       0x14 /opt/paparazzi/arm-multilib/lib/gcc/arm-none-eabi/4.6.2/../../../../arm-none-eabi/lib/libopencm3_stm32.a(rcc.o)
                0x000000000801a5c4                rcc_set_hpre
 .text.rcc_clock_setup_in_hse_12mhz_out_72mhz
                0x000000000801a5d8       0x88 /opt/paparazzi/arm-multilib/lib/gcc/arm-none-eabi/4.6.2/../../../../arm-none-eabi/lib/libopencm3_stm32.a(rcc.o)
                0x000000000801a5d8                rcc_clock_setup_in_hse_12mhz_out_72mhz
 .text.usart_set_baudrate
                0x000000000801a660       0x24 /opt/paparazzi/arm-multilib/lib/gcc/arm-none-eabi/4.6.2/../../../../arm-none-eabi/lib/libopencm3_stm32.a(usart.o)
                0x000000000801a660                usart_set_baudrate
 .text.flash_set_ws
                0x000000000801a684       0x14 /opt/paparazzi/arm-multilib/lib/gcc/arm-none-eabi/4.6.2/../../../../arm-none-eabi/lib/libopencm3_stm32.a(flash.o)
                0x000000000801a684                flash_set_ws
 *(.rodata)
 .rodata        0x000000000801a698        0x4 /home/uav/USTUAV/paparazzi/var/MYAC/ap/arch/stm32/mcu_periph/spi_arch.o
 *fill*         0x000000000801a69c        0x4 00
 .rodata        0x000000000801a6a0       0x40 /opt/paparazzi/arm-multilib/lib/gcc/arm-none-eabi/4.6.2/../../../../arm-none-eabi/lib/thumb2/libm.a(lib_a-s_atan.o)
 .rodata        0x000000000801a6e0       0x10 /opt/paparazzi/arm-multilib/lib/gcc/arm-none-eabi/4.6.2/../../../../arm-none-eabi/lib/thumb2/libm.a(lib_a-s_rint.o)
 .rodata        0x000000000801a6f0       0x20 /opt/paparazzi/arm-multilib/lib/gcc/arm-none-eabi/4.6.2/../../../../arm-none-eabi/lib/thumb2/libm.a(lib_a-sf_atan.o)
 .rodata        0x000000000801a710       0x30 /opt/paparazzi/arm-multilib/lib/gcc/arm-none-eabi/4.6.2/../../../../arm-none-eabi/lib/thumb2/libm.a(lib_a-e_exp.o)
 .rodata        0x000000000801a740       0x30 /opt/paparazzi/arm-multilib/lib/gcc/arm-none-eabi/4.6.2/../../../../arm-none-eabi/lib/thumb2/libm.a(lib_a-e_pow.o)
 .rodata        0x000000000801a770      0x188 /opt/paparazzi/arm-multilib/lib/gcc/arm-none-eabi/4.6.2/../../../../arm-none-eabi/lib/thumb2/libm.a(lib_a-e_rem_pio2.o)
 .rodata        0x000000000801a8f8      0x398 /opt/paparazzi/arm-multilib/lib/gcc/arm-none-eabi/4.6.2/../../../../arm-none-eabi/lib/thumb2/libm.a(lib_a-ef_rem_pio2.o)
 .rodata        0x000000000801ac90       0x50 /opt/paparazzi/arm-multilib/lib/gcc/arm-none-eabi/4.6.2/../../../../arm-none-eabi/lib/thumb2/libm.a(lib_a-k_rem_pio2.o)
 .rodata        0x000000000801ace0       0x38 /opt/paparazzi/arm-multilib/lib/gcc/arm-none-eabi/4.6.2/../../../../arm-none-eabi/lib/thumb2/libm.a(lib_a-kf_rem_pio2.o)
 *(.rodata*)
 .rodata.serie_coeff_proj_mercator
                0x000000000801ad18       0x14 /home/uav/USTUAV/paparazzi/var/MYAC/ap/math/pprz_geodetic_float.o
 .rodata.commands_failsafe
                0x000000000801ad2c        0x8 /home/uav/USTUAV/paparazzi/var/MYAC/ap/./commands.o
                0x000000000801ad2c                commands_failsafe
 .rodata.version
                0x000000000801ad34        0x2 /home/uav/USTUAV/paparazzi/var/MYAC/ap/firmwares/fixedwing/main_ap.o
 .rodata.str1.1
                0x000000000801ad36       0x11 /home/uav/USTUAV/paparazzi/var/MYAC/ap/firmwares/fixedwing/main_ap.o
 .rodata.nb_waypoint
                0x000000000801ad47        0x1 /home/uav/USTUAV/paparazzi/var/MYAC/ap/subsystems/nav.o
                0x000000000801ad47                nb_waypoint
 .rodata.str1.1
                0x000000000801ad48        0x5 /opt/paparazzi/arm-multilib/lib/gcc/arm-none-eabi/4.6.2/../../../../arm-none-eabi/lib/thumb2/libm.a(lib_a-w_asin.o)
                                          0x6 (size before relaxing)
 .rodata.str1.1
                0x000000000801ad4d        0x5 /opt/paparazzi/arm-multilib/lib/gcc/arm-none-eabi/4.6.2/../../../../arm-none-eabi/lib/thumb2/libm.a(lib_a-w_cosh.o)
 .rodata.str1.1
                0x000000000801ad52        0x4 /opt/paparazzi/arm-multilib/lib/gcc/arm-none-eabi/4.6.2/../../../../arm-none-eabi/lib/thumb2/libm.a(lib_a-w_exp.o)
 .rodata.str1.1
                0x000000000801ad56        0x4 /opt/paparazzi/arm-multilib/lib/gcc/arm-none-eabi/4.6.2/../../../../arm-none-eabi/lib/thumb2/libm.a(lib_a-w_log.o)
                                          0x5 (size before relaxing)
 .rodata.str1.1
                0x000000000801ad5a        0x4 /opt/paparazzi/arm-multilib/lib/gcc/arm-none-eabi/4.6.2/../../../../arm-none-eabi/lib/thumb2/libm.a(lib_a-w_pow.o)
 .rodata.str1.1
                0x000000000801ad5e        0x5 /opt/paparazzi/arm-multilib/lib/gcc/arm-none-eabi/4.6.2/../../../../arm-none-eabi/lib/thumb2/libm.a(lib_a-w_sinh.o)
 .rodata.str1.1
                0x000000000801ad63        0x5 /opt/paparazzi/arm-multilib/lib/gcc/arm-none-eabi/4.6.2/../../../../arm-none-eabi/lib/thumb2/libm.a(lib_a-w_sqrt.o)
 .rodata.str1.1
                0x000000000801ad68        0x6 /opt/paparazzi/arm-multilib/lib/gcc/arm-none-eabi/4.6.2/../../../../arm-none-eabi/lib/thumb2/libm.a(lib_a-wf_asin.o)
                                          0x7 (size before relaxing)
 .rodata.str1.1
                0x0000000000000000        0x1 /opt/paparazzi/arm-multilib/lib/gcc/arm-none-eabi/4.6.2/../../../../arm-none-eabi/lib/thumb2/libm.a(lib_a-e_pow.o)
 .rodata.str1.1
                0x000000000801ad6e        0x2 /opt/paparazzi/arm-multilib/lib/gcc/arm-none-eabi/4.6.2/../../../../arm-none-eabi/lib/thumb2/libc.a(lib_a-impure.o)
 *(.glue_7)
 .glue_7        0x0000000000000000        0x0 linker stubs
 *(.glue_7t)
 .glue_7t       0x0000000000000000        0x0 linker stubs
                0x000000000801ad70                . = ALIGN (0x4)
                0x000000000801ad70                _etext = .
                0x000000000801ad70                _sidata = _etext

.vfp11_veneer   0x000000000801ad70        0x0
 .vfp11_veneer  0x0000000000000000        0x0 linker stubs

.v4_bx          0x000000000801ad70        0x0
 .v4_bx         0x0000000000000000        0x0 linker stubs

.data           0x0000000020000000     0x37c4 load address 0x000000000801ad70
                0x0000000020000000                . = ALIGN (0x4)
                0x0000000020000000                _sdata = .
 *(.data)
 .data          0x0000000020000000        0x1 /opt/paparazzi/arm-multilib/lib/gcc/arm-none-eabi/4.6.2/../../../../arm-none-eabi/lib/thumb2/libm.a(lib_a-s_lib_ver.o)
                0x0000000020000000                __fdlib_version
 *fill*         0x0000000020000001        0x7 00
 .data          0x0000000020000008      0x430 /opt/paparazzi/arm-multilib/lib/gcc/arm-none-eabi/4.6.2/../../../../arm-none-eabi/lib/thumb2/libc.a(lib_a-impure.o)
                0x0000000020000008                _impure_ptr
 *(.data.*)
 .data.fbw_state
                0x0000000020000438        0x4 /home/uav/USTUAV/paparazzi/var/MYAC/ap/./inter_mcu.o
                0x0000000020000438                fbw_state
 .data.ap_state
                0x000000002000043c        0x4 /home/uav/USTUAV/paparazzi/var/MYAC/ap/./inter_mcu.o
                0x000000002000043c                ap_state
 .data.pprz_trig_int
                0x0000000020000440     0x3244 /home/uav/USTUAV/paparazzi/var/MYAC/ap/math/pprz_trig_int.o
                0x0000000020000440                pprz_trig_int
 .data.boot.4502
                0x0000000020003684        0x1 /home/uav/USTUAV/paparazzi/var/MYAC/ap/firmwares/fixedwing/main_ap.o
 .data.pprz_mode
                0x0000000020003685        0x1 /home/uav/USTUAV/paparazzi/var/MYAC/ap/firmwares/fixedwing/main_ap.o
                0x0000000020003685                pprz_mode
 .data.SpektrumSigns
                0x0000000020003686        0xc /home/uav/USTUAV/paparazzi/var/MYAC/ap/arch/stm32/subsystems/radio_control/spektrum_arch.o
                0x0000000020003686                SpektrumSigns
 .data.PrimarySpektrumState
                0x0000000020003692       0x28 /home/uav/USTUAV/paparazzi/var/MYAC/ap/arch/stm32/subsystems/radio_control/spektrum_arch.o
                0x0000000020003692                PrimarySpektrumState
 *fill*         0x00000000200036ba        0x2 00
 .data.Update_Matrix
                0x00000000200036bc       0x24 /home/uav/USTUAV/paparazzi/var/MYAC/ap/subsystems/ahrs/ahrs_float_dcm.o
                0x00000000200036bc                Update_Matrix
 .data.DCM_Matrix
                0x00000000200036e0       0x24 /home/uav/USTUAV/paparazzi/var/MYAC/ap/subsystems/ahrs/ahrs_float_dcm.o
                0x00000000200036e0                DCM_Matrix
 .data.max_dist_from_home
                0x0000000020003704        0x4 /home/uav/USTUAV/paparazzi/var/MYAC/ap/subsystems/nav.o
                0x0000000020003704                max_dist_from_home
 .data.nav_altitude
                0x0000000020003708        0x4 /home/uav/USTUAV/paparazzi/var/MYAC/ap/subsystems/nav.o
                0x0000000020003708                nav_altitude
 .data.nav_utm_zone0
                0x000000002000370c        0x1 /home/uav/USTUAV/paparazzi/var/MYAC/ap/subsystems/nav.o
                0x000000002000370c                nav_utm_zone0
 *fill*         0x000000002000370d        0x3 00
 .data.nav_utm_north0
                0x0000000020003710        0x4 /home/uav/USTUAV/paparazzi/var/MYAC/ap/subsystems/nav.o
                0x0000000020003710                nav_utm_north0
 .data.waypoints
                0x0000000020003714       0x90 /home/uav/USTUAV/paparazzi/var/MYAC/ap/subsystems/nav.o
                0x0000000020003714                waypoints
 .data.nav_utm_east0
                0x00000000200037a4        0x4 /home/uav/USTUAV/paparazzi/var/MYAC/ap/subsystems/nav.o
                0x00000000200037a4                nav_utm_east0
 .data.ADCPrescTable
                0x00000000200037a8        0x4 /opt/paparazzi/arm-multilib/lib/gcc/arm-none-eabi/4.6.2/../../../../arm-none-eabi/lib/libstm32.a(stm32_rcc.o)
 .data.APBAHBPrescTable
                0x00000000200037ac       0x10 /opt/paparazzi/arm-multilib/lib/gcc/arm-none-eabi/4.6.2/../../../../arm-none-eabi/lib/libstm32.a(stm32_rcc.o)
 .data.rcc_ppre1_frequency
                0x00000000200037bc        0x4 /opt/paparazzi/arm-multilib/lib/gcc/arm-none-eabi/4.6.2/../../../../arm-none-eabi/lib/libopencm3_stm32.a(rcc.o)
                0x00000000200037bc                rcc_ppre1_frequency
 .data.rcc_ppre2_frequency
                0x00000000200037c0        0x4 /opt/paparazzi/arm-multilib/lib/gcc/arm-none-eabi/4.6.2/../../../../arm-none-eabi/lib/libopencm3_stm32.a(rcc.o)
                0x00000000200037c0                rcc_ppre2_frequency
                0x00000000200037c4                . = ALIGN (0x4)
                0x00000000200037c4                _edata = .

.bss            0x00000000200037c8     0x14d4 load address 0x000000000801e538
                0x00000000200037c8                . = ALIGN (0x4)
                0x00000000200037c8                _sbss = .
 *(.dynbss)
 *(.bss .bss.* .gnu.linkonce.b.*)
 .bss.sys_time  0x00000000200037c8       0xac /home/uav/USTUAV/paparazzi/var/MYAC/ap/mcu_periph/sys_time.o
                0x00000000200037c8                sys_time
 .bss.inter_mcu_received_ap
                0x0000000020003874        0x1 /home/uav/USTUAV/paparazzi/var/MYAC/ap/./inter_mcu.o
                0x0000000020003874                inter_mcu_received_ap
 *fill*         0x0000000020003875        0x1 00
 .bss._ap_state
                0x0000000020003876        0xc /home/uav/USTUAV/paparazzi/var/MYAC/ap/./inter_mcu.o
 .bss.ap_ok     0x0000000020003882        0x1 /home/uav/USTUAV/paparazzi/var/MYAC/ap/./inter_mcu.o
                0x0000000020003882                ap_ok
 .bss.time_since_last_ap
                0x0000000020003883        0x1 /home/uav/USTUAV/paparazzi/var/MYAC/ap/./inter_mcu.o
                0x0000000020003883                time_since_last_ap
 .bss.inter_mcu_received_fbw
                0x0000000020003884        0x1 /home/uav/USTUAV/paparazzi/var/MYAC/ap/./inter_mcu.o
                0x0000000020003884                inter_mcu_received_fbw
 *fill*         0x0000000020003885        0x3 00
 .bss._fbw_state
                0x0000000020003888       0x20 /home/uav/USTUAV/paparazzi/var/MYAC/ap/./inter_mcu.o
 .bss.i3.3603   0x00000000200038a8        0x1 /home/uav/USTUAV/paparazzi/var/MYAC/ap/firmwares/fixedwing/main_fbw.o
 .bss.i30.3630  0x00000000200038a9        0x1 /home/uav/USTUAV/paparazzi/var/MYAC/ap/firmwares/fixedwing/main_fbw.o
 .bss.i3.3629   0x00000000200038aa        0x1 /home/uav/USTUAV/paparazzi/var/MYAC/ap/firmwares/fixedwing/main_fbw.o
 *fill*         0x00000000200038ab        0x1 00
 .bss.i300.3605
                0x00000000200038ac        0x2 /home/uav/USTUAV/paparazzi/var/MYAC/ap/firmwares/fixedwing/main_fbw.o
 .bss.fbw_mode  0x00000000200038ae        0x1 /home/uav/USTUAV/paparazzi/var/MYAC/ap/firmwares/fixedwing/main_fbw.o
                0x00000000200038ae                fbw_mode
 .bss.fbw_periodic_tid
                0x00000000200038af        0x1 /home/uav/USTUAV/paparazzi/var/MYAC/ap/firmwares/fixedwing/main_fbw.o
                0x00000000200038af                fbw_periodic_tid
 .bss._1Hz.3375
                0x00000000200038b0        0x1 /home/uav/USTUAV/paparazzi/var/MYAC/ap/firmwares/fixedwing/main_fbw.o
 .bss.fbw_new_actuators
                0x00000000200038b1        0x1 /home/uav/USTUAV/paparazzi/var/MYAC/ap/firmwares/fixedwing/main_fbw.o
                0x00000000200038b1                fbw_new_actuators
 .bss.i60.3631  0x00000000200038b2        0x1 /home/uav/USTUAV/paparazzi/var/MYAC/ap/firmwares/fixedwing/main_fbw.o
 .bss.i120.3604
                0x00000000200038b3        0x1 /home/uav/USTUAV/paparazzi/var/MYAC/ap/firmwares/fixedwing/main_fbw.o
 .bss.electrical_tid
                0x00000000200038b4        0x1 /home/uav/USTUAV/paparazzi/var/MYAC/ap/firmwares/fixedwing/main_fbw.o
                0x00000000200038b4                electrical_tid
 *fill*         0x00000000200038b5        0x3 00
 .bss.electrical_priv
                0x00000000200038b8       0x4c /home/uav/USTUAV/paparazzi/var/MYAC/ap/subsystems/electrical.o
 .bss.electrical
                0x0000000020003904        0x8 /home/uav/USTUAV/paparazzi/var/MYAC/ap/subsystems/electrical.o
                0x0000000020003904                electrical
 .bss.commands  0x000000002000390c        0x8 /home/uav/USTUAV/paparazzi/var/MYAC/ap/./commands.o
                0x000000002000390c                commands
 .bss.command_roll_trim
                0x0000000020003914        0x2 /home/uav/USTUAV/paparazzi/var/MYAC/ap/./commands.o
                0x0000000020003914                command_roll_trim
 .bss.command_pitch_trim
                0x0000000020003916        0x2 /home/uav/USTUAV/paparazzi/var/MYAC/ap/./commands.o
                0x0000000020003916                command_pitch_trim
 .bss.telemetry_mode_Fbw
                0x0000000020003918        0x1 /home/uav/USTUAV/paparazzi/var/MYAC/ap/firmwares/fixedwing/fbw_downlink.o
                0x0000000020003918                telemetry_mode_Fbw
 .bss.mcu1_ppm_cpt
                0x0000000020003919        0x1 /home/uav/USTUAV/paparazzi/var/MYAC/ap/firmwares/fixedwing/main_ap.o
 .bss.modules_tid
                0x000000002000391a        0x1 /home/uav/USTUAV/paparazzi/var/MYAC/ap/firmwares/fixedwing/main_ap.o
                0x000000002000391a                modules_tid
 .bss.vsupply   0x000000002000391b        0x1 /home/uav/USTUAV/paparazzi/var/MYAC/ap/firmwares/fixedwing/main_ap.o
                0x000000002000391b                vsupply
 .bss.acc_avg.5363
                0x000000002000391c        0xc /home/uav/USTUAV/paparazzi/var/MYAC/ap/firmwares/fixedwing/main_ap.o
 .bss.i.4907    0x0000000020003928        0x1 /home/uav/USTUAV/paparazzi/var/MYAC/ap/firmwares/fixedwing/main_ap.o
 .bss.i.4841    0x0000000020003929        0x1 /home/uav/USTUAV/paparazzi/var/MYAC/ap/firmwares/fixedwing/main_ap.o
 .bss.i126.4514
                0x000000002000392a        0x1 /home/uav/USTUAV/paparazzi/var/MYAC/ap/firmwares/fixedwing/main_ap.o
 .bss.sensors_tid
                0x000000002000392b        0x1 /home/uav/USTUAV/paparazzi/var/MYAC/ap/firmwares/fixedwing/main_ap.o
                0x000000002000392b                sensors_tid
 .bss.i15.4282  0x000000002000392c        0x1 /home/uav/USTUAV/paparazzi/var/MYAC/ap/firmwares/fixedwing/main_ap.o
 .bss.ahrs_timeout_counter
                0x000000002000392d        0x1 /home/uav/USTUAV/paparazzi/var/MYAC/ap/firmwares/fixedwing/main_ap.o
                0x000000002000392d                ahrs_timeout_counter
 .bss.i243.4835
                0x000000002000392e        0x1 /home/uav/USTUAV/paparazzi/var/MYAC/ap/firmwares/fixedwing/main_ap.o
 .bss.i.4581    0x000000002000392f        0x1 /home/uav/USTUAV/paparazzi/var/MYAC/ap/firmwares/fixedwing/main_ap.o
 .bss.i.5143    0x0000000020003930        0x1 /home/uav/USTUAV/paparazzi/var/MYAC/ap/firmwares/fixedwing/main_ap.o
 .bss.i.4711    0x0000000020003931        0x1 /home/uav/USTUAV/paparazzi/var/MYAC/ap/firmwares/fixedwing/main_ap.o
 .bss.i63.4509  0x0000000020003932        0x1 /home/uav/USTUAV/paparazzi/var/MYAC/ap/firmwares/fixedwing/main_ap.o
 .bss.i66.4826  0x0000000020003933        0x1 /home/uav/USTUAV/paparazzi/var/MYAC/ap/firmwares/fixedwing/main_ap.o
 .bss.i240.4834
                0x0000000020003934        0x1 /home/uav/USTUAV/paparazzi/var/MYAC/ap/firmwares/fixedwing/main_ap.o
 .bss.i120.4513
                0x0000000020003935        0x1 /home/uav/USTUAV/paparazzi/var/MYAC/ap/firmwares/fixedwing/main_ap.o
 .bss.launch    0x0000000020003936        0x1 /home/uav/USTUAV/paparazzi/var/MYAC/ap/firmwares/fixedwing/main_ap.o
                0x0000000020003936                launch
 .bss.i60.4508  0x0000000020003937        0x1 /home/uav/USTUAV/paparazzi/var/MYAC/ap/firmwares/fixedwing/main_ap.o
 .bss.i63.4825  0x0000000020003938        0x1 /home/uav/USTUAV/paparazzi/var/MYAC/ap/firmwares/fixedwing/main_ap.o
 .bss._reduced_propagation_rate.5361
                0x0000000020003939        0x1 /home/uav/USTUAV/paparazzi/var/MYAC/ap/firmwares/fixedwing/main_ap.o
 .bss._reduced_correction_rate.5362
                0x000000002000393a        0x1 /home/uav/USTUAV/paparazzi/var/MYAC/ap/firmwares/fixedwing/main_ap.o
 *fill*         0x000000002000393b        0x1 00
 .bss.i612.5136
                0x000000002000393c        0x2 /home/uav/USTUAV/paparazzi/var/MYAC/ap/firmwares/fixedwing/main_ap.o
 .bss.gps_ubx_gps_ubx_ucenter_periodic_status
                0x000000002000393e        0x1 /home/uav/USTUAV/paparazzi/var/MYAC/ap/firmwares/fixedwing/main_ap.o
                0x000000002000393e                gps_ubx_gps_ubx_ucenter_periodic_status
 .bss.lateral_mode
                0x000000002000393f        0x1 /home/uav/USTUAV/paparazzi/var/MYAC/ap/firmwares/fixedwing/main_ap.o
                0x000000002000393f                lateral_mode
 .bss.mcu1_status
                0x0000000020003940        0x1 /home/uav/USTUAV/paparazzi/var/MYAC/ap/firmwares/fixedwing/main_ap.o
 .bss.i150.4515
                0x0000000020003941        0x1 /home/uav/USTUAV/paparazzi/var/MYAC/ap/firmwares/fixedwing/main_ap.o
 .bss.i72.4511  0x0000000020003942        0x1 /home/uav/USTUAV/paparazzi/var/MYAC/ap/firmwares/fixedwing/main_ap.o
 .bss.i15.4506  0x0000000020003943        0x1 /home/uav/USTUAV/paparazzi/var/MYAC/ap/firmwares/fixedwing/main_ap.o
 .bss.i.4925    0x0000000020003944        0x1 /home/uav/USTUAV/paparazzi/var/MYAC/ap/firmwares/fixedwing/main_ap.o
 .bss.i1.4281   0x0000000020003945        0x1 /home/uav/USTUAV/paparazzi/var/MYAC/ap/firmwares/fixedwing/main_ap.o
 .bss.last_pprz_mode.5285
                0x0000000020003946        0x1 /home/uav/USTUAV/paparazzi/var/MYAC/ap/firmwares/fixedwing/main_ap.o
 .bss.i60.4283  0x0000000020003947        0x1 /home/uav/USTUAV/paparazzi/var/MYAC/ap/firmwares/fixedwing/main_ap.o
 .bss.power_switch
                0x0000000020003948        0x1 /home/uav/USTUAV/paparazzi/var/MYAC/ap/firmwares/fixedwing/main_ap.o
                0x0000000020003948                power_switch
 .bss.i126.4830
                0x0000000020003949        0x1 /home/uav/USTUAV/paparazzi/var/MYAC/ap/firmwares/fixedwing/main_ap.o
 .bss.i420.5134
                0x000000002000394a        0x2 /home/uav/USTUAV/paparazzi/var/MYAC/ap/firmwares/fixedwing/main_ap.o
 .bss.t.5334    0x000000002000394c        0x1 /home/uav/USTUAV/paparazzi/var/MYAC/ap/firmwares/fixedwing/main_ap.o
 *fill*         0x000000002000394d        0x1 00
 .bss.i312.4838
                0x000000002000394e        0x2 /home/uav/USTUAV/paparazzi/var/MYAC/ap/firmwares/fixedwing/main_ap.o
 .bss.new_ins_attitude
                0x0000000020003950        0x1 /home/uav/USTUAV/paparazzi/var/MYAC/ap/firmwares/fixedwing/main_ap.o
                0x0000000020003950                new_ins_attitude
 *fill*         0x0000000020003951        0x1 00
 .bss.i606.4840
                0x0000000020003952        0x2 /home/uav/USTUAV/paparazzi/var/MYAC/ap/firmwares/fixedwing/main_ap.o
 .bss.i342.5133
                0x0000000020003954        0x2 /home/uav/USTUAV/paparazzi/var/MYAC/ap/firmwares/fixedwing/main_ap.o
 .bss.telemetry_tid
                0x0000000020003956        0x1 /home/uav/USTUAV/paparazzi/var/MYAC/ap/firmwares/fixedwing/main_ap.o
                0x0000000020003956                telemetry_tid
 *fill*         0x0000000020003957        0x1 00
 .bss.i306.4517
                0x0000000020003958        0x2 /home/uav/USTUAV/paparazzi/var/MYAC/ap/firmwares/fixedwing/main_ap.o
 .bss.i192.4833
                0x000000002000395a        0x1 /home/uav/USTUAV/paparazzi/var/MYAC/ap/firmwares/fixedwing/main_ap.o
 *fill*         0x000000002000395b        0x1 00
 .bss.gyr_avg.5364
                0x000000002000395c        0xc /home/uav/USTUAV/paparazzi/var/MYAC/ap/firmwares/fixedwing/main_ap.o
 .bss.i300.4516
                0x0000000020003968        0x2 /home/uav/USTUAV/paparazzi/var/MYAC/ap/firmwares/fixedwing/main_ap.o
 .bss.i66.4510  0x000000002000396a        0x1 /home/uav/USTUAV/paparazzi/var/MYAC/ap/firmwares/fixedwing/main_ap.o
 .bss.kill_throttle
                0x000000002000396b        0x1 /home/uav/USTUAV/paparazzi/var/MYAC/ap/firmwares/fixedwing/main_ap.o
                0x000000002000396b                kill_throttle
 .bss.i540.4518
                0x000000002000396c        0x2 /home/uav/USTUAV/paparazzi/var/MYAC/ap/firmwares/fixedwing/main_ap.o
 .bss.i90.4829  0x000000002000396e        0x1 /home/uav/USTUAV/paparazzi/var/MYAC/ap/firmwares/fixedwing/main_ap.o
 *fill*         0x000000002000396f        0x1 00
 .bss.i300.4836
                0x0000000020003970        0x2 /home/uav/USTUAV/paparazzi/var/MYAC/ap/firmwares/fixedwing/main_ap.o
 .bss.i183.4832
                0x0000000020003972        0x1 /home/uav/USTUAV/paparazzi/var/MYAC/ap/firmwares/fixedwing/main_ap.o
 *fill*         0x0000000020003973        0x1 00
 .bss.i330.5132
                0x0000000020003974        0x2 /home/uav/USTUAV/paparazzi/var/MYAC/ap/firmwares/fixedwing/main_ap.o
 .bss.i90.4512  0x0000000020003976        0x1 /home/uav/USTUAV/paparazzi/var/MYAC/ap/firmwares/fixedwing/main_ap.o
 *fill*         0x0000000020003977        0x1 00
 .bss.i540.4839
                0x0000000020003978        0x2 /home/uav/USTUAV/paparazzi/var/MYAC/ap/firmwares/fixedwing/main_ap.o
 .bss.i180.4831
                0x000000002000397a        0x1 /home/uav/USTUAV/paparazzi/var/MYAC/ap/firmwares/fixedwing/main_ap.o
 *fill*         0x000000002000397b        0x1 00
 .bss.energy    0x000000002000397c        0x4 /home/uav/USTUAV/paparazzi/var/MYAC/ap/firmwares/fixedwing/main_ap.o
                0x000000002000397c                energy
 .bss.monitor_tid
                0x0000000020003980        0x1 /home/uav/USTUAV/paparazzi/var/MYAC/ap/firmwares/fixedwing/main_ap.o
                0x0000000020003980                monitor_tid
 *fill*         0x0000000020003981        0x1 00
 .bss.last.5222
                0x0000000020003982        0x2 /home/uav/USTUAV/paparazzi/var/MYAC/ap/firmwares/fixedwing/main_ap.o
 .bss.i.4519    0x0000000020003984        0x1 /home/uav/USTUAV/paparazzi/var/MYAC/ap/firmwares/fixedwing/main_ap.o
 *fill*         0x0000000020003985        0x1 00
 .bss.last.4807
                0x0000000020003986        0x2 /home/uav/USTUAV/paparazzi/var/MYAC/ap/firmwares/fixedwing/main_ap.o
 .bss.i84.4828  0x0000000020003988        0x1 /home/uav/USTUAV/paparazzi/var/MYAC/ap/firmwares/fixedwing/main_ap.o
 *fill*         0x0000000020003989        0x3 00
 .bss.current   0x000000002000398c        0x4 /home/uav/USTUAV/paparazzi/var/MYAC/ap/firmwares/fixedwing/main_ap.o