Archive member included because of file (symbol)

/opt/paparazzi/arm-multilib/lib/gcc/arm-none-eabi/4.6.2/../../../../arm-none-eabi/lib/thumb2/libc.a(lib_a-memcpy.o)
                              /home/uav/USTUAV/paparazzi/var/MYAC/ap/arch/stm32/mcu_periph/spi_arch.o (memcpy)
/opt/paparazzi/arm-multilib/lib/gcc/arm-none-eabi/4.6.2/../../../../arm-none-eabi/lib/thumb2/libm.a(lib_a-s_atan.o)
                              /home/uav/USTUAV/paparazzi/var/MYAC/ap/math/pprz_geodetic_float.o (atan)
/opt/paparazzi/arm-multilib/lib/gcc/arm-none-eabi/4.6.2/../../../../arm-none-eabi/lib/thumb2/libm.a(lib_a-s_cos.o)
                              /home/uav/USTUAV/paparazzi/var/MYAC/ap/math/pprz_geodetic_float.o (cos)
/opt/paparazzi/arm-multilib/lib/gcc/arm-none-eabi/4.6.2/../../../../arm-none-eabi/lib/thumb2/libm.a(lib_a-s_fabs.o)
                              /opt/paparazzi/arm-multilib/lib/gcc/arm-none-eabi/4.6.2/../../../../arm-none-eabi/lib/thumb2/libm.a(lib_a-s_atan.o) (fabs)
/opt/paparazzi/arm-multilib/lib/gcc/arm-none-eabi/4.6.2/../../../../arm-none-eabi/lib/thumb2/libm.a(lib_a-s_rint.o)
                              /home/uav/USTUAV/paparazzi/var/MYAC/ap/math/pprz_geodetic_int.o (rint)
/opt/paparazzi/arm-multilib/lib/gcc/arm-none-eabi/4.6.2/../../../../arm-none-eabi/lib/thumb2/libm.a(lib_a-s_sin.o)
                              /home/uav/USTUAV/paparazzi/var/MYAC/ap/math/pprz_geodetic_float.o (sin)
/opt/paparazzi/arm-multilib/lib/gcc/arm-none-eabi/4.6.2/../../../../arm-none-eabi/lib/thumb2/libm.a(lib_a-s_tan.o)
                              /home/uav/USTUAV/paparazzi/var/MYAC/ap/math/pprz_geodetic_float.o (tan)
/opt/paparazzi/arm-multilib/lib/gcc/arm-none-eabi/4.6.2/../../../../arm-none-eabi/lib/thumb2/libm.a(lib_a-sf_atan.o)
                              /home/uav/USTUAV/paparazzi/var/MYAC/ap/math/pprz_geodetic_float.o (atanf)
/opt/paparazzi/arm-multilib/lib/gcc/arm-none-eabi/4.6.2/../../../../arm-none-eabi/lib/thumb2/libm.a(lib_a-sf_cos.o)
                              /home/uav/USTUAV/paparazzi/var/MYAC/ap/math/pprz_geodetic_int.o (cosf)
/opt/paparazzi/arm-multilib/lib/gcc/arm-none-eabi/4.6.2/../../../../arm-none-eabi/lib/thumb2/libm.a(lib_a-sf_fabs.o)
                              /opt/paparazzi/arm-multilib/lib/gcc/arm-none-eabi/4.6.2/../../../../arm-none-eabi/lib/thumb2/libm.a(lib_a-sf_atan.o) (fabsf)
/opt/paparazzi/arm-multilib/lib/gcc/arm-none-eabi/4.6.2/../../../../arm-none-eabi/lib/thumb2/libm.a(lib_a-sf_sin.o)
                              /home/uav/USTUAV/paparazzi/var/MYAC/ap/math/pprz_geodetic_int.o (sinf)
/opt/paparazzi/arm-multilib/lib/gcc/arm-none-eabi/4.6.2/../../../../arm-none-eabi/lib/thumb2/libm.a(lib_a-w_asin.o)
                              /home/uav/USTUAV/paparazzi/var/MYAC/ap/math/pprz_geodetic_float.o (asin)
/opt/paparazzi/arm-multilib/lib/gcc/arm-none-eabi/4.6.2/../../../../arm-none-eabi/lib/thumb2/libm.a(lib_a-w_atan2.o)
                              /home/uav/USTUAV/paparazzi/var/MYAC/ap/math/pprz_geodetic_double.o (atan2)
/opt/paparazzi/arm-multilib/lib/gcc/arm-none-eabi/4.6.2/../../../../arm-none-eabi/lib/thumb2/libm.a(lib_a-w_cosh.o)
                              /home/uav/USTUAV/paparazzi/var/MYAC/ap/math/pprz_geodetic_float.o (cosh)
/opt/paparazzi/arm-multilib/lib/gcc/arm-none-eabi/4.6.2/../../../../arm-none-eabi/lib/thumb2/libm.a(lib_a-w_exp.o)
                              /home/uav/USTUAV/paparazzi/var/MYAC/ap/math/pprz_geodetic_float.o (exp)
/opt/paparazzi/arm-multilib/lib/gcc/arm-none-eabi/4.6.2/../../../../arm-none-eabi/lib/thumb2/libm.a(lib_a-w_log.o)
                              /home/uav/USTUAV/paparazzi/var/MYAC/ap/math/pprz_geodetic_float.o (log)
/opt/paparazzi/arm-multilib/lib/gcc/arm-none-eabi/4.6.2/../../../../arm-none-eabi/lib/thumb2/libm.a(lib_a-w_pow.o)
                              /home/uav/USTUAV/paparazzi/var/MYAC/ap/math/pprz_geodetic_float.o (pow)
/opt/paparazzi/arm-multilib/lib/gcc/arm-none-eabi/4.6.2/../../../../arm-none-eabi/lib/thumb2/libm.a(lib_a-w_sinh.o)
                              /home/uav/USTUAV/paparazzi/var/MYAC/ap/math/pprz_geodetic_float.o (sinh)
/opt/paparazzi/arm-multilib/lib/gcc/arm-none-eabi/4.6.2/../../../../arm-none-eabi/lib/thumb2/libm.a(lib_a-w_sqrt.o)
                              /home/uav/USTUAV/paparazzi/var/MYAC/ap/math/pprz_geodetic_double.o (sqrt)
/opt/paparazzi/arm-multilib/lib/gcc/arm-none-eabi/4.6.2/../../../../arm-none-eabi/lib/thumb2/libm.a(lib_a-wf_asin.o)
                              /home/uav/USTUAV/paparazzi/var/MYAC/ap/subsystems/ahrs/ahrs_float_dcm.o (asinf)
/opt/paparazzi/arm-multilib/lib/gcc/arm-none-eabi/4.6.2/../../../../arm-none-eabi/lib/thumb2/libm.a(lib_a-wf_atan2.o)
                              /home/uav/USTUAV/paparazzi/var/MYAC/ap/math/pprz_geodetic_float.o (atan2f)
/opt/paparazzi/arm-multilib/lib/gcc/arm-none-eabi/4.6.2/../../../../arm-none-eabi/lib/thumb2/libm.a(lib_a-wf_pow.o)
                              /home/uav/USTUAV/paparazzi/var/MYAC/ap/math/pprz_geodetic_float.o (powf)
[...]
Memory Configuration

Name             Origin             Length             Attributes
RAM              0x0000000020000000 0x0000000000010000 xrw
FLASH            0x0000000008002000 0x000000000003d800 xr
FLASHB1          0x0000000000000000 0x0000000000000000 xr
*default*        0x0000000000000000 0xffffffffffffffff

Linker script and memory map

LOAD /home/uav/USTUAV/paparazzi/var/MYAC/ap/mcu.o
LOAD /home/uav/USTUAV/paparazzi/var/MYAC/ap/arch/stm32/mcu_arch.o
LOAD /home/uav/USTUAV/paparazzi/var/MYAC/ap/arch/stm32/led_hw.o
LOAD /home/uav/USTUAV/paparazzi/var/MYAC/ap/mcu_periph/sys_time.o
LOAD /home/uav/USTUAV/paparazzi/var/MYAC/ap/arch/stm32/mcu_periph/sys_time_arch.o
LOAD /home/uav/USTUAV/paparazzi/var/MYAC/ap/./inter_mcu.o
LOAD /home/uav/USTUAV/paparazzi/var/MYAC/ap/math/pprz_geodetic_int.o
LOAD /home/uav/USTUAV/paparazzi/var/MYAC/ap/math/pprz_geodetic_float.o
LOAD /home/uav/USTUAV/paparazzi/var/MYAC/ap/math/pprz_geodetic_double.o
LOAD /home/uav/USTUAV/paparazzi/var/MYAC/ap/math/pprz_trig_int.o
LOAD /home/uav/USTUAV/paparazzi/var/MYAC/ap/mcu_periph/i2c.o
LOAD /home/uav/USTUAV/paparazzi/var/MYAC/ap/arch/stm32/mcu_periph/i2c_arch.o
LOAD /home/uav/USTUAV/paparazzi/var/MYAC/ap/firmwares/fixedwing/main_fbw.o
LOAD /home/uav/USTUAV/paparazzi/var/MYAC/ap/subsystems/electrical.o
LOAD /home/uav/USTUAV/paparazzi/var/MYAC/ap/./commands.o
LOAD /home/uav/USTUAV/paparazzi/var/MYAC/ap/firmwares/fixedwing/fbw_downlink.o
LOAD /home/uav/USTUAV/paparazzi/var/MYAC/ap/firmwares/fixedwing/main_ap.o
LOAD /home/uav/USTUAV/paparazzi/var/MYAC/ap/./estimator.o
LOAD /home/uav/USTUAV/paparazzi/var/MYAC/ap/firmwares/fixedwing/ap_downlink.o
LOAD /home/uav/USTUAV/paparazzi/var/MYAC/ap/arch/stm32/stm32_exceptions.o
LOAD /home/uav/USTUAV/paparazzi/var/MYAC/ap/arch/stm32/stm32_vector_table.o
LOAD /home/uav/USTUAV/paparazzi/var/MYAC/ap/lisa/plug_sys.o
LOAD /home/uav/USTUAV/paparazzi/var/MYAC/ap/firmwares/fixedwing/main.o
LOAD /home/uav/USTUAV/paparazzi/var/MYAC/ap/mcu_periph/uart.o
LOAD /home/uav/USTUAV/paparazzi/var/MYAC/ap/arch/stm32/mcu_periph/uart_arch.o
LOAD /home/uav/USTUAV/paparazzi/var/MYAC/ap/subsystems/settings.o
LOAD /home/uav/USTUAV/paparazzi/var/MYAC/ap/arch/stm32/subsystems/settings_arch.o
LOAD /home/uav/USTUAV/paparazzi/var/MYAC/ap/arch/stm32/mcu_periph/adc_arch.o
LOAD /home/uav/USTUAV/paparazzi/var/MYAC/ap/arch/stm32/servos_direct_hw.o
LOAD /home/uav/USTUAV/paparazzi/var/MYAC/ap/actuators.o
LOAD /home/uav/USTUAV/paparazzi/var/MYAC/ap/firmwares/rotorcraft/actuators/arch/stm32/actuators_pwm_arch.o
LOAD /home/uav/USTUAV/paparazzi/var/MYAC/ap/subsystems/radio_control.o
LOAD /home/uav/USTUAV/paparazzi/var/MYAC/ap/subsystems/radio_control/spektrum.o
LOAD /home/uav/USTUAV/paparazzi/var/MYAC/ap/arch/stm32/subsystems/radio_control/spektrum_arch.o
LOAD /home/uav/USTUAV/paparazzi/var/MYAC/ap/subsystems/datalink/downlink.o
LOAD /home/uav/USTUAV/paparazzi/var/MYAC/ap/subsystems/datalink/pprz_transport.o
LOAD /home/uav/USTUAV/paparazzi/var/MYAC/ap/firmwares/fixedwing/datalink.o
LOAD /home/uav/USTUAV/paparazzi/var/MYAC/ap/firmwares/fixedwing/stabilization/stabilization_attitude.o
LOAD /home/uav/USTUAV/paparazzi/var/MYAC/ap/firmwares/fixedwing/guidance/guidance_v.o
LOAD /home/uav/USTUAV/paparazzi/var/MYAC/ap/subsystems/imu.o
LOAD /home/uav/USTUAV/paparazzi/var/MYAC/ap/subsystems/imu/imu_aspirin2.o
LOAD /home/uav/USTUAV/paparazzi/var/MYAC/ap/arch/stm32/mcu_periph/spi_arch.o
LOAD /home/uav/USTUAV/paparazzi/var/MYAC/ap/mcu_periph/spi.o
LOAD /home/uav/USTUAV/paparazzi/var/MYAC/ap/subsystems/ahrs.o
LOAD /home/uav/USTUAV/paparazzi/var/MYAC/ap/subsystems/ahrs/ahrs_aligner.o
LOAD /home/uav/USTUAV/paparazzi/var/MYAC/ap/subsystems/ahrs/ahrs_float_dcm.o
LOAD /home/uav/USTUAV/paparazzi/var/MYAC/ap/subsystems/gps/gps_ubx.o
LOAD /home/uav/USTUAV/paparazzi/var/MYAC/ap/subsystems/gps.o
LOAD /home/uav/USTUAV/paparazzi/var/MYAC/ap/subsystems/nav.o
LOAD /home/uav/USTUAV/paparazzi/var/MYAC/ap/subsystems/navigation/common_flight_plan.o
LOAD /home/uav/USTUAV/paparazzi/var/MYAC/ap/subsystems/navigation/traffic_info.o
LOAD /home/uav/USTUAV/paparazzi/var/MYAC/ap/subsystems/navigation/nav_survey_rectangle.o
LOAD /home/uav/USTUAV/paparazzi/var/MYAC/ap/subsystems/navigation/nav_line.o
LOAD /home/uav/USTUAV/paparazzi/var/MYAC/ap/modules/core/sys_mon.o
LOAD /home/uav/USTUAV/paparazzi/var/MYAC/ap/modules/adcs/adc_generic.o
LOAD /opt/paparazzi/arm-multilib/lib/gcc/arm-none-eabi/4.6.2/../../../../arm-none-eabi/lib/thumb2/libc.a
LOAD /opt/paparazzi/arm-multilib/lib/gcc/arm-none-eabi/4.6.2/../../../../arm-none-eabi/lib/thumb2/libm.a
LOAD /opt/paparazzi/arm-multilib/lib/gcc/arm-none-eabi/4.6.2/thumb2/libgcc.a
LOAD /opt/paparazzi/arm-multilib/lib/gcc/arm-none-eabi/4.6.2/../../../../arm-none-eabi/lib/libcmsis.a
LOAD /opt/paparazzi/arm-multilib/lib/gcc/arm-none-eabi/4.6.2/../../../../arm-none-eabi/lib/libstm32.a
LOAD /opt/paparazzi/arm-multilib/lib/gcc/arm-none-eabi/4.6.2/../../../../arm-none-eabi/lib/libopencm3_stm32.a
START GROUP
LOAD /opt/paparazzi/arm-multilib/lib/gcc/arm-none-eabi/4.6.2/thumb2/libgcc.a
LOAD /opt/paparazzi/arm-multilib/lib/gcc/arm-none-eabi/4.6.2/../../../../arm-none-eabi/lib/thumb2/libc.a
END GROUP
                0x0000000020010000                _estack = 0x20010000
                0x0000000000001000                __Stack_Size = 0x1000
                0x0000000000001000                PROVIDE (_Stack_Size, __Stack_Size)
                0x000000002000f000                __Stack_Init = (_estack - __Stack_Size)
                0x000000002000f000                PROVIDE (_Stack_Init, __Stack_Init)
                0x0000000000000800                _Minimum_Stack_Size = 0x800
                0x0000000000000001                ASSERT ((ORIGIN (FLASH) == ALIGN (ORIGIN (FLASH), 0x80)), Start of memory region flash not aligned for startup vector table)

.isr_vector     0x0000000008002000      0x130
                0x0000000008002000                . = ALIGN (0x4)
 *(.isr_vector)
 .isr_vector    0x0000000008002000      0x130 /home/uav/USTUAV/paparazzi/var/MYAC/ap/arch/stm32/stm32_vector_table.o
                0x0000000008002000                vector_table
                0x0000000008002130                . = ALIGN (0x4)

.flashtext      0x0000000008002130        0x0
                0x0000000008002130                . = ALIGN (0x4)
 *(.flashtext)
                0x0000000008002130                . = ALIGN (0x4)

.text           0x0000000008002130    0x1be04
                0x0000000008002130                . = ALIGN (0x4)
 *(.text)
 .text          0x0000000008002130       0x12 /opt/paparazzi/arm-multilib/lib/gcc/arm-none-eabi/4.6.2/../../../../arm-none-eabi/lib/thumb2/libc.a(lib_a-memcpy.o)
                0x0000000008002130                memcpy
 *fill*         0x0000000008002142        0x6 00
 .text          0x0000000008002148      0x340 /opt/paparazzi/arm-multilib/lib/gcc/arm-none-eabi/4.6.2/../../../../arm-none-eabi/lib/thumb2/libm.a(lib_a-s_atan.o)
                0x0000000008002148                atan
 .text          0x0000000008002488       0x70 /opt/paparazzi/arm-multilib/lib/gcc/arm-none-eabi/4.6.2/../../../../arm-none-eabi/lib/thumb2/libm.a(lib_a-s_cos.o)
                0x0000000008002488                cos
 .text          0x00000000080024f8        0x6 /opt/paparazzi/arm-multilib/lib/gcc/arm-none-eabi/4.6.2/../../../../arm-none-eabi/lib/thumb2/libm.a(lib_a-s_fabs.o)
                0x00000000080024f8                fabs
 *fill*         0x00000000080024fe        0x2 00
 .text          0x0000000008002500      0x120 /opt/paparazzi/arm-multilib/lib/gcc/arm-none-eabi/4.6.2/../../../../arm-none-eabi/lib/thumb2/libm.a(lib_a-s_rint.o)
                0x0000000008002500                rint
 .text          0x0000000008002620       0x78 /opt/paparazzi/arm-multilib/lib/gcc/arm-none-eabi/4.6.2/../../../../arm-none-eabi/lib/thumb2/libm.a(lib_a-s_sin.o)
                0x0000000008002620                sin
 .text          0x0000000008002698       0x58 /opt/paparazzi/arm-multilib/lib/gcc/arm-none-eabi/4.6.2/../../../../arm-none-eabi/lib/thumb2/libm.a(lib_a-s_tan.o)
                0x0000000008002698                tan
 .text          0x00000000080026f0      0x234 /opt/paparazzi/arm-multilib/lib/gcc/arm-none-eabi/4.6.2/../../../../arm-none-eabi/lib/thumb2/libm.a(lib_a-sf_atan.o)
                0x00000000080026f0                atanf
 .text          0x0000000008002924       0x58 /opt/paparazzi/arm-multilib/lib/gcc/arm-none-eabi/4.6.2/../../../../arm-none-eabi/lib/thumb2/libm.a(lib_a-sf_cos.o)
                0x0000000008002924                cosf
 .text          0x000000000800297c        0x6 /opt/paparazzi/arm-multilib/lib/gcc/arm-none-eabi/4.6.2/../../../../arm-none-eabi/lib/thumb2/libm.a(lib_a-sf_fabs.o)
                0x000000000800297c                fabsf
 *fill*         0x0000000008002982        0x2 00
 .text          0x0000000008002984       0x68 /opt/paparazzi/arm-multilib/lib/gcc/arm-none-eabi/4.6.2/../../../../arm-none-eabi/lib/thumb2/libm.a(lib_a-sf_sin.o)
                0x0000000008002984                sinf
 .text          0x00000000080029ec       0x9c /opt/paparazzi/arm-multilib/lib/gcc/arm-none-eabi/4.6.2/../../../../arm-none-eabi/lib/thumb2/libm.a(lib_a-w_asin.o)
                0x00000000080029ec                asin
 .text          0x0000000008002a88        0x4 /opt/paparazzi/arm-multilib/lib/gcc/arm-none-eabi/4.6.2/../../../../arm-none-eabi/lib/thumb2/libm.a(lib_a-w_atan2.o)
                0x0000000008002a88                atan2
 *fill*         0x0000000008002a8c        0x4 00
 .text          0x0000000008002a90       0xb0 /opt/paparazzi/arm-multilib/lib/gcc/arm-none-eabi/4.6.2/../../../../arm-none-eabi/lib/thumb2/libm.a(lib_a-w_cosh.o)
                0x0000000008002a90                cosh
 .text          0x0000000008002b40       0xe8 /opt/paparazzi/arm-multilib/lib/gcc/arm-none-eabi/4.6.2/../../../../arm-none-eabi/lib/thumb2/libm.a(lib_a-w_exp.o)
                0x0000000008002b40                exp
 .text          0x0000000008002c28       0xd8 /opt/paparazzi/arm-multilib/lib/gcc/arm-none-eabi/4.6.2/../../../../arm-none-eabi/lib/thumb2/libm.a(lib_a-w_log.o)
                0x0000000008002c28                log
 .text          0x0000000008002d00      0x2c0 /opt/paparazzi/arm-multilib/lib/gcc/arm-none-eabi/4.6.2/../../../../arm-none-eabi/lib/thumb2/libm.a(lib_a-w_pow.o)
                0x0000000008002d00                pow
 .text          0x0000000008002fc0       0xc0 /opt/paparazzi/arm-multilib/lib/gcc/arm-none-eabi/4.6.2/../../../../arm-none-eabi/lib/thumb2/libm.a(lib_a-w_sinh.o)
                0x0000000008002fc0                sinh
 .text          0x0000000008003080       0xa4 /opt/paparazzi/arm-multilib/lib/gcc/arm-none-eabi/4.6.2/../../../../arm-none-eabi/lib/thumb2/libm.a(lib_a-w_sqrt.o)
                0x0000000008003080                sqrt
 .text          0x0000000008003124       0x94 /opt/paparazzi/arm-multilib/lib/gcc/arm-none-eabi/4.6.2/../../../../arm-none-eabi/lib/thumb2/libm.a(lib_a-wf_asin.o)
                0x0000000008003124                asinf
 .text          0x00000000080031b8        0x4 /opt/paparazzi/arm-multilib/lib/gcc/arm-none-eabi/4.6.2/../../../../arm-none-eabi/lib/thumb2/libm.a(lib_a-wf_atan2.o)
                0x00000000080031b8                atan2f
 *fill*         0x00000000080031bc        0x4 00
 .text          0x00000000080031c0      0x4a0 /opt/paparazzi/arm-multilib/lib/gcc/arm-none-eabi/4.6.2/../../../../arm-none-eabi/lib/thumb2/libm.a(lib_a-e_asin.o)
                0x00000000080031c0                __ieee754_asin
 .text          0x0000000008003660      0x1e0 /opt/paparazzi/arm-multilib/lib/gcc/arm-none-eabi/4.6.2/../../../../arm-none-eabi/lib/thumb2/libm.a(lib_a-e_atan2.o)
                0x0000000008003660                __ieee754_atan2
 .text          0x0000000008003840      0x130 /opt/paparazzi/arm-multilib/lib/gcc/arm-none-eabi/4.6.2/../../../../arm-none-eabi/lib/thumb2/libm.a(lib_a-e_cosh.o)
                0x0000000008003840                __ieee754_cosh
 .text          0x0000000008003970      0x2e0 /opt/paparazzi/arm-multilib/lib/gcc/arm-none-eabi/4.6.2/../../../../arm-none-eabi/lib/thumb2/libm.a(lib_a-e_exp.o)
                0x0000000008003970                __ieee754_exp
 .text          0x0000000008003c50      0x408 /opt/paparazzi/arm-multilib/lib/gcc/arm-none-eabi/4.6.2/../../../../arm-none-eabi/lib/thumb2/libm.a(lib_a-e_log.o)
                0x0000000008003c50                __ieee754_log
 .text          0x0000000008004058      0xa88 /opt/paparazzi/arm-multilib/lib/gcc/arm-none-eabi/4.6.2/../../../../arm-none-eabi/lib/thumb2/libm.a(lib_a-e_pow.o)
                0x0000000008004058                __ieee754_pow
 .text          0x0000000008004ae0      0x3c8 /opt/paparazzi/arm-multilib/lib/gcc/arm-none-eabi/4.6.2/../../../../arm-none-eabi/lib/thumb2/libm.a(lib_a-e_rem_pio2.o)
                0x0000000008004ae0                __ieee754_rem_pio2
 .text          0x0000000008004ea8      0x168 /opt/paparazzi/arm-multilib/lib/gcc/arm-none-eabi/4.6.2/../../../../arm-none-eabi/lib/thumb2/libm.a(lib_a-e_sinh.o)
                0x0000000008004ea8                __ieee754_sinh
 .text          0x0000000008005010      0x15c /opt/paparazzi/arm-multilib/lib/gcc/arm-none-eabi/4.6.2/../../../../arm-none-eabi/lib/thumb2/libm.a(lib_a-e_sqrt.o)
                0x0000000008005010                __ieee754_sqrt
 .text          0x000000000800516c      0x2ac /opt/paparazzi/arm-multilib/lib/gcc/arm-none-eabi/4.6.2/../../../../arm-none-eabi/lib/thumb2/libm.a(lib_a-ef_asin.o)
                0x000000000800516c                __ieee754_asinf
 .text          0x0000000008005418      0x120 /opt/paparazzi/arm-multilib/lib/gcc/arm-none-eabi/4.6.2/../../../../arm-none-eabi/lib/thumb2/libm.a(lib_a-ef_atan2.o)
                0x0000000008005418                __ieee754_atan2f
 .text          0x0000000008005538      0x2a8 /opt/paparazzi/arm-multilib/lib/gcc/arm-none-eabi/4.6.2/../../../../arm-none-eabi/lib/thumb2/libm.a(lib_a-ef_rem_pio2.o)
                0x0000000008005538                __ieee754_rem_pio2f
 .text          0x00000000080057e0       0x9e /opt/paparazzi/arm-multilib/lib/gcc/arm-none-eabi/4.6.2/../../../../arm-none-eabi/lib/thumb2/libm.a(lib_a-ef_sqrt.o)
                0x00000000080057e0                __ieee754_sqrtf
 *fill*         0x000000000800587e        0x2 00
 .text          0x0000000008005880      0x1d8 /opt/paparazzi/arm-multilib/lib/gcc/arm-none-eabi/4.6.2/../../../../arm-none-eabi/lib/thumb2/libm.a(lib_a-k_cos.o)
                0x0000000008005880                __kernel_cos
 .text          0x0000000008005a58      0x6d8 /opt/paparazzi/arm-multilib/lib/gcc/arm-none-eabi/4.6.2/../../../../arm-none-eabi/lib/thumb2/libm.a(lib_a-k_rem_pio2.o)
                0x0000000008005a58                __kernel_rem_pio2
 .text          0x0000000008006130      0x180 /opt/paparazzi/arm-multilib/lib/gcc/arm-none-eabi/4.6.2/../../../../arm-none-eabi/lib/thumb2/libm.a(lib_a-k_sin.o)
                0x0000000008006130                __kernel_sin
 .text          0x00000000080062b0      0x3e0 /opt/paparazzi/arm-multilib/lib/gcc/arm-none-eabi/4.6.2/../../../../arm-none-eabi/lib/thumb2/libm.a(lib_a-k_tan.o)
                0x00000000080062b0                __kernel_tan
 .text          0x0000000008006690      0x134 /opt/paparazzi/arm-multilib/lib/gcc/arm-none-eabi/4.6.2/../../../../arm-none-eabi/lib/thumb2/libm.a(lib_a-kf_cos.o)
                0x0000000008006690                __kernel_cosf
 .text          0x00000000080067c4      0x608 /opt/paparazzi/arm-multilib/lib/gcc/arm-none-eabi/4.6.2/../../../../arm-none-eabi/lib/thumb2/libm.a(lib_a-kf_rem_pio2.o)
                0x00000000080067c4                __kernel_rem_pio2f
 .text          0x0000000008006dcc       0xf4 /opt/paparazzi/arm-multilib/lib/gcc/arm-none-eabi/4.6.2/../../../../arm-none-eabi/lib/thumb2/libm.a(lib_a-kf_sin.o)
                0x0000000008006dcc                __kernel_sinf
 .text          0x0000000008006ec0      0x420 /opt/paparazzi/arm-multilib/lib/gcc/arm-none-eabi/4.6.2/../../../../arm-none-eabi/lib/thumb2/libm.a(lib_a-s_expm1.o)
                0x0000000008006ec0                expm1
 .text          0x00000000080072e0       0x10 /opt/paparazzi/arm-multilib/lib/gcc/arm-none-eabi/4.6.2/../../../../arm-none-eabi/lib/thumb2/libm.a(lib_a-s_finite.o)
                0x00000000080072e0                finite
 .text          0x00000000080072f0      0x110 /opt/paparazzi/arm-multilib/lib/gcc/arm-none-eabi/4.6.2/../../../../arm-none-eabi/lib/thumb2/libm.a(lib_a-s_floor.o)
                0x00000000080072f0                floor
 .text          0x0000000008007400       0x64 /opt/paparazzi/arm-multilib/lib/gcc/arm-none-eabi/4.6.2/../../../../arm-none-eabi/lib/thumb2/libm.a(lib_a-s_fpclassify.o)
                0x0000000008007400                __fpclassifyd
 .text          0x0000000008007464        0x4 /opt/paparazzi/arm-multilib/lib/gcc/arm-none-eabi/4.6.2/../../../../arm-none-eabi/lib/thumb2/libm.a(lib_a-s_matherr.o)
                0x0000000008007464                matherr
 .text          0x0000000008007468        0xc /opt/paparazzi/arm-multilib/lib/gcc/arm-none-eabi/4.6.2/../../../../arm-none-eabi/lib/thumb2/libm.a(lib_a-s_nan.o)
                0x0000000008007468                nan
 *fill*         0x0000000008007474        0x4 00
 .text          0x0000000008007478       0xe8 /opt/paparazzi/arm-multilib/lib/gcc/arm-none-eabi/4.6.2/../../../../arm-none-eabi/lib/thumb2/libm.a(lib_a-s_scalbn.o)
                0x0000000008007478                scalbn
 .text          0x0000000008007560       0x80 /opt/paparazzi/arm-multilib/lib/gcc/arm-none-eabi/4.6.2/../../../../arm-none-eabi/lib/thumb2/libm.a(lib_a-sf_floor.o)
                0x0000000008007560                floorf
 .text          0x00000000080075e0       0x54 /opt/paparazzi/arm-multilib/lib/gcc/arm-none-eabi/4.6.2/../../../../arm-none-eabi/lib/thumb2/libm.a(lib_a-sf_fpclassify.o)
                0x00000000080075e0                __fpclassifyf
 .text          0x0000000008007634       0x9c /opt/paparazzi/arm-multilib/lib/gcc/arm-none-eabi/4.6.2/../../../../arm-none-eabi/lib/thumb2/libm.a(lib_a-sf_scalbn.o)
                0x0000000008007634                scalbnf
 .text          0x00000000080076d0       0x14 /opt/paparazzi/arm-multilib/lib/gcc/arm-none-eabi/4.6.2/../../../../arm-none-eabi/lib/thumb2/libm.a(lib_a-s_copysign.o)
                0x00000000080076d0                copysign
 .text          0x00000000080076e4        0xc /opt/paparazzi/arm-multilib/lib/gcc/arm-none-eabi/4.6.2/../../../../arm-none-eabi/lib/thumb2/libm.a(lib_a-sf_copysign.o)
                0x00000000080076e4                copysignf
 .text          0x00000000080076f0       0xe0 /opt/paparazzi/arm-multilib/lib/gcc/arm-none-eabi/4.6.2/thumb2/libgcc.a(_divsi3.o)
                0x00000000080076f0                __aeabi_idiv
                0x00000000080076f0                __divsi3
                0x00000000080077b4                __aeabi_idivmod
 .text          0x00000000080077d0        0x4 /opt/paparazzi/arm-multilib/lib/gcc/arm-none-eabi/4.6.2/thumb2/libgcc.a(_dvmd_tls.o)
                0x00000000080077d0                __aeabi_ldiv0
                0x00000000080077d0                __aeabi_idiv0
 .text          0x00000000080077d4      0x370 /opt/paparazzi/arm-multilib/lib/gcc/arm-none-eabi/4.6.2/thumb2/libgcc.a(_arm_addsubdf3.o)
                0x00000000080077d4                __aeabi_drsub
                0x00000000080077dc                __aeabi_dsub
                0x00000000080077dc                __subdf3
                0x00000000080077e0                __adddf3
                0x00000000080077e0                __aeabi_dadd
                0x0000000008007a58                __aeabi_ui2d
                0x0000000008007a58                __floatunsidf
                0x0000000008007a78                __floatsidf
                0x0000000008007a78                __aeabi_i2d
                0x0000000008007a9c                __extendsfdf2
                0x0000000008007a9c                __aeabi_f2d
                0x0000000008007ad8                __aeabi_ul2d
                0x0000000008007ad8                __floatundidf
                0x0000000008007ae8                __floatdidf
                0x0000000008007ae8                __aeabi_l2d
 .text          0x0000000008007b44      0x424 /opt/paparazzi/arm-multilib/lib/gcc/arm-none-eabi/4.6.2/thumb2/libgcc.a(_arm_muldivdf3.o)
                0x0000000008007b44                __aeabi_dmul
                0x0000000008007b44                __muldf3
                0x0000000008007d98                __aeabi_ddiv
                0x0000000008007d98                __divdf3
 .text          0x0000000008007f68      0x110 /opt/paparazzi/arm-multilib/lib/gcc/arm-none-eabi/4.6.2/thumb2/libgcc.a(_arm_cmpdf2.o)
                0x0000000008007f68                __gtdf2
                0x0000000008007f68                __gedf2
                0x0000000008007f70                __ltdf2
                0x0000000008007f70                __ledf2
                0x0000000008007f78                __cmpdf2
                0x0000000008007f78                __eqdf2
                0x0000000008007f78                __nedf2
                0x0000000008007ff4                __aeabi_cdrcmple
                0x0000000008008004                __aeabi_cdcmple
                0x0000000008008004                __aeabi_cdcmpeq
                0x0000000008008014                __aeabi_dcmpeq
                0x0000000008008028                __aeabi_dcmplt
                0x000000000800803c                __aeabi_dcmple
                0x0000000008008050                __aeabi_dcmpge
                0x0000000008008064                __aeabi_dcmpgt
 .text          0x0000000008008078       0x50 /opt/paparazzi/arm-multilib/lib/gcc/arm-none-eabi/4.6.2/thumb2/libgcc.a(_arm_fixdfsi.o)
                0x0000000008008078                __fixdfsi
                0x0000000008008078                __aeabi_d2iz
 .text          0x00000000080080c8       0x40 /opt/paparazzi/arm-multilib/lib/gcc/arm-none-eabi/4.6.2/thumb2/libgcc.a(_arm_fixunsdfsi.o)
                0x00000000080080c8                __fixunsdfsi
                0x00000000080080c8                __aeabi_d2uiz
 .text          0x0000000008008108       0xa0 /opt/paparazzi/arm-multilib/lib/gcc/arm-none-eabi/4.6.2/thumb2/libgcc.a(_arm_truncdfsf2.o)
                0x0000000008008108                __aeabi_d2f
                0x0000000008008108                __truncdfsf2
 .text          0x00000000080081a8      0x21c /opt/paparazzi/arm-multilib/lib/gcc/arm-none-eabi/4.6.2/thumb2/libgcc.a(_arm_addsubsf3.o)
                0x00000000080081a8                __aeabi_frsub
                0x00000000080081b0                __subsf3
                0x00000000080081b0                __aeabi_fsub
                0x00000000080081b4                __aeabi_fadd
                0x00000000080081b4                __addsf3
                0x0000000008008314                __aeabi_ui2f
                0x0000000008008314                __floatunsisf
                0x000000000800831c                __aeabi_i2f
                0x000000000800831c                __floatsisf
                0x0000000008008338                __floatundisf
                0x0000000008008338                __aeabi_ul2f
                0x0000000008008348                __floatdisf
                0x0000000008008348                __aeabi_l2f
 .text          0x00000000080083c4      0x2a0 /opt/paparazzi/arm-multilib/lib/gcc/arm-none-eabi/4.6.2/thumb2/libgcc.a(_arm_muldivsf3.o)
                0x00000000080083c4                __mulsf3
                0x00000000080083c4                __aeabi_fmul
                0x000000000800852c                __divsf3
                0x000000000800852c                __aeabi_fdiv
 .text          0x0000000008008664       0xec /opt/paparazzi/arm-multilib/lib/gcc/arm-none-eabi/4.6.2/thumb2/libgcc.a(_arm_cmpsf2.o)
                0x0000000008008664                __gtsf2
                0x0000000008008664                __gesf2
                0x000000000800866c                __lesf2
                0x000000000800866c                __ltsf2
                0x0000000008008674                __nesf2
                0x0000000008008674                __eqsf2
                0x0000000008008674                __cmpsf2
                0x00000000080086d4                __aeabi_cfrcmple
                0x00000000080086dc                __aeabi_cfcmple
                0x00000000080086dc                __aeabi_cfcmpeq
                0x00000000080086ec                __aeabi_fcmpeq
                0x0000000008008700                __aeabi_fcmplt
                0x0000000008008714                __aeabi_fcmple
                0x0000000008008728                __aeabi_fcmpge
                0x000000000800873c                __aeabi_fcmpgt
 .text          0x0000000008008750       0x4c /opt/paparazzi/arm-multilib/lib/gcc/arm-none-eabi/4.6.2/thumb2/libgcc.a(_arm_fixsfsi.o)
                0x0000000008008750                __fixsfsi
                0x0000000008008750                __aeabi_f2iz
 .text          0x000000000800879c       0x40 /opt/paparazzi/arm-multilib/lib/gcc/arm-none-eabi/4.6.2/thumb2/libgcc.a(_arm_fixunssfsi.o)
                0x000000000800879c                __aeabi_f2uiz
                0x000000000800879c                __fixunssfsi
 .text          0x00000000080087dc        0xc /opt/paparazzi/arm-multilib/lib/gcc/arm-none-eabi/4.6.2/../../../../arm-none-eabi/lib/thumb2/libc.a(lib_a-errno.o)
                0x00000000080087dc                __errno
 *(.text.*)
 .text.mcu_init
                0x00000000080087e8       0xe4 /home/uav/USTUAV/paparazzi/var/MYAC/ap/mcu.o
                0x00000000080087e8                mcu_init
 .text.mcu_arch_init
                0x00000000080088cc       0x16 /home/uav/USTUAV/paparazzi/var/MYAC/ap/arch/stm32/mcu_arch.o
                0x00000000080088cc                mcu_arch_init
 *fill*         0x00000000080088e2        0x2 00
 .text.sys_time_register_timer
                0x00000000080088e4       0x5c /home/uav/USTUAV/paparazzi/var/MYAC/ap/mcu_periph/sys_time.o
                0x00000000080088e4                sys_time_register_timer
 .text.sys_time_init
                0x0000000008008940       0x34 /home/uav/USTUAV/paparazzi/var/MYAC/ap/mcu_periph/sys_time.o
                0x0000000008008940                sys_time_init
 .text.sys_time_arch_init
                0x0000000008008974       0x28 /home/uav/USTUAV/paparazzi/var/MYAC/ap/arch/stm32/mcu_periph/sys_time_arch.o
                0x0000000008008974                sys_time_arch_init
 .text.sys_tick_irq_handler
                0x000000000800899c       0x80 /home/uav/USTUAV/paparazzi/var/MYAC/ap/arch/stm32/mcu_periph/sys_time_arch.o
                0x000000000800899c                sys_tick_irq_handler
 *fill*         0x0000000008008a1c        0x4 00
 .text.isometric_latitude_fast_f
                0x0000000008008a20       0x38 /home/uav/USTUAV/paparazzi/var/MYAC/ap/math/pprz_geodetic_float.o
 .text.utm_of_lla_f
                0x0000000008008a58      0x280 /home/uav/USTUAV/paparazzi/var/MYAC/ap/math/pprz_geodetic_float.o
                0x0000000008008a58                utm_of_lla_f
 .text.i2c_event
                0x0000000008008cd8        0x2 /home/uav/USTUAV/paparazzi/var/MYAC/ap/arch/stm32/mcu_periph/i2c_arch.o
                0x0000000008008cd8                i2c_event
 *fill*         0x0000000008008cda        0x2 00
 .text.inter_mcu_fill_fbw_state
                0x0000000008008cdc       0x78 /home/uav/USTUAV/paparazzi/var/MYAC/ap/firmwares/fixedwing/main_fbw.o
 .text.handle_rc_frame
                0x0000000008008d54       0x40 /home/uav/USTUAV/paparazzi/var/MYAC/ap/firmwares/fixedwing/main_fbw.o
 .text.init_fbw
                0x0000000008008d94       0xa8 /home/uav/USTUAV/paparazzi/var/MYAC/ap/firmwares/fixedwing/main_fbw.o
                0x0000000008008d94                init_fbw
 *fill*         0x0000000008008e3c        0x4 00
 .text.event_task_fbw
                0x0000000008008e40      0x2d0 /home/uav/USTUAV/paparazzi/var/MYAC/ap/firmwares/fixedwing/main_fbw.o
                0x0000000008008e40                event_task_fbw
 .text.periodic_task_fbw
                0x0000000008009110      0x814 /home/uav/USTUAV/paparazzi/var/MYAC/ap/firmwares/fixedwing/main_fbw.o
                0x0000000008009110                periodic_task_fbw
 .text.handle_periodic_tasks_fbw
                0x0000000008009924       0x48 /home/uav/USTUAV/paparazzi/var/MYAC/ap/firmwares/fixedwing/main_fbw.o
                0x0000000008009924                handle_periodic_tasks_fbw
 .text.electrical_init
                0x000000000800996c       0x28 /home/uav/USTUAV/paparazzi/var/MYAC/ap/subsystems/electrical.o
                0x000000000800996c                electrical_init
 *fill*         0x0000000008009994        0x4 00
 .text.electrical_periodic
                0x0000000008009998       0xe8 /home/uav/USTUAV/paparazzi/var/MYAC/ap/subsystems/electrical.o
                0x0000000008009998                electrical_periodic
 .text.init_ap  0x0000000008009a80       0xbc /home/uav/USTUAV/paparazzi/var/MYAC/ap/firmwares/fixedwing/main_ap.o
                0x0000000008009a80                init_ap
 *fill*         0x0000000008009b3c        0x4 00
 .text.reporting_task
                0x0000000008009b40     0x9148 /home/uav/USTUAV/paparazzi/var/MYAC/ap/firmwares/fixedwing/main_ap.o
                0x0000000008009b40                reporting_task
 .text.navigation_task
                0x0000000008012c88      0x690 /home/uav/USTUAV/paparazzi/var/MYAC/ap/firmwares/fixedwing/main_ap.o
                0x0000000008012c88                navigation_task
 .text.attitude_loop
                0x0000000008013318       0x40 /home/uav/USTUAV/paparazzi/var/MYAC/ap/firmwares/fixedwing/main_ap.o
                0x0000000008013318                attitude_loop
 .text.sensors_task
                0x0000000008013358       0x1c /home/uav/USTUAV/paparazzi/var/MYAC/ap/firmwares/fixedwing/main_ap.o
                0x0000000008013358                sensors_task
 .text.monitor_task
                0x0000000008013374      0x148 /home/uav/USTUAV/paparazzi/var/MYAC/ap/firmwares/fixedwing/main_ap.o
                0x0000000008013374                monitor_task
 .text.handle_periodic_tasks_ap
                0x00000000080134bc      0x12c /home/uav/USTUAV/paparazzi/var/MYAC/ap/firmwares/fixedwing/main_ap.o
                0x00000000080134bc                handle_periodic_tasks_ap
 .text.event_task_ap
                0x00000000080135e8      0x6d0 /home/uav/USTUAV/paparazzi/var/MYAC/ap/firmwares/fixedwing/main_ap.o
                0x00000000080135e8                event_task_ap
 .text.alt_kalman_reset
                0x0000000008013cb8       0x18 /home/uav/USTUAV/paparazzi/var/MYAC/ap/./estimator.o
                0x0000000008013cb8                alt_kalman_reset
 .text.alt_kalman_init
                0x0000000008013cd0       0x10 /home/uav/USTUAV/paparazzi/var/MYAC/ap/./estimator.o
                0x0000000008013cd0                alt_kalman_init
 .text.alt_kalman
                0x0000000008013ce0      0x170 /home/uav/USTUAV/paparazzi/var/MYAC/ap/./estimator.o
                0x0000000008013ce0                alt_kalman
 .text.estimator_init
                0x0000000008013e50       0x98 /home/uav/USTUAV/paparazzi/var/MYAC/ap/./estimator.o
                0x0000000008013e50                estimator_init
 .text.estimator_update_state_gps
                0x0000000008013ee8      0x108 /home/uav/USTUAV/paparazzi/var/MYAC/ap/./estimator.o
                0x0000000008013ee8                estimator_update_state_gps
 .text.nmi_exception
                0x0000000008013ff0        0x2 /home/uav/USTUAV/paparazzi/var/MYAC/ap/arch/stm32/stm32_exceptions.o
                0x0000000008013ff0                nmi_exception
 .text.hard_fault_exception
                0x0000000008013ff2        0x2 /home/uav/USTUAV/paparazzi/var/MYAC/ap/arch/stm32/stm32_exceptions.o
                0x0000000008013ff2                hard_fault_exception
 .text.mem_manage_exception
                0x0000000008013ff4        0x2 /home/uav/USTUAV/paparazzi/var/MYAC/ap/arch/stm32/stm32_exceptions.o
                0x0000000008013ff4                mem_manage_exception
 .text.bus_fault_exception
                0x0000000008013ff6        0x2 /home/uav/USTUAV/paparazzi/var/MYAC/ap/arch/stm32/stm32_exceptions.o
                0x0000000008013ff6                bus_fault_exception
 .text.usage_fault_exception
                0x0000000008013ff8        0x2 /home/uav/USTUAV/paparazzi/var/MYAC/ap/arch/stm32/stm32_exceptions.o
                0x0000000008013ff8                usage_fault_exception
 .text.null_handler
                0x0000000008013ffa        0x2 /home/uav/USTUAV/paparazzi/var/MYAC/ap/arch/stm32/stm32_vector_table.o
                0x0000000008013ffa                null_handler
 .text.reset_handler_stage2
                0x0000000008013ffc       0x3c /home/uav/USTUAV/paparazzi/var/MYAC/ap/arch/stm32/stm32_vector_table.o
                0x0000000008013ffc                reset_handler_stage2
 .text.reset_handler_stage1
                0x0000000008014038       0x24 /home/uav/USTUAV/paparazzi/var/MYAC/ap/arch/stm32/stm32_vector_table.o
                0x0000000008014038                reset_handler_stage1
 .text.startup.main
                0x000000000801405c       0x1c /home/uav/USTUAV/paparazzi/var/MYAC/ap/firmwares/fixedwing/main.o
                0x000000000801405c                main
 .text.uart_periph_init
                0x0000000008014078       0x18 /home/uav/USTUAV/paparazzi/var/MYAC/ap/mcu_periph/uart.o
                0x0000000008014078                uart_periph_init
 .text.uart_check_free_space
                0x0000000008014090       0x28 /home/uav/USTUAV/paparazzi/var/MYAC/ap/mcu_periph/uart.o
                0x0000000008014090                uart_check_free_space
 .text.usart_irq_handler
                0x00000000080140b8       0x7e /home/uav/USTUAV/paparazzi/var/MYAC/ap/arch/stm32/mcu_periph/uart_arch.o
 .text.uart_periph_set_baudrate
                0x0000000008014136       0x52 /home/uav/USTUAV/paparazzi/var/MYAC/ap/arch/stm32/mcu_periph/uart_arch.o
                0x0000000008014136                uart_periph_set_baudrate
 .text.uart_transmit
                0x0000000008014188       0x60 /home/uav/USTUAV/paparazzi/var/MYAC/ap/arch/stm32/mcu_periph/uart_arch.o
                0x0000000008014188                uart_transmit
 .text.uart2_init
                0x00000000080141e8       0x88 /home/uav/USTUAV/paparazzi/var/MYAC/ap/arch/stm32/mcu_periph/uart_arch.o
                0x00000000080141e8                uart2_init
 .text.usart2_irq_handler
                0x0000000008014270        0xc /home/uav/USTUAV/paparazzi/var/MYAC/ap/arch/stm32/mcu_periph/uart_arch.o
                0x0000000008014270                usart2_irq_handler
 .text.uart3_init
                0x000000000801427c       0xa0 /home/uav/USTUAV/paparazzi/var/MYAC/ap/arch/stm32/mcu_periph/uart_arch.o
                0x000000000801427c                uart3_init
 .text.usart3_irq_handler
                0x000000000801431c        0xc /home/uav/USTUAV/paparazzi/var/MYAC/ap/arch/stm32/mcu_periph/uart_arch.o
                0x000000000801431c                usart3_irq_handler
 .text.settings_init
                0x0000000008014328        0x2 /home/uav/USTUAV/paparazzi/var/MYAC/ap/subsystems/settings.o
                0x0000000008014328                settings_init
 *fill*         0x000000000801432a        0x2 00
 .text.adc_buf_channel
                0x000000000801432c       0x10 /home/uav/USTUAV/paparazzi/var/MYAC/ap/arch/stm32/mcu_periph/adc_arch.o
                0x000000000801432c                adc_buf_channel
 .text.adc_init
                0x000000000801433c      0x180 /home/uav/USTUAV/paparazzi/var/MYAC/ap/arch/stm32/mcu_periph/adc_arch.o
                0x000000000801433c                adc_init
 .text.adc1_2_irq_handler
                0x00000000080144bc       0x68 /home/uav/USTUAV/paparazzi/var/MYAC/ap/arch/stm32/mcu_periph/adc_arch.o
                0x00000000080144bc                adc1_2_irq_handler
 .text.actuators_init
                0x0000000008014524        0x4 /home/uav/USTUAV/paparazzi/var/MYAC/ap/arch/stm32/servos_direct_hw.o
                0x0000000008014524                actuators_init
 .text.actuators_pwm_arch_init
                0x0000000008014528      0x134 /home/uav/USTUAV/paparazzi/var/MYAC/ap/firmwares/rotorcraft/actuators/arch/stm32/actuators_pwm_arch.o
                0x0000000008014528                actuators_pwm_arch_init
 .text.actuators_pwm_commit
                0x000000000801465c       0x48 /home/uav/USTUAV/paparazzi/var/MYAC/ap/firmwares/rotorcraft/actuators/arch/stm32/actuators_pwm_arch.o
                0x000000000801465c                actuators_pwm_commit
 .text.DelayUs  0x00000000080146a4       0x18 /home/uav/USTUAV/paparazzi/var/MYAC/ap/arch/stm32/subsystems/radio_control/spektrum_arch.o
 .text.RadioControlEventImp
                0x00000000080146bc       0xf4 /home/uav/USTUAV/paparazzi/var/MYAC/ap/arch/stm32/subsystems/radio_control/spektrum_arch.o
                0x00000000080146bc                RadioControlEventImp
 .text.SpektrumTimerInit
                0x00000000080147b0       0x74 /home/uav/USTUAV/paparazzi/var/MYAC/ap/arch/stm32/subsystems/radio_control/spektrum_arch.o
                0x00000000080147b0                SpektrumTimerInit
 .text.tim6_irq_handler
                0x0000000008014824       0x20 /home/uav/USTUAV/paparazzi/var/MYAC/ap/arch/stm32/subsystems/radio_control/spektrum_arch.o
                0x0000000008014824                tim6_irq_handler
 .text.SpektrumUartInit
                0x0000000008014844       0x94 /home/uav/USTUAV/paparazzi/var/MYAC/ap/arch/stm32/subsystems/radio_control/spektrum_arch.o
                0x0000000008014844                SpektrumUartInit
 .text.radio_control_impl_init
                0x00000000080148d8        0xe /home/uav/USTUAV/paparazzi/var/MYAC/ap/arch/stm32/subsystems/radio_control/spektrum_arch.o
                0x00000000080148d8                radio_control_impl_init
 *fill*         0x00000000080148e6        0x2 00
 .text.usart1_irq_handler
                0x00000000080148e8      0x11c /home/uav/USTUAV/paparazzi/var/MYAC/ap/arch/stm32/subsystems/radio_control/spektrum_arch.o
                0x00000000080148e8                usart1_irq_handler
 .text.radio_control_spektrum_try_bind
                0x0000000008014a04       0xdc /home/uav/USTUAV/paparazzi/var/MYAC/ap/arch/stm32/subsystems/radio_control/spektrum_arch.o
                0x0000000008014a04                radio_control_spektrum_try_bind
 .text.dl_parse_msg
                0x0000000008014ae0      0xb00 /home/uav/USTUAV/paparazzi/var/MYAC/ap/firmwares/fixedwing/datalink.o
                0x0000000008014ae0                dl_parse_msg
 .text.h_ctl_init
                0x00000000080155e0       0xbc /home/uav/USTUAV/paparazzi/var/MYAC/ap/firmwares/fixedwing/stabilization/stabilization_attitude.o
                0x00000000080155e0                h_ctl_init
 *fill*         0x000000000801569c        0x4 00
 .text.h_ctl_course_loop
                0x00000000080156a0      0x1c0 /home/uav/USTUAV/paparazzi/var/MYAC/ap/firmwares/fixedwing/stabilization/stabilization_attitude.o
                0x00000000080156a0                h_ctl_course_loop
 .text.h_ctl_attitude_loop
                0x0000000008015860      0x188 /home/uav/USTUAV/paparazzi/var/MYAC/ap/firmwares/fixedwing/stabilization/stabilization_attitude.o
                0x0000000008015860                h_ctl_attitude_loop
 .text.v_ctl_init
                0x00000000080159e8      0x10c /home/uav/USTUAV/paparazzi/var/MYAC/ap/firmwares/fixedwing/guidance/guidance_v.o
                0x00000000080159e8                v_ctl_init
 .text.v_ctl_altitude_loop
                0x0000000008015af4       0x78 /home/uav/USTUAV/paparazzi/var/MYAC/ap/firmwares/fixedwing/guidance/guidance_v.o
                0x0000000008015af4                v_ctl_altitude_loop
 *fill*         0x0000000008015b6c        0x4 00
 .text.v_ctl_climb_loop
                0x0000000008015b70      0x208 /home/uav/USTUAV/paparazzi/var/MYAC/ap/firmwares/fixedwing/guidance/guidance_v.o
                0x0000000008015b70                v_ctl_climb_loop
 .text.v_ctl_throttle_slew
                0x0000000008015d78       0x58 /home/uav/USTUAV/paparazzi/var/MYAC/ap/firmwares/fixedwing/guidance/guidance_v.o
                0x0000000008015d78                v_ctl_throttle_slew
 .text.imu_init
                0x0000000008015dd0      0x134 /home/uav/USTUAV/paparazzi/var/MYAC/ap/subsystems/imu.o
                0x0000000008015dd0                imu_init
 .text.mpu_wait_slave4_ready
                0x0000000008015f04       0x34 /home/uav/USTUAV/paparazzi/var/MYAC/ap/subsystems/imu/imu_aspirin2.o
 .text.mpu_set  0x0000000008015f38       0x20 /home/uav/USTUAV/paparazzi/var/MYAC/ap/subsystems/imu/imu_aspirin2.o
 .text.imu_impl_init
                0x0000000008015f58       0x28 /home/uav/USTUAV/paparazzi/var/MYAC/ap/subsystems/imu/imu_aspirin2.o
                0x0000000008015f58                imu_impl_init
 .text.imu_periodic
                0x0000000008015f80       0xf8 /home/uav/USTUAV/paparazzi/var/MYAC/ap/subsystems/imu/imu_aspirin2.o
                0x0000000008015f80                imu_periodic
 .text.spi_arch_int_enable
                0x0000000008016078       0x18 /home/uav/USTUAV/paparazzi/var/MYAC/ap/arch/stm32/mcu_periph/spi_arch.o
                0x0000000008016078                spi_arch_int_enable
 .text.spi_init
                0x0000000008016090       0xb8 /home/uav/USTUAV/paparazzi/var/MYAC/ap/arch/stm32/mcu_periph/spi_arch.o
                0x0000000008016090                spi_init
 .text.spi_rw   0x0000000008016148       0xe0 /home/uav/USTUAV/paparazzi/var/MYAC/ap/arch/stm32/mcu_periph/spi_arch.o
                0x0000000008016148                spi_rw
 .text.dma1_c4_irq_handler
                0x0000000008016228       0x78 /home/uav/USTUAV/paparazzi/var/MYAC/ap/arch/stm32/mcu_periph/spi_arch.o
                0x0000000008016228                dma1_c4_irq_handler
 .text.ahrs_aligner_init
                0x00000000080162a0       0x40 /home/uav/USTUAV/paparazzi/var/MYAC/ap/subsystems/ahrs/ahrs_aligner.o
                0x00000000080162a0                ahrs_aligner_init
 .text.ahrs_aligner_run
                0x00000000080162e0      0x1a4 /home/uav/USTUAV/paparazzi/var/MYAC/ap/subsystems/ahrs/ahrs_aligner.o
                0x00000000080162e0                ahrs_aligner_run
 .text.Vector_Dot_Product
                0x0000000008016484       0x34 /home/uav/USTUAV/paparazzi/var/MYAC/ap/subsystems/ahrs/ahrs_float_dcm.o
 .text.Vector_Scale
                0x00000000080164b8       0x28 /home/uav/USTUAV/paparazzi/var/MYAC/ap/subsystems/ahrs/ahrs_float_dcm.o
 .text.Vector_Add
                0x00000000080164e0       0x28 /home/uav/USTUAV/paparazzi/var/MYAC/ap/subsystems/ahrs/ahrs_float_dcm.o
 .text.set_dcm_matrix_from_rmat
                0x0000000008016508       0x2c /home/uav/USTUAV/paparazzi/var/MYAC/ap/subsystems/ahrs/ahrs_float_dcm.o
 .text.compute_body_orientation_and_rates
                0x0000000008016534      0x434 /home/uav/USTUAV/paparazzi/var/MYAC/ap/subsystems/ahrs/ahrs_float_dcm.o
 .text.ahrs_init
                0x0000000008016968       0xb0 /home/uav/USTUAV/paparazzi/var/MYAC/ap/subsystems/ahrs/ahrs_float_dcm.o
                0x0000000008016968                ahrs_init
 .text.ahrs_align
                0x0000000008016a18      0x448 /home/uav/USTUAV/paparazzi/var/MYAC/ap/subsystems/ahrs/ahrs_float_dcm.o
                0x0000000008016a18                ahrs_align
 .text.ahrs_update_gps
                0x0000000008016e60        0x2 /home/uav/USTUAV/paparazzi/var/MYAC/ap/subsystems/ahrs/ahrs_float_dcm.o
                0x0000000008016e60                ahrs_update_gps
 *fill*         0x0000000008016e62        0x2 00
 .text.Normalize
                0x0000000008016e64      0x268 /home/uav/USTUAV/paparazzi/var/MYAC/ap/subsystems/ahrs/ahrs_float_dcm.o
                0x0000000008016e64                Normalize
 *fill*         0x00000000080170cc        0x4 00
 .text.Drift_correction
                0x00000000080170d0      0x2e8 /home/uav/USTUAV/paparazzi/var/MYAC/ap/subsystems/ahrs/ahrs_float_dcm.o
                0x00000000080170d0                Drift_correction
 .text.ahrs_update_accel
                0x00000000080173b8       0xe0 /home/uav/USTUAV/paparazzi/var/MYAC/ap/subsystems/ahrs/ahrs_float_dcm.o
                0x00000000080173b8                ahrs_update_accel
 .text.Matrix_update
                0x0000000008017498      0x128 /home/uav/USTUAV/paparazzi/var/MYAC/ap/subsystems/ahrs/ahrs_float_dcm.o
                0x0000000008017498                Matrix_update
 .text.ahrs_propagate
                0x00000000080175c0      0x2d0 /home/uav/USTUAV/paparazzi/var/MYAC/ap/subsystems/ahrs/ahrs_float_dcm.o
                0x00000000080175c0                ahrs_propagate
 .text.ahrs_update_fw_estimator
                0x0000000008017890       0x64 /home/uav/USTUAV/paparazzi/var/MYAC/ap/subsystems/ahrs/ahrs_float_dcm.o
                0x0000000008017890                ahrs_update_fw_estimator
 .text.gps_ubx_ucenter_enable_msg.constprop.0
                0x00000000080178f4      0x150 /home/uav/USTUAV/paparazzi/var/MYAC/ap/subsystems/gps/gps_ubx.o
 .text.gps_impl_init
                0x0000000008017a44       0x1c /home/uav/USTUAV/paparazzi/var/MYAC/ap/subsystems/gps/gps_ubx.o
                0x0000000008017a44                gps_impl_init
 .text.gps_ubx_read_message
                0x0000000008017a60      0x3b8 /home/uav/USTUAV/paparazzi/var/MYAC/ap/subsystems/gps/gps_ubx.o
                0x0000000008017a60                gps_ubx_read_message
 .text.gps_ubx_parse
                0x0000000008017e18      0x104 /home/uav/USTUAV/paparazzi/var/MYAC/ap/subsystems/gps/gps_ubx.o
                0x0000000008017e18                gps_ubx_parse
 .text.gps_ubx_ucenter_init
                0x0000000008017f1c       0x2c /home/uav/USTUAV/paparazzi/var/MYAC/ap/subsystems/gps/gps_ubx.o
                0x0000000008017f1c                gps_ubx_ucenter_init
 .text.gps_ubx_ucenter_periodic
                0x0000000008017f48     0x1514 /home/uav/USTUAV/paparazzi/var/MYAC/ap/subsystems/gps/gps_ubx.o
                0x0000000008017f48                gps_ubx_ucenter_periodic
 .text.gps_ubx_ucenter_event
                0x000000000801945c       0x70 /home/uav/USTUAV/paparazzi/var/MYAC/ap/subsystems/gps/gps_ubx.o
                0x000000000801945c                gps_ubx_ucenter_event
 .text.gps_init
                0x00000000080194cc       0x1c /home/uav/USTUAV/paparazzi/var/MYAC/ap/subsystems/gps.o
                0x00000000080194cc                gps_init
 .text.nav_set_altitude
                0x00000000080194e8       0x3c /home/uav/USTUAV/paparazzi/var/MYAC/ap/subsystems/nav.o
 .text.nav_init_stage
                0x0000000008019524       0x58 /home/uav/USTUAV/paparazzi/var/MYAC/ap/subsystems/nav.o
                0x0000000008019524                nav_init_stage
 .text.nav_approaching_xy
                0x000000000801957c       0xac /home/uav/USTUAV/paparazzi/var/MYAC/ap/subsystems/nav.o
                0x000000000801957c                nav_approaching_xy
 .text.fly_to_xy
                0x0000000008019628      0x208 /home/uav/USTUAV/paparazzi/var/MYAC/ap/subsystems/nav.o
                0x0000000008019628                fly_to_xy
 .text.nav_circle_XY
                0x0000000008019830      0x340 /home/uav/USTUAV/paparazzi/var/MYAC/ap/subsystems/nav.o
                0x0000000008019830                nav_circle_XY
 .text.nav_route_xy
                0x0000000008019b70      0x180 /home/uav/USTUAV/paparazzi/var/MYAC/ap/subsystems/nav.o
                0x0000000008019b70                nav_route_xy
 .text.compute_dist2_to_home
                0x0000000008019cf0       0x64 /home/uav/USTUAV/paparazzi/var/MYAC/ap/subsystems/nav.o
                0x0000000008019cf0                compute_dist2_to_home
 *fill*         0x0000000008019d54        0x4 00
 .text.nav_reset_reference
                0x0000000008019d58       0xe0 /home/uav/USTUAV/paparazzi/var/MYAC/ap/subsystems/nav.o
                0x0000000008019d58                nav_reset_reference
 .text.nav_update_waypoints_alt
                0x0000000008019e38       0x38 /home/uav/USTUAV/paparazzi/var/MYAC/ap/subsystems/nav.o
                0x0000000008019e38                nav_update_waypoints_alt
 .text.common_nav_periodic_task_4Hz
                0x0000000008019e70       0x30 /home/uav/USTUAV/paparazzi/var/MYAC/ap/subsystems/nav.o
                0x0000000008019e70                common_nav_periodic_task_4Hz
 .text.nav_move_waypoint
                0x0000000008019ea0       0xc8 /home/uav/USTUAV/paparazzi/var/MYAC/ap/subsystems/nav.o
                0x0000000008019ea0                nav_move_waypoint
 .text.nav_home
                0x0000000008019f68       0x60 /home/uav/USTUAV/paparazzi/var/MYAC/ap/subsystems/nav.o
                0x0000000008019f68                nav_home
 .text.nav_init
                0x0000000008019fc8       0x4c /home/uav/USTUAV/paparazzi/var/MYAC/ap/subsystems/nav.o
                0x0000000008019fc8                nav_init
 .text.nav_without_gps
                0x000000000801a014       0x3c /home/uav/USTUAV/paparazzi/var/MYAC/ap/subsystems/nav.o
                0x000000000801a014                nav_without_gps
 .text.nav_eight
                0x000000000801a050      0x538 /home/uav/USTUAV/paparazzi/var/MYAC/ap/subsystems/nav.o
                0x000000000801a050                nav_eight
 .text.nav_oval_init
                0x000000000801a588       0x18 /home/uav/USTUAV/paparazzi/var/MYAC/ap/subsystems/nav.o
                0x000000000801a588                nav_oval_init
 .text.nav_oval
                0x000000000801a5a0      0x4c8 /home/uav/USTUAV/paparazzi/var/MYAC/ap/subsystems/nav.o
                0x000000000801a5a0                nav_oval
 .text.nav_periodic_task
                0x000000000801aa68      0x998 /home/uav/USTUAV/paparazzi/var/MYAC/ap/subsystems/nav.o
                0x000000000801aa68                nav_periodic_task
 .text.nav_init_block
                0x000000000801b400       0x28 /home/uav/USTUAV/paparazzi/var/MYAC/ap/subsystems/navigation/common_flight_plan.o
                0x000000000801b400                nav_init_block
 .text.nav_goto_block
                0x000000000801b428       0x2c /home/uav/USTUAV/paparazzi/var/MYAC/ap/subsystems/navigation/common_flight_plan.o
                0x000000000801b428                nav_goto_block
 .text.traffic_info_init
                0x000000000801b454       0x24 /home/uav/USTUAV/paparazzi/var/MYAC/ap/subsystems/navigation/traffic_info.o
                0x000000000801b454                traffic_info_init
 .text.nav_survey_rectangle_init
                0x000000000801b478      0x2a8 /home/uav/USTUAV/paparazzi/var/MYAC/ap/subsystems/navigation/nav_survey_rectangle.o
                0x000000000801b478                nav_survey_rectangle_init
 .text.nav_survey_rectangle
                0x000000000801b720      0x640 /home/uav/USTUAV/paparazzi/var/MYAC/ap/subsystems/navigation/nav_survey_rectangle.o
                0x000000000801b720                nav_survey_rectangle
 .text.nav_line_init
                0x000000000801bd60        0xc /home/uav/USTUAV/paparazzi/var/MYAC/ap/subsystems/navigation/nav_line.o
                0x000000000801bd60                nav_line_init
 *fill*         0x000000000801bd6c        0x4 00
 .text.nav_line
                0x000000000801bd70      0xa60 /home/uav/USTUAV/paparazzi/var/MYAC/ap/subsystems/navigation/nav_line.o
                0x000000000801bd70                nav_line
 .text.init_sysmon
                0x000000000801c7d0       0x60 /home/uav/USTUAV/paparazzi/var/MYAC/ap/modules/core/sys_mon.o
                0x000000000801c7d0                init_sysmon
 .text.periodic_report_sysmon
                0x000000000801c830      0x1f0 /home/uav/USTUAV/paparazzi/var/MYAC/ap/modules/core/sys_mon.o
                0x000000000801c830                periodic_report_sysmon
 .text.periodic_sysmon
                0x000000000801ca20       0xc8 /home/uav/USTUAV/paparazzi/var/MYAC/ap/modules/core/sys_mon.o
                0x000000000801ca20                periodic_sysmon
 .text.event_sysmon
                0x000000000801cae8       0x88 /home/uav/USTUAV/paparazzi/var/MYAC/ap/modules/core/sys_mon.o
                0x000000000801cae8                event_sysmon
 .text.adc_generic_init
                0x000000000801cb70       0x24 /home/uav/USTUAV/paparazzi/var/MYAC/ap/modules/adcs/adc_generic.o
                0x000000000801cb70                adc_generic_init
 .text.adc_generic_periodic
                0x000000000801cb94      0x118 /home/uav/USTUAV/paparazzi/var/MYAC/ap/modules/adcs/adc_generic.o
                0x000000000801cb94                adc_generic_periodic
 .text.ADC_Init
                0x000000000801ccac       0x48 /opt/paparazzi/arm-multilib/lib/gcc/arm-none-eabi/4.6.2/../../../../arm-none-eabi/lib/libstm32.a(stm32_adc.o)
                0x000000000801ccac                ADC_Init
 .text.ADC_Cmd  0x000000000801ccf4       0x12 /opt/paparazzi/arm-multilib/lib/gcc/arm-none-eabi/4.6.2/../../../../arm-none-eabi/lib/libstm32.a(stm32_adc.o)
                0x000000000801ccf4                ADC_Cmd
 .text.ADC_ITConfig
                0x000000000801cd06       0x12 /opt/paparazzi/arm-multilib/lib/gcc/arm-none-eabi/4.6.2/../../../../arm-none-eabi/lib/libstm32.a(stm32_adc.o)
                0x000000000801cd06                ADC_ITConfig
 .text.ADC_ResetCalibration
                0x000000000801cd18        0xa /opt/paparazzi/arm-multilib/lib/gcc/arm-none-eabi/4.6.2/../../../../arm-none-eabi/lib/libstm32.a(stm32_adc.o)
                0x000000000801cd18                ADC_ResetCalibration
 .text.ADC_GetResetCalibrationStatus
                0x000000000801cd22        0x8 /opt/paparazzi/arm-multilib/lib/gcc/arm-none-eabi/4.6.2/../../../../arm-none-eabi/lib/libstm32.a(stm32_adc.o)
                0x000000000801cd22                ADC_GetResetCalibrationStatus
 .text.ADC_StartCalibration
                0x000000000801cd2a        0xa /opt/paparazzi/arm-multilib/lib/gcc/arm-none-eabi/4.6.2/../../../../arm-none-eabi/lib/libstm32.a(stm32_adc.o)
                0x000000000801cd2a                ADC_StartCalibration
 .text.ADC_GetCalibrationStatus
                0x000000000801cd34        0x8 /opt/paparazzi/arm-multilib/lib/gcc/arm-none-eabi/4.6.2/../../../../arm-none-eabi/lib/libstm32.a(stm32_adc.o)
                0x000000000801cd34                ADC_GetCalibrationStatus
 .text.ADC_ExternalTrigInjectedConvConfig
                0x000000000801cd3c        0xc /opt/paparazzi/arm-multilib/lib/gcc/arm-none-eabi/4.6.2/../../../../arm-none-eabi/lib/libstm32.a(stm32_adc.o)
                0x000000000801cd3c                ADC_ExternalTrigInjectedConvConfig
 .text.ADC_ExternalTrigInjectedConvCmd
                0x000000000801cd48       0x12 /opt/paparazzi/arm-multilib/lib/gcc/arm-none-eabi/4.6.2/../../../../arm-none-eabi/lib/libstm32.a(stm32_adc.o)
                0x000000000801cd48                ADC_ExternalTrigInjectedConvCmd
 .text.ADC_InjectedChannelConfig
                0x000000000801cd5a       0x58 /opt/paparazzi/arm-multilib/lib/gcc/arm-none-eabi/4.6.2/../../../../arm-none-eabi/lib/libstm32.a(stm32_adc.o)
                0x000000000801cd5a                ADC_InjectedChannelConfig
 .text.ADC_InjectedSequencerLengthConfig
                0x000000000801cdb2       0x10 /opt/paparazzi/arm-multilib/lib/gcc/arm-none-eabi/4.6.2/../../../../arm-none-eabi/lib/libstm32.a(stm32_adc.o)
                0x000000000801cdb2                ADC_InjectedSequencerLengthConfig
 .text.ADC_GetInjectedConversionValue
                0x000000000801cdc2        0x8 /opt/paparazzi/arm-multilib/lib/gcc/arm-none-eabi/4.6.2/../../../../arm-none-eabi/lib/libstm32.a(stm32_adc.o)
                0x000000000801cdc2                ADC_GetInjectedConversionValue
 .text.ADC_ClearITPendingBit
                0x000000000801cdca        0x8 /opt/paparazzi/arm-multilib/lib/gcc/arm-none-eabi/4.6.2/../../../../arm-none-eabi/lib/libstm32.a(stm32_adc.o)
                0x000000000801cdca                ADC_ClearITPendingBit
 *fill*         0x000000000801cdd2        0x2 00
 .text.TIM_TimeBaseInit
                0x000000000801cdd4       0x3c /opt/paparazzi/arm-multilib/lib/gcc/arm-none-eabi/4.6.2/../../../../arm-none-eabi/lib/libstm32.a(stm32_tim.o)
                0x000000000801cdd4                TIM_TimeBaseInit
 .text.TIM_OC1Init
                0x000000000801ce10       0x74 /opt/paparazzi/arm-multilib/lib/gcc/arm-none-eabi/4.6.2/../../../../arm-none-eabi/lib/libstm32.a(stm32_tim.o)
                0x000000000801ce10                TIM_OC1Init
 .text.TIM_OC2Init
                0x000000000801ce84       0x88 /opt/paparazzi/arm-multilib/lib/gcc/arm-none-eabi/4.6.2/../../../../arm-none-eabi/lib/libstm32.a(stm32_tim.o)
                0x000000000801ce84                TIM_OC2Init
 .text.TIM_OC3Init
                0x000000000801cf0c       0x84 /opt/paparazzi/arm-multilib/lib/gcc/arm-none-eabi/4.6.2/../../../../arm-none-eabi/lib/libstm32.a(stm32_tim.o)
                0x000000000801cf0c                TIM_OC3Init
 .text.TIM_OC4Init
                0x000000000801cf90       0x68 /opt/paparazzi/arm-multilib/lib/gcc/arm-none-eabi/4.6.2/../../../../arm-none-eabi/lib/libstm32.a(stm32_tim.o)
                0x000000000801cf90                TIM_OC4Init
 .text.TIM_TimeBaseStructInit
                0x000000000801cff8       0x12 /opt/paparazzi/arm-multilib/lib/gcc/arm-none-eabi/4.6.2/../../../../arm-none-eabi/lib/libstm32.a(stm32_tim.o)
                0x000000000801cff8                TIM_TimeBaseStructInit
 .text.TIM_Cmd  0x000000000801d00a       0x18 /opt/paparazzi/arm-multilib/lib/gcc/arm-none-eabi/4.6.2/../../../../arm-none-eabi/lib/libstm32.a(stm32_tim.o)
                0x000000000801d00a                TIM_Cmd
 .text.TIM_CtrlPWMOutputs
                0x000000000801d022       0x1c /opt/paparazzi/arm-multilib/lib/gcc/arm-none-eabi/4.6.2/../../../../arm-none-eabi/lib/libstm32.a(stm32_tim.o)
                0x000000000801d022                TIM_CtrlPWMOutputs
 .text.TIM_ITConfig
                0x000000000801d03e       0x12 /opt/paparazzi/arm-multilib/lib/gcc/arm-none-eabi/4.6.2/../../../../arm-none-eabi/lib/libstm32.a(stm32_tim.o)
                0x000000000801d03e                TIM_ITConfig
 .text.TIM_ARRPreloadConfig
                0x000000000801d050       0x18 /opt/paparazzi/arm-multilib/lib/gcc/arm-none-eabi/4.6.2/../../../../arm-none-eabi/lib/libstm32.a(stm32_tim.o)
                0x000000000801d050                TIM_ARRPreloadConfig
 .text.TIM_OC1PreloadConfig
                0x000000000801d068       0x10 /opt/paparazzi/arm-multilib/lib/gcc/arm-none-eabi/4.6.2/../../../../arm-none-eabi/lib/libstm32.a(stm32_tim.o)
                0x000000000801d068                TIM_OC1PreloadConfig
 .text.TIM_OC2PreloadConfig
                0x000000000801d078       0x14 /opt/paparazzi/arm-multilib/lib/gcc/arm-none-eabi/4.6.2/../../../../arm-none-eabi/lib/libstm32.a(stm32_tim.o)
                0x000000000801d078                TIM_OC2PreloadConfig
 .text.TIM_OC3PreloadConfig
                0x000000000801d08c       0x10 /opt/paparazzi/arm-multilib/lib/gcc/arm-none-eabi/4.6.2/../../../../arm-none-eabi/lib/libstm32.a(stm32_tim.o)
                0x000000000801d08c                TIM_OC3PreloadConfig
 .text.TIM_OC4PreloadConfig
                0x000000000801d09c       0x14 /opt/paparazzi/arm-multilib/lib/gcc/arm-none-eabi/4.6.2/../../../../arm-none-eabi/lib/libstm32.a(stm32_tim.o)
                0x000000000801d09c                TIM_OC4PreloadConfig
 .text.TIM_SelectOutputTrigger
                0x000000000801d0b0       0x16 /opt/paparazzi/arm-multilib/lib/gcc/arm-none-eabi/4.6.2/../../../../arm-none-eabi/lib/libstm32.a(stm32_tim.o)
                0x000000000801d0b0                TIM_SelectOutputTrigger
 .text.TIM_SetCompare1
                0x000000000801d0c6        0x4 /opt/paparazzi/arm-multilib/lib/gcc/arm-none-eabi/4.6.2/../../../../arm-none-eabi/lib/libstm32.a(stm32_tim.o)
                0x000000000801d0c6                TIM_SetCompare1
 .text.TIM_SetCompare2
                0x000000000801d0ca        0x4 /opt/paparazzi/arm-multilib/lib/gcc/arm-none-eabi/4.6.2/../../../../arm-none-eabi/lib/libstm32.a(stm32_tim.o)
                0x000000000801d0ca                TIM_SetCompare2
 .text.TIM_SetCompare3
                0x000000000801d0ce        0x4 /opt/paparazzi/arm-multilib/lib/gcc/arm-none-eabi/4.6.2/../../../../arm-none-eabi/lib/libstm32.a(stm32_tim.o)
                0x000000000801d0ce                TIM_SetCompare3
 .text.TIM_SetCompare4
                0x000000000801d0d2        0x6 /opt/paparazzi/arm-multilib/lib/gcc/arm-none-eabi/4.6.2/../../../../arm-none-eabi/lib/libstm32.a(stm32_tim.o)
                0x000000000801d0d2                TIM_SetCompare4
 .text.TIM_ClearFlag
                0x000000000801d0d8        0x8 /opt/paparazzi/arm-multilib/lib/gcc/arm-none-eabi/4.6.2/../../../../arm-none-eabi/lib/libstm32.a(stm32_tim.o)
                0x000000000801d0d8                TIM_ClearFlag
 .text.TIM_ClearITPendingBit
                0x000000000801d0e0        0x8 /opt/paparazzi/arm-multilib/lib/gcc/arm-none-eabi/4.6.2/../../../../arm-none-eabi/lib/libstm32.a(stm32_tim.o)
                0x000000000801d0e0                TIM_ClearITPendingBit
 .text.DMA_DeInit
                0x000000000801d0e8       0xe8 /opt/paparazzi/arm-multilib/lib/gcc/arm-none-eabi/4.6.2/../../../../arm-none-eabi/lib/libstm32.a(stm32_dma.o)
                0x000000000801d0e8                DMA_DeInit
 .text.DMA_Init
                0x000000000801d1d0       0x3c /opt/paparazzi/arm-multilib/lib/gcc/arm-none-eabi/4.6.2/../../../../arm-none-eabi/lib/libstm32.a(stm32_dma.o)
                0x000000000801d1d0                DMA_Init
 .text.DMA_Cmd  0x000000000801d20c       0x12 /opt/paparazzi/arm-multilib/lib/gcc/arm-none-eabi/4.6.2/../../../../arm-none-eabi/lib/libstm32.a(stm32_dma.o)
                0x000000000801d20c                DMA_Cmd
 .text.DMA_ITConfig
                0x000000000801d21e       0x10 /opt/paparazzi/arm-multilib/lib/gcc/arm-none-eabi/4.6.2/../../../../arm-none-eabi/lib/libstm32.a(stm32_dma.o)
                0x000000000801d21e                DMA_ITConfig
 *fill*         0x000000000801d22e        0x2 00
 .text.DMA_GetITStatus
                0x000000000801d230       0x1c /opt/paparazzi/arm-multilib/lib/gcc/arm-none-eabi/4.6.2/../../../../arm-none-eabi/lib/libstm32.a(stm32_dma.o)
                0x000000000801d230                DMA_GetITStatus
 .text.DMA_ClearITPendingBit
                0x000000000801d24c       0x14 /opt/paparazzi/arm-multilib/lib/gcc/arm-none-eabi/4.6.2/../../../../arm-none-eabi/lib/libstm32.a(stm32_dma.o)
                0x000000000801d24c                DMA_ClearITPendingBit
 .text.GPIO_Init
                0x000000000801d260       0xaa /opt/paparazzi/arm-multilib/lib/gcc/arm-none-eabi/4.6.2/../../../../arm-none-eabi/lib/libstm32.a(stm32_gpio.o)
                0x000000000801d260                GPIO_Init
 .text.GPIO_ReadInputDataBit
                0x000000000801d30a        0xc /opt/paparazzi/arm-multilib/lib/gcc/arm-none-eabi/4.6.2/../../../../arm-none-eabi/lib/libstm32.a(stm32_gpio.o)
                0x000000000801d30a                GPIO_ReadInputDataBit
 .text.GPIO_WriteBit
                0x000000000801d316        0xa /opt/paparazzi/arm-multilib/lib/gcc/arm-none-eabi/4.6.2/../../../../arm-none-eabi/lib/libstm32.a(stm32_gpio.o)
                0x000000000801d316                GPIO_WriteBit
 .text.GPIO_PinRemapConfig
                0x000000000801d320       0x54 /opt/paparazzi/arm-multilib/lib/gcc/arm-none-eabi/4.6.2/../../../../arm-none-eabi/lib/libstm32.a(stm32_gpio.o)
                0x000000000801d320                GPIO_PinRemapConfig
 .text.USART_Init
                0x000000000801d374       0x8c /opt/paparazzi/arm-multilib/lib/gcc/arm-none-eabi/4.6.2/../../../../arm-none-eabi/lib/libstm32.a(stm32_usart.o)
                0x000000000801d374                USART_Init
 .text.USART_Cmd
                0x000000000801d400       0x18 /opt/paparazzi/arm-multilib/lib/gcc/arm-none-eabi/4.6.2/../../../../arm-none-eabi/lib/libstm32.a(stm32_usart.o)
                0x000000000801d400                USART_Cmd
 .text.USART_ITConfig
                0x000000000801d418       0x32 /opt/paparazzi/arm-multilib/lib/gcc/arm-none-eabi/4.6.2/../../../../arm-none-eabi/lib/libstm32.a(stm32_usart.o)
                0x000000000801d418                USART_ITConfig
 .text.USART_SendData
                0x000000000801d44a        0x8 /opt/paparazzi/arm-multilib/lib/gcc/arm-none-eabi/4.6.2/../../../../arm-none-eabi/lib/libstm32.a(stm32_usart.o)
                0x000000000801d44a                USART_SendData
 .text.USART_ReceiveData
                0x000000000801d452        0x8 /opt/paparazzi/arm-multilib/lib/gcc/arm-none-eabi/4.6.2/../../../../arm-none-eabi/lib/libstm32.a(stm32_usart.o)
                0x000000000801d452                USART_ReceiveData
 .text.USART_GetITStatus
                0x000000000801d45a       0x3e /opt/paparazzi/arm-multilib/lib/gcc/arm-none-eabi/4.6.2/../../../../arm-none-eabi/lib/libstm32.a(stm32_usart.o)
                0x000000000801d45a                USART_GetITStatus
 .text.SPI_Init
                0x000000000801d498       0x3e /opt/paparazzi/arm-multilib/lib/gcc/arm-none-eabi/4.6.2/../../../../arm-none-eabi/lib/libstm32.a(stm32_spi.o)
                0x000000000801d498                SPI_Init
 .text.SPI_Cmd  0x000000000801d4d6       0x18 /opt/paparazzi/arm-multilib/lib/gcc/arm-none-eabi/4.6.2/../../../../arm-none-eabi/lib/libstm32.a(stm32_spi.o)
                0x000000000801d4d6                SPI_Cmd
 .text.SPI_I2S_DMACmd
                0x000000000801d4ee       0x12 /opt/paparazzi/arm-multilib/lib/gcc/arm-none-eabi/4.6.2/../../../../arm-none-eabi/lib/libstm32.a(stm32_spi.o)
                0x000000000801d4ee                SPI_I2S_DMACmd
 .text.RCC_ADCCLKConfig
                0x000000000801d500       0x14 /opt/paparazzi/arm-multilib/lib/gcc/arm-none-eabi/4.6.2/../../../../arm-none-eabi/lib/libstm32.a(stm32_rcc.o)
                0x000000000801d500                RCC_ADCCLKConfig
 .text.RCC_GetClocksFreq
                0x000000000801d514       0x8c /opt/paparazzi/arm-multilib/lib/gcc/arm-none-eabi/4.6.2/../../../../arm-none-eabi/lib/libstm32.a(stm32_rcc.o)
                0x000000000801d514                RCC_GetClocksFreq
 .text.RCC_AHBPeriphClockCmd
                0x000000000801d5a0       0x18 /opt/paparazzi/arm-multilib/lib/gcc/arm-none-eabi/4.6.2/../../../../arm-none-eabi/lib/libstm32.a(stm32_rcc.o)
                0x000000000801d5a0                RCC_AHBPeriphClockCmd
 .text.RCC_APB2PeriphClockCmd
                0x000000000801d5b8       0x18 /opt/paparazzi/arm-multilib/lib/gcc/arm-none-eabi/4.6.2/../../../../arm-none-eabi/lib/libstm32.a(stm32_rcc.o)
                0x000000000801d5b8                RCC_APB2PeriphClockCmd
 .text.RCC_APB1PeriphClockCmd
                0x000000000801d5d0       0x18 /opt/paparazzi/arm-multilib/lib/gcc/arm-none-eabi/4.6.2/../../../../arm-none-eabi/lib/libstm32.a(stm32_rcc.o)
                0x000000000801d5d0                RCC_APB1PeriphClockCmd
 .text.NVIC_Init
                0x000000000801d5e8       0x64 /opt/paparazzi/arm-multilib/lib/gcc/arm-none-eabi/4.6.2/../../../../arm-none-eabi/lib/libstm32.a(stm32_misc.o)
                0x000000000801d5e8                NVIC_Init
 .text.NVIC_SetVectorTable
                0x000000000801d64c       0x14 /opt/paparazzi/arm-multilib/lib/gcc/arm-none-eabi/4.6.2/../../../../arm-none-eabi/lib/libstm32.a(stm32_misc.o)
                0x000000000801d64c                NVIC_SetVectorTable
 .text.rcc_wait_for_osc_ready
                0x000000000801d660       0x4c /opt/paparazzi/arm-multilib/lib/gcc/arm-none-eabi/4.6.2/../../../../arm-none-eabi/lib/libopencm3_stm32.a(rcc.o)
                0x000000000801d660                rcc_wait_for_osc_ready
 .text.rcc_osc_on
                0x000000000801d6ac       0x4c /opt/paparazzi/arm-multilib/lib/gcc/arm-none-eabi/4.6.2/../../../../arm-none-eabi/lib/libopencm3_stm32.a(rcc.o)
                0x000000000801d6ac                rcc_osc_on
 .text.rcc_set_sysclk_source
                0x000000000801d6f8       0x14 /opt/paparazzi/arm-multilib/lib/gcc/arm-none-eabi/4.6.2/../../../../arm-none-eabi/lib/libopencm3_stm32.a(rcc.o)
                0x000000000801d6f8                rcc_set_sysclk_source
 .text.rcc_set_pll_multiplication_factor
                0x000000000801d70c       0x14 /opt/paparazzi/arm-multilib/lib/gcc/arm-none-eabi/4.6.2/../../../../arm-none-eabi/lib/libopencm3_stm32.a(rcc.o)
                0x000000000801d70c                rcc_set_pll_multiplication_factor
 .text.rcc_set_pll_source
                0x000000000801d720       0x14 /opt/paparazzi/arm-multilib/lib/gcc/arm-none-eabi/4.6.2/../../../../arm-none-eabi/lib/libopencm3_stm32.a(rcc.o)
                0x000000000801d720                rcc_set_pll_source
 .text.rcc_set_pllxtpre
                0x000000000801d734       0x14 /opt/paparazzi/arm-multilib/lib/gcc/arm-none-eabi/4.6.2/../../../../arm-none-eabi/lib/libopencm3_stm32.a(rcc.o)
                0x000000000801d734                rcc_set_pllxtpre
 .text.rcc_set_adcpre
                0x000000000801d748       0x14 /opt/paparazzi/arm-multilib/lib/gcc/arm-none-eabi/4.6.2/../../../../arm-none-eabi/lib/libopencm3_stm32.a(rcc.o)
                0x000000000801d748                rcc_set_adcpre
 .text.rcc_set_ppre2
                0x000000000801d75c       0x14 /opt/paparazzi/arm-multilib/lib/gcc/arm-none-eabi/4.6.2/../../../../arm-none-eabi/lib/libopencm3_stm32.a(rcc.o)
                0x000000000801d75c                rcc_set_ppre2
 .text.rcc_set_ppre1
                0x000000000801d770       0x14 /opt/paparazzi/arm-multilib/lib/gcc/arm-none-eabi/4.6.2/../../../../arm-none-eabi/lib/libopencm3_stm32.a(rcc.o)
                0x000000000801d770                rcc_set_ppre1
 .text.rcc_set_hpre
                0x000000000801d784       0x14 /opt/paparazzi/arm-multilib/lib/gcc/arm-none-eabi/4.6.2/../../../../arm-none-eabi/lib/libopencm3_stm32.a(rcc.o)
                0x000000000801d784                rcc_set_hpre
 .text.rcc_clock_setup_in_hse_12mhz_out_72mhz
                0x000000000801d798       0x88 /opt/paparazzi/arm-multilib/lib/gcc/arm-none-eabi/4.6.2/../../../../arm-none-eabi/lib/libopencm3_stm32.a(rcc.o)
                0x000000000801d798                rcc_clock_setup_in_hse_12mhz_out_72mhz
 .text.usart_set_baudrate
                0x000000000801d820       0x24 /opt/paparazzi/arm-multilib/lib/gcc/arm-none-eabi/4.6.2/../../../../arm-none-eabi/lib/libopencm3_stm32.a(usart.o)
                0x000000000801d820                usart_set_baudrate
 .text.flash_set_ws
                0x000000000801d844       0x14 /opt/paparazzi/arm-multilib/lib/gcc/arm-none-eabi/4.6.2/../../../../arm-none-eabi/lib/libopencm3_stm32.a(flash.o)
                0x000000000801d844                flash_set_ws
 *(.rodata)
 .rodata        0x000000000801d858        0x4 /home/uav/USTUAV/paparazzi/var/MYAC/ap/arch/stm32/mcu_periph/spi_arch.o
 *fill*         0x000000000801d85c        0x4 00
 .rodata        0x000000000801d860       0x40 /opt/paparazzi/arm-multilib/lib/gcc/arm-none-eabi/4.6.2/../../../../arm-none-eabi/lib/thumb2/libm.a(lib_a-s_atan.o)
 .rodata        0x000000000801d8a0       0x10 /opt/paparazzi/arm-multilib/lib/gcc/arm-none-eabi/4.6.2/../../../../arm-none-eabi/lib/thumb2/libm.a(lib_a-s_rint.o)
 .rodata        0x000000000801d8b0       0x20 /opt/paparazzi/arm-multilib/lib/gcc/arm-none-eabi/4.6.2/../../../../arm-none-eabi/lib/thumb2/libm.a(lib_a-sf_atan.o)
 .rodata        0x000000000801d8d0       0x30 /opt/paparazzi/arm-multilib/lib/gcc/arm-none-eabi/4.6.2/../../../../arm-none-eabi/lib/thumb2/libm.a(lib_a-e_exp.o)
 .rodata        0x000000000801d900       0x30 /opt/paparazzi/arm-multilib/lib/gcc/arm-none-eabi/4.6.2/../../../../arm-none-eabi/lib/thumb2/libm.a(lib_a-e_pow.o)
 .rodata        0x000000000801d930      0x188 /opt/paparazzi/arm-multilib/lib/gcc/arm-none-eabi/4.6.2/../../../../arm-none-eabi/lib/thumb2/libm.a(lib_a-e_rem_pio2.o)
 .rodata        0x000000000801dab8      0x398 /opt/paparazzi/arm-multilib/lib/gcc/arm-none-eabi/4.6.2/../../../../arm-none-eabi/lib/thumb2/libm.a(lib_a-ef_rem_pio2.o)
 .rodata        0x000000000801de50       0x50 /opt/paparazzi/arm-multilib/lib/gcc/arm-none-eabi/4.6.2/../../../../arm-none-eabi/lib/thumb2/libm.a(lib_a-k_rem_pio2.o)
 .rodata        0x000000000801dea0       0x38 /opt/paparazzi/arm-multilib/lib/gcc/arm-none-eabi/4.6.2/../../../../arm-none-eabi/lib/thumb2/libm.a(lib_a-kf_rem_pio2.o)
 *(.rodata*)
 .rodata.serie_coeff_proj_mercator
                0x000000000801ded8       0x14 /home/uav/USTUAV/paparazzi/var/MYAC/ap/math/pprz_geodetic_float.o
 .rodata.commands_failsafe
                0x000000000801deec        0x8 /home/uav/USTUAV/paparazzi/var/MYAC/ap/./commands.o
                0x000000000801deec                commands_failsafe
 .rodata.str1.1
                0x000000000801def4       0x11 /home/uav/USTUAV/paparazzi/var/MYAC/ap/firmwares/fixedwing/main_ap.o
 *fill*         0x000000000801df05        0x1 00
 .rodata.version
                0x000000000801df06        0x2 /home/uav/USTUAV/paparazzi/var/MYAC/ap/firmwares/fixedwing/main_ap.o
 .rodata.nb_waypoint
                0x000000000801df08        0x1 /home/uav/USTUAV/paparazzi/var/MYAC/ap/subsystems/nav.o
                0x000000000801df08                nb_waypoint
 .rodata.str1.1
                0x000000000801df09        0x5 /opt/paparazzi/arm-multilib/lib/gcc/arm-none-eabi/4.6.2/../../../../arm-none-eabi/lib/thumb2/libm.a(lib_a-w_asin.o)
                                          0x6 (size before relaxing)
 .rodata.str1.1
                0x000000000801df0e        0x5 /opt/paparazzi/arm-multilib/lib/gcc/arm-none-eabi/4.6.2/../../../../arm-none-eabi/lib/thumb2/libm.a(lib_a-w_cosh.o)
 .rodata.str1.1
                0x000000000801df13        0x4 /opt/paparazzi/arm-multilib/lib/gcc/arm-none-eabi/4.6.2/../../../../arm-none-eabi/lib/thumb2/libm.a(lib_a-w_exp.o)
 .rodata.str1.1
                0x000000000801df17        0x4 /opt/paparazzi/arm-multilib/lib/gcc/arm-none-eabi/4.6.2/../../../../arm-none-eabi/lib/thumb2/libm.a(lib_a-w_log.o)
                                          0x5 (size before relaxing)
 .rodata.str1.1
                0x000000000801df1b        0x4 /opt/paparazzi/arm-multilib/lib/gcc/arm-none-eabi/4.6.2/../../../../arm-none-eabi/lib/thumb2/libm.a(lib_a-w_pow.o)
 .rodata.str1.1
                0x000000000801df1f        0x5 /opt/paparazzi/arm-multilib/lib/gcc/arm-none-eabi/4.6.2/../../../../arm-none-eabi/lib/thumb2/libm.a(lib_a-w_sinh.o)
 .rodata.str1.1
                0x000000000801df24        0x5 /opt/paparazzi/arm-multilib/lib/gcc/arm-none-eabi/4.6.2/../../../../arm-none-eabi/lib/thumb2/libm.a(lib_a-w_sqrt.o)
 .rodata.str1.1
                0x000000000801df29        0x6 /opt/paparazzi/arm-multilib/lib/gcc/arm-none-eabi/4.6.2/../../../../arm-none-eabi/lib/thumb2/libm.a(lib_a-wf_asin.o)
                                          0x7 (size before relaxing)
 .rodata.str1.1
                0x0000000000000000        0x1 /opt/paparazzi/arm-multilib/lib/gcc/arm-none-eabi/4.6.2/../../../../arm-none-eabi/lib/thumb2/libm.a(lib_a-e_pow.o)
 .rodata.str1.1
                0x000000000801df2f        0x2 /opt/paparazzi/arm-multilib/lib/gcc/arm-none-eabi/4.6.2/../../../../arm-none-eabi/lib/thumb2/libc.a(lib_a-impure.o)
 *(.glue_7)
 .glue_7        0x0000000000000000        0x0 linker stubs
 *(.glue_7t)
 .glue_7t       0x0000000000000000        0x0 linker stubs
                0x000000000801df34                . = ALIGN (0x4)
 *fill*         0x000000000801df31        0x3 00
                0x000000000801df34                _etext = .
                0x000000000801df34                _sidata = _etext

.vfp11_veneer   0x000000000801df34        0x0
 .vfp11_veneer  0x0000000000000000        0x0 linker stubs

.v4_bx          0x000000000801df34        0x0
 .v4_bx         0x0000000000000000        0x0 linker stubs

.data           0x0000000020000000     0x37c4 load address 0x000000000801df34
                0x0000000020000000                . = ALIGN (0x4)
                0x0000000020000000                _sdata = .
 *(.data)
 .data          0x0000000020000000        0x1 /opt/paparazzi/arm-multilib/lib/gcc/arm-none-eabi/4.6.2/../../../../arm-none-eabi/lib/thumb2/libm.a(lib_a-s_lib_ver.o)
                0x0000000020000000                __fdlib_version
 *fill*         0x0000000020000001        0x7 00
 .data          0x0000000020000008      0x430 /opt/paparazzi/arm-multilib/lib/gcc/arm-none-eabi/4.6.2/../../../../arm-none-eabi/lib/thumb2/libc.a(lib_a-impure.o)
                0x0000000020000008                _impure_ptr
 *(.data.*)
 .data.fbw_state
                0x0000000020000438        0x4 /home/uav/USTUAV/paparazzi/var/MYAC/ap/./inter_mcu.o
                0x0000000020000438                fbw_state
 .data.ap_state
                0x000000002000043c        0x4 /home/uav/USTUAV/paparazzi/var/MYAC/ap/./inter_mcu.o
                0x000000002000043c                ap_state
 .data.pprz_trig_int
                0x0000000020000440     0x3244 /home/uav/USTUAV/paparazzi/var/MYAC/ap/math/pprz_trig_int.o
                0x0000000020000440                pprz_trig_int
 .data.pprz_mode
                0x0000000020003684        0x1 /home/uav/USTUAV/paparazzi/var/MYAC/ap/firmwares/fixedwing/main_ap.o
                0x0000000020003684                pprz_mode
 .data.boot.4502
                0x0000000020003685        0x1 /home/uav/USTUAV/paparazzi/var/MYAC/ap/firmwares/fixedwing/main_ap.o
 .data.SpektrumSigns
                0x0000000020003686        0xc /home/uav/USTUAV/paparazzi/var/MYAC/ap/arch/stm32/subsystems/radio_control/spektrum_arch.o
                0x0000000020003686                SpektrumSigns
 .data.PrimarySpektrumState
                0x0000000020003692       0x28 /home/uav/USTUAV/paparazzi/var/MYAC/ap/arch/stm32/subsystems/radio_control/spektrum_arch.o
                0x0000000020003692                PrimarySpektrumState
 *fill*         0x00000000200036ba        0x2 00
 .data.Update_Matrix
                0x00000000200036bc       0x24 /home/uav/USTUAV/paparazzi/var/MYAC/ap/subsystems/ahrs/ahrs_float_dcm.o
                0x00000000200036bc                Update_Matrix
 .data.DCM_Matrix
                0x00000000200036e0       0x24 /home/uav/USTUAV/paparazzi/var/MYAC/ap/subsystems/ahrs/ahrs_float_dcm.o
                0x00000000200036e0                DCM_Matrix
 .data.max_dist_from_home
                0x0000000020003704        0x4 /home/uav/USTUAV/paparazzi/var/MYAC/ap/subsystems/nav.o
                0x0000000020003704                max_dist_from_home
 .data.nav_altitude
                0x0000000020003708        0x4 /home/uav/USTUAV/paparazzi/var/MYAC/ap/subsystems/nav.o
                0x0000000020003708                nav_altitude
 .data.nav_utm_zone0
                0x000000002000370c        0x1 /home/uav/USTUAV/paparazzi/var/MYAC/ap/subsystems/nav.o
                0x000000002000370c                nav_utm_zone0
 *fill*         0x000000002000370d        0x3 00
 .data.nav_utm_north0
                0x0000000020003710        0x4 /home/uav/USTUAV/paparazzi/var/MYAC/ap/subsystems/nav.o
                0x0000000020003710                nav_utm_north0
 .data.waypoints
                0x0000000020003714       0x90 /home/uav/USTUAV/paparazzi/var/MYAC/ap/subsystems/nav.o
                0x0000000020003714                waypoints
 .data.nav_utm_east0
                0x00000000200037a4        0x4 /home/uav/USTUAV/paparazzi/var/MYAC/ap/subsystems/nav.o
                0x00000000200037a4                nav_utm_east0
 .data.ADCPrescTable
                0x00000000200037a8        0x4 /opt/paparazzi/arm-multilib/lib/gcc/arm-none-eabi/4.6.2/../../../../arm-none-eabi/lib/libstm32.a(stm32_rcc.o)
 .data.APBAHBPrescTable
                0x00000000200037ac       0x10 /opt/paparazzi/arm-multilib/lib/gcc/arm-none-eabi/4.6.2/../../../../arm-none-eabi/lib/libstm32.a(stm32_rcc.o)
 .data.rcc_ppre1_frequency
                0x00000000200037bc        0x4 /opt/paparazzi/arm-multilib/lib/gcc/arm-none-eabi/4.6.2/../../../../arm-none-eabi/lib/libopencm3_stm32.a(rcc.o)
                0x00000000200037bc                rcc_ppre1_frequency
 .data.rcc_ppre2_frequency
                0x00000000200037c0        0x4 /opt/paparazzi/arm-multilib/lib/gcc/arm-none-eabi/4.6.2/../../../../arm-none-eabi/lib/libopencm3_stm32.a(rcc.o)
                0x00000000200037c0                rcc_ppre2_frequency
                0x00000000200037c4                . = ALIGN (0x4)
                0x00000000200037c4                _edata = .

.bss            0x00000000200037c8     0x13e4 load address 0x0000000008021700
                0x00000000200037c8                . = ALIGN (0x4)
                0x00000000200037c8                _sbss = .
 *(.dynbss)
 *(.bss .bss.* .gnu.linkonce.b.*)
 .bss.sys_time  0x00000000200037c8       0xac /home/uav/USTUAV/paparazzi/var/MYAC/ap/mcu_periph/sys_time.o
                0x00000000200037c8                sys_time
 .bss.inter_mcu_received_ap
                0x0000000020003874        0x1 /home/uav/USTUAV/paparazzi/var/MYAC/ap/./inter_mcu.o
                0x0000000020003874                inter_mcu_received_ap
 *fill*         0x0000000020003875        0x1 00
 .bss._ap_state
                0x0000000020003876        0xc /home/uav/USTUAV/paparazzi/var/MYAC/ap/./inter_mcu.o
 .bss.ap_ok     0x0000000020003882        0x1 /home/uav/USTUAV/paparazzi/var/MYAC/ap/./inter_mcu.o
                0x0000000020003882                ap_ok
 .bss.time_since_last_ap
                0x0000000020003883        0x1 /home/uav/USTUAV/paparazzi/var/MYAC/ap/./inter_mcu.o
                0x0000000020003883                time_since_last_ap
 .bss.inter_mcu_received_fbw
                0x0000000020003884        0x1 /home/uav/USTUAV/paparazzi/var/MYAC/ap/./inter_mcu.o
                0x0000000020003884                inter_mcu_received_fbw
 *fill*         0x0000000020003885        0x3 00
 .bss._fbw_state
                0x0000000020003888       0x20 /home/uav/USTUAV/paparazzi/var/MYAC/ap/./inter_mcu.o
 .bss.i300.3604
                0x00000000200038a8        0x2 /home/uav/USTUAV/paparazzi/var/MYAC/ap/firmwares/fixedwing/main_fbw.o
 .bss.i30.3628  0x00000000200038aa        0x1 /home/uav/USTUAV/paparazzi/var/MYAC/ap/firmwares/fixedwing/main_fbw.o
 .bss.fbw_mode  0x00000000200038ab        0x1 /home/uav/USTUAV/paparazzi/var/MYAC/ap/firmwares/fixedwing/main_fbw.o
                0x00000000200038ab                fbw_mode
 .bss.fbw_periodic_tid
                0x00000000200038ac        0x1 /home/uav/USTUAV/paparazzi/var/MYAC/ap/firmwares/fixedwing/main_fbw.o
                0x00000000200038ac                fbw_periodic_tid
 .bss.i60.3629  0x00000000200038ad        0x1 /home/uav/USTUAV/paparazzi/var/MYAC/ap/firmwares/fixedwing/main_fbw.o
 .bss._1Hz.3375
                0x00000000200038ae        0x1 /home/uav/USTUAV/paparazzi/var/MYAC/ap/firmwares/fixedwing/main_fbw.o
 .bss.fbw_new_actuators
                0x00000000200038af        0x1 /home/uav/USTUAV/paparazzi/var/MYAC/ap/firmwares/fixedwing/main_fbw.o
                0x00000000200038af                fbw_new_actuators
 .bss.i120.3603
                0x00000000200038b0        0x1 /home/uav/USTUAV/paparazzi/var/MYAC/ap/firmwares/fixedwing/main_fbw.o
 .bss.electrical_tid
                0x00000000200038b1        0x1 /home/uav/USTUAV/paparazzi/var/MYAC/ap/firmwares/fixedwing/main_fbw.o
                0x00000000200038b1                electrical_tid
 .bss.i300.3630
                0x00000000200038b2        0x2 /home/uav/USTUAV/paparazzi/var/MYAC/ap/firmwares/fixedwing/main_fbw.o
 .bss.electrical_priv
                0x00000000200038b4       0x4c /home/uav/USTUAV/paparazzi/var/MYAC/ap/subsystems/electrical.o
 .bss.electrical
                0x0000000020003900        0x8 /home/uav/USTUAV/paparazzi/var/MYAC/ap/subsystems/electrical.o
                0x0000000020003900                electrical
 .bss.commands  0x0000000020003908        0x8 /home/uav/USTUAV/paparazzi/var/MYAC/ap/./commands.o
                0x0000000020003908                commands
 .bss.command_roll_trim
                0x0000000020003910        0x2 /home/uav/USTUAV/paparazzi/var/MYAC/ap/./commands.o
                0x0000000020003910                command_roll_trim
 .bss.command_pitch_trim
                0x0000000020003912        0x2 /home/uav/USTUAV/paparazzi/var/MYAC/ap/./commands.o
                0x0000000020003912                command_pitch_trim
 .bss.telemetry_mode_Fbw
                0x0000000020003914        0x1 /home/uav/USTUAV/paparazzi/var/MYAC/ap/firmwares/fixedwing/fbw_downlink.o
                0x0000000020003914                telemetry_mode_Fbw
 .bss.i.5343    0x0000000020003915        0x1 /home/uav/USTUAV/paparazzi/var/MYAC/ap/firmwares/fixedwing/main_ap.o
 .bss.i120.4518
                0x0000000020003916        0x1 /home/uav/USTUAV/paparazzi/var/MYAC/ap/firmwares/fixedwing/main_ap.o
 *fill*         0x0000000020003917        0x1 00
 .bss.i342.5151
                0x0000000020003918        0x2 /home/uav/USTUAV/paparazzi/var/MYAC/ap/firmwares/fixedwing/main_ap.o
 .bss.i.4940    0x000000002000391a        0x1 /home/uav/USTUAV/paparazzi/var/MYAC/ap/firmwares/fixedwing/main_ap.o
 .bss.i126.5374
                0x000000002000391b        0x1 /home/uav/USTUAV/paparazzi/var/MYAC/ap/firmwares/fixedwing/main_ap.o
 .bss.i.4567    0x000000002000391c        0x1 /home/uav/USTUAV/paparazzi/var/MYAC/ap/firmwares/fixedwing/main_ap.o
 .bss.i60.4512  0x000000002000391d        0x1 /home/uav/USTUAV/paparazzi/var/MYAC/ap/firmwares/fixedwing/main_ap.o
 *fill*         0x000000002000391e        0x2 00
 .bss.energy    0x0000000020003920        0x4 /home/uav/USTUAV/paparazzi/var/MYAC/ap/firmwares/fixedwing/main_ap.o
                0x0000000020003920                energy
 .bss.i72.4515  0x0000000020003924        0x1 /home/uav/USTUAV/paparazzi/var/MYAC/ap/firmwares/fixedwing/main_ap.o
 *fill*         0x0000000020003925        0x1 00
 .bss.i306.5148
                0x0000000020003926        0x2 /home/uav/USTUAV/paparazzi/var/MYAC/ap/firmwares/fixedwing/main_ap.o
 .bss.kill_throttle
                0x0000000020003928        0x1 /home/uav/USTUAV/paparazzi/var/MYAC/ap/firmwares/fixedwing/main_ap.o
                0x0000000020003928                kill_throttle
 .bss.monitor_tid
                0x0000000020003929        0x1 /home/uav/USTUAV/paparazzi/var/MYAC/ap/firmwares/fixedwing/main_ap.o
                0x0000000020003929                monitor_tid
 .bss.i1.4281   0x000000002000392a        0x1 /home/uav/USTUAV/paparazzi/var/MYAC/ap/firmwares/fixedwing/main_ap.o
 .bss.i6.4506   0x000000002000392b        0x1 /home/uav/USTUAV/paparazzi/var/MYAC/ap/firmwares/fixedwing/main_ap.o
 .bss.i318.5149
                0x000000002000392c        0x2 /home/uav/USTUAV/paparazzi/var/MYAC/ap/firmwares/fixedwing/main_ap.o
 .bss.mcu1_ppm_cpt
                0x000000002000392e        0x1 /home/uav/USTUAV/paparazzi/var/MYAC/ap/firmwares/fixedwing/main_ap.o
 .bss.vsupply   0x000000002000392f        0x1 /home/uav/USTUAV/paparazzi/var/MYAC/ap/firmwares/fixedwing/main_ap.o
                0x000000002000392f                vsupply
 .bss.i330.5451
                0x0000000020003930        0x2 /home/uav/USTUAV/paparazzi/var/MYAC/ap/firmwares/fixedwing/main_ap.o
 .bss.i126.5303
                0x0000000020003932        0x1 /home/uav/USTUAV/paparazzi/var/MYAC/ap/firmwares/fixedwing/main_ap.o
 .bss.i48.4511  0x0000000020003933        0x1 /home/uav/USTUAV/paparazzi/var/MYAC/ap/firmwares/fixedwing/main_ap.o
 .bss.i15.4282  0x0000000020003934        0x1 /home/uav/USTUAV/paparazzi/var/MYAC/ap/firmwares/fixedwing/main_ap.o
 *fill*         0x0000000020003935        0x1 00
 .bss.i540.4873
                0x0000000020003936        0x2 /home/uav/USTUAV/paparazzi/var/MYAC/ap/firmwares/fixedwing/main_ap.o
 .bss.i324.5450
                0x0000000020003938        0x2 /home/uav/USTUAV/paparazzi/var/MYAC/ap/firmwares/fixedwing/main_ap.o
 .bss.i540.4524
                0x000000002000393a        0x2 /home/uav/USTUAV/paparazzi/var/MYAC/ap/firmwares/fixedwing/main_ap.o
 .bss.i306.5448
                0x000000002000393c        0x2 /home/uav/USTUAV/paparazzi/var/MYAC/ap/firmwares/fixedwing/main_ap.o
 .bss.lateral_mode
                0x000000002000393e        0x1 /home/uav/USTUAV/paparazzi/var/MYAC/ap/firmwares/fixedwing/main_ap.o
                0x000000002000393e                lateral_mode
 .bss.i66.4860  0x000000002000393f        0x1 /home/uav/USTUAV/paparazzi/var/MYAC/ap/firmwares/fixedwing/main_ap.o
 .bss.i192.4867
                0x0000000020003940        0x1 /home/uav/USTUAV/paparazzi/var/MYAC/ap/firmwares/fixedwing/main_ap.o
 .bss.i.4745    0x0000000020003941        0x1 /home/uav/USTUAV/paparazzi/var/MYAC/ap/firmwares/fixedwing/main_ap.o
 .bss.i.5561    0x0000000020003942        0x1 /home/uav/USTUAV/paparazzi/var/MYAC/ap/firmwares/fixedwing/main_ap.o
 .bss.i66.4514  0x0000000020003943        0x1 /home/uav/USTUAV/paparazzi/var/MYAC/ap/firmwares/fixedwing/main_ap.o
 .bss.i78.4861  0x0000000020003944        0x1 /home/uav/USTUAV/paparazzi/var/MYAC/ap/firmwares/fixedwing/main_ap.o
 .bss.i63.4513  0x0000000020003945        0x1 /home/uav/USTUAV/paparazzi/var/MYAC/ap/firmwares/fixedwing/main_ap.o
 .bss.i300.5447
                0x0000000020003946        0x2 /home/uav/USTUAV/paparazzi/var/MYAC/ap/firmwares/fixedwing/main_ap.o
 .bss.i126.4519
                0x0000000020003948        0x1 /home/uav/USTUAV/paparazzi/var/MYAC/ap/firmwares/fixedwing/main_ap.o
 *fill*         0x0000000020003949        0x1 00
 .bss.i612.5155
                0x000000002000394a        0x2 /home/uav/USTUAV/paparazzi/var/MYAC/ap/firmwares/fixedwing/main_ap.o
 .bss.i.4958    0x000000002000394c        0x1 /home/uav/USTUAV/paparazzi/var/MYAC/ap/firmwares/fixedwing/main_ap.o
 .bss.i78.4516  0x000000002000394d        0x1 /home/uav/USTUAV/paparazzi/var/MYAC/ap/firmwares/fixedwing/main_ap.o
 .bss.i300.4870
                0x000000002000394e        0x2 /home/uav/USTUAV/paparazzi/var/MYAC/ap/firmwares/fixedwing/main_ap.o
 .bss.i12.4507  0x0000000020003950        0x1 /home/uav/USTUAV/paparazzi/var/MYAC/ap/firmwares/fixedwing/main_ap.o
 *fill*         0x0000000020003951        0x1 00
 .bss.i300.4522
                0x0000000020003952        0x2 /home/uav/USTUAV/paparazzi/var/MYAC/ap/firmwares/fixedwing/main_ap.o
 .bss.launch    0x0000000020003954        0x1 /home/uav/USTUAV/paparazzi/var/MYAC/ap/firmwares/fixedwing/main_ap.o
                0x0000000020003954                launch
 .bss.i150.4521
                0x0000000020003955        0x1 /home/uav/USTUAV/paparazzi/var/MYAC/ap/firmwares/fixedwing/main_ap.o
 .bss.gps_ubx_gps_ubx_ucenter_periodic_status
                0x0000000020003956        0x1 /home/uav/USTUAV/paparazzi/var/MYAC/ap/firmwares/fixedwing/main_ap.o
                0x0000000020003956                gps_ubx_gps_ubx_ucenter_periodic_status
 *fill*         0x0000000020003957        0x1 00
 .bss.last.5129
                0x0000000020003958        0x2 /home/uav/USTUAV/paparazzi/var/MYAC/ap/firmwares/fixedwing/main_ap.o
 .bss.i324.5150
                0x000000002000395a        0x2 /home/uav/USTUAV/paparazzi/var/MYAC/ap/firmwares/fixedwing/main_ap.o
 .bss.i30.4509  0x000000002000395c        0x1 /home/uav/USTUAV/paparazzi/var/MYAC/ap/firmwares/fixedwing/main_ap.o
 .bss.i6.5372   0x000000002000395d        0x1 /home/uav/USTUAV/paparazzi/var/MYAC/ap/firmwares/fixedwing/main_ap.o
 .bss.gps_lost  0x000000002000395e        0x1 /home/uav/USTUAV/paparazzi/var/MYAC/ap/firmwares/fixedwing/main_ap.o
                0x000000002000395e                gps_lost
 .bss.attitude_tid
                0x000000002000395f        0x1 /home/uav/USTUAV/paparazzi/var/MYAC/ap/firmwares/fixedwing/main_ap.o
                0x000000002000395f                attitude_tid
 .bss.i606.5453
                0x0000000020003960        0x2 /home/uav/USTUAV/paparazzi/var/MYAC/ap/firmwares/fixedwing/main_ap.o
 .bss.last.5233
                0x0000000020003962        0x2 /home/uav/USTUAV/paparazzi/var/MYAC/ap/firmwares/fixedwing/main_ap.o
 .bss.last_pprz_mode.5697
                0x0000000020003964        0x1 /home/uav/USTUAV/paparazzi/var/MYAC/ap/firmwares/fixedwing/main_ap.o
 *fill*         0x0000000020003965        0x1 00
 .bss.last.5640
                0x0000000020003966        0x2 /home/uav/USTUAV/paparazzi/var/MYAC/ap/firmwares/fixedwing/main_ap.o
 .bss.i6.5445   0x0000000020003968        0x1 /home/uav/USTUAV/paparazzi/var/MYAC/ap/firmwares/fixedwing/main_ap.o
 *fill*         0x0000000020003969        0x1 00
 .bss.i480.5153
                0x000000002000396a        0x2 /home/uav/USTUAV/paparazzi/var/MYAC/ap/firmwares/fixedwing/main_ap.o
 .bss.sensors_tid
                0x000000002000396c        0x1 /home/uav/USTUAV/paparazzi/var/MYAC/ap/firmwares/fixedwing/main_ap.o
                0x000000002000396c                sensors_tid
 .bss.i.4616    0x000000002000396d        0x1 /home/uav/USTUAV/paparazzi/var/MYAC/ap/firmwares/fixedwing/main_ap.o
 .bss.i612.5454
                0x000000002000396e        0x2 /home/uav/USTUAV/paparazzi/var/MYAC/ap/firmwares/fixedwing/main_ap.o
 .bss.i3.5301   0x0000000020003970        0x1 /home/uav/USTUAV/paparazzi/var/MYAC/ap/firmwares/fixedwing/main_ap.o
 .bss.i60.4283  0x0000000020003971        0x1 /home/uav/USTUAV/paparazzi/var/MYAC/ap/firmwares/fixedwing/main_ap.o
 .bss.i300.5147
                0x0000000020003972        0x2 /home/uav/USTUAV/paparazzi/var/MYAC/ap/firmwares/fixedwing/main_ap.o
 .bss.i132.4520
                0x0000000020003974        0x1 /home/uav/USTUAV/paparazzi/var/MYAC/ap/firmwares/fixedwing/main_ap.o
 .bss.i36.4510  0x0000000020003975        0x1 /home/uav/USTUAV/paparazzi/var/MYAC/ap/firmwares/fixedwing/main_ap.o
 .bss.power_switch
                0x0000000020003976        0x1 /home/uav/USTUAV/paparazzi/var/MYAC/ap/firmwares/fixedwing/main_ap.o
                0x0000000020003976                power_switch
 .bss.telemetry_tid
                0x0000000020003977        0x1 /home/uav/USTUAV/paparazzi/var/MYAC/ap/firmwares/fixedwing/main_ap.o
                0x0000000020003977                telemetry_tid
 .bss.i342.5452
                0x0000000020003978        0x2 /home/uav/USTUAV/paparazzi/var/MYAC/ap/firmwares/fixedwing/main_ap.o
 .bss.i15.4508  0x000000002000397a        0x1 /home/uav/USTUAV/paparazzi/var/MYAC/ap/firmwares/fixedwing/main_ap.o