Archive member included because of file (symbol)

/opt/paparazzi/arm-multilib/lib/gcc/arm-none-eabi/4.6.2/../../../../arm-none-eabi/lib/thumb2/libc.a(lib_a-memcpy.o)
                              /home/uav/paparazzi/var/MYAC/ap/arch/stm32/mcu_periph/spi_arch.o (memcpy)
/opt/paparazzi/arm-multilib/lib/gcc/arm-none-eabi/4.6.2/../../../../arm-none-eabi/lib/thumb2/libm.a(lib_a-s_atan.o)
                              /home/uav/paparazzi/var/MYAC/ap/math/pprz_geodetic_float.o (atan)
/opt/paparazzi/arm-multilib/lib/gcc/arm-none-eabi/4.6.2/../../../../arm-none-eabi/lib/thumb2/libm.a(lib_a-s_cos.o)
                              /home/uav/paparazzi/var/MYAC/ap/math/pprz_geodetic_float.o (cos)
/opt/paparazzi/arm-multilib/lib/gcc/arm-none-eabi/4.6.2/../../../../arm-none-eabi/lib/thumb2/libm.a(lib_a-s_fabs.o)
                              /opt/paparazzi/arm-multilib/lib/gcc/arm-none-eabi/4.6.2/../../../../arm-none-eabi/lib/thumb2/libm.a(lib_a-s_atan.o) (fabs)
/opt/paparazzi/arm-multilib/lib/gcc/arm-none-eabi/4.6.2/../../../../arm-none-eabi/lib/thumb2/libm.a(lib_a-s_rint.o)
                              /home/uav/paparazzi/var/MYAC/ap/math/pprz_geodetic_int.o (rint)
/opt/paparazzi/arm-multilib/lib/gcc/arm-none-eabi/4.6.2/../../../../arm-none-eabi/lib/thumb2/libm.a(lib_a-s_sin.o)
                              /home/uav/paparazzi/var/MYAC/ap/math/pprz_geodetic_float.o (sin)
/opt/paparazzi/arm-multilib/lib/gcc/arm-none-eabi/4.6.2/../../../../arm-none-eabi/lib/thumb2/libm.a(lib_a-s_tan.o)
                              /home/uav/paparazzi/var/MYAC/ap/math/pprz_geodetic_float.o (tan)
/opt/paparazzi/arm-multilib/lib/gcc/arm-none-eabi/4.6.2/../../../../arm-none-eabi/lib/thumb2/libm.a(lib_a-sf_atan.o)
                              /home/uav/paparazzi/var/MYAC/ap/math/pprz_geodetic_float.o (atanf)
/opt/paparazzi/arm-multilib/lib/gcc/arm-none-eabi/4.6.2/../../../../arm-none-eabi/lib/thumb2/libm.a(lib_a-sf_cos.o)
                              /home/uav/paparazzi/var/MYAC/ap/math/pprz_geodetic_int.o (cosf)
/opt/paparazzi/arm-multilib/lib/gcc/arm-none-eabi/4.6.2/../../../../arm-none-eabi/lib/thumb2/libm.a(lib_a-sf_fabs.o)
                              /opt/paparazzi/arm-multilib/lib/gcc/arm-none-eabi/4.6.2/../../../../arm-none-eabi/lib/thumb2/libm.a(lib_a-sf_atan.o) (fabsf)
/opt/paparazzi/arm-multilib/lib/gcc/arm-none-eabi/4.6.2/../../../../arm-none-eabi/lib/thumb2/libm.a(lib_a-sf_sin.o)
                              /home/uav/paparazzi/var/MYAC/ap/math/pprz_geodetic_int.o (sinf)
/opt/paparazzi/arm-multilib/lib/gcc/arm-none-eabi/4.6.2/../../../../arm-none-eabi/lib/thumb2/libm.a(lib_a-w_asin.o)
                              /home/uav/paparazzi/var/MYAC/ap/math/pprz_geodetic_float.o (asin)
/opt/paparazzi/arm-multilib/lib/gcc/arm-none-eabi/4.6.2/../../../../arm-none-eabi/lib/thumb2/libm.a(lib_a-w_atan2.o)
                              /home/uav/paparazzi/var/MYAC/ap/math/pprz_geodetic_double.o (atan2)
/opt/paparazzi/arm-multilib/lib/gcc/arm-none-eabi/4.6.2/../../../../arm-none-eabi/lib/thumb2/libm.a(lib_a-w_cosh.o)
                              /home/uav/paparazzi/var/MYAC/ap/math/pprz_geodetic_float.o (cosh)
/opt/paparazzi/arm-multilib/lib/gcc/arm-none-eabi/4.6.2/../../../../arm-none-eabi/lib/thumb2/libm.a(lib_a-w_exp.o)
                              /home/uav/paparazzi/var/MYAC/ap/math/pprz_geodetic_float.o (exp)
/opt/paparazzi/arm-multilib/lib/gcc/arm-none-eabi/4.6.2/../../../../arm-none-eabi/lib/thumb2/libm.a(lib_a-w_log.o)
                              /home/uav/paparazzi/var/MYAC/ap/math/pprz_geodetic_float.o (log)
/opt/paparazzi/arm-multilib/lib/gcc/arm-none-eabi/4.6.2/../../../../arm-none-eabi/lib/thumb2/libm.a(lib_a-w_pow.o)
                              /home/uav/paparazzi/var/MYAC/ap/math/pprz_geodetic_float.o (pow)
/opt/paparazzi/arm-multilib/lib/gcc/arm-none-eabi/4.6.2/../../../../arm-none-eabi/lib/thumb2/libm.a(lib_a-w_sinh.o)
                              /home/uav/paparazzi/var/MYAC/ap/math/pprz_geodetic_float.o (sinh)
/opt/paparazzi/arm-multilib/lib/gcc/arm-none-eabi/4.6.2/../../../../arm-none-eabi/lib/thumb2/libm.a(lib_a-w_sqrt.o)
                              /home/uav/paparazzi/var/MYAC/ap/math/pprz_geodetic_double.o (sqrt)
/opt/paparazzi/arm-multilib/lib/gcc/arm-none-eabi/4.6.2/../../../../arm-none-eabi/lib/thumb2/libm.a(lib_a-wf_asin.o)
                              /home/uav/paparazzi/var/MYAC/ap/subsystems/ahrs/ahrs_float_dcm.o (asinf)
/opt/paparazzi/arm-multilib/lib/gcc/arm-none-eabi/4.6.2/../../../../arm-none-eabi/lib/thumb2/libm.a(lib_a-wf_atan2.o)
                              /home/uav/paparazzi/var/MYAC/ap/math/pprz_geodetic_float.o (atan2f)
/opt/paparazzi/arm-multilib/lib/gcc/arm-none-eabi/4.6.2/../../../../arm-none-eabi/lib/thumb2/libm.a(lib_a-wf_pow.o)
                              /home/uav/paparazzi/var/MYAC/ap/math/pprz_geodetic_float.o (powf)
/opt/paparazzi/arm-multilib/lib/gcc/arm-none-eabi/4.6.2/../../../../arm-none-eabi/lib/thumb2/libm.a(lib_a-wf_sqrt.o)
[...]
Memory Configuration

Name             Origin             Length             Attributes
RAM              0x0000000020000000 0x0000000000010000 xrw
FLASH            0x0000000008002000 0x000000000003d800 xr
FLASHB1          0x0000000000000000 0x0000000000000000 xr
*default*        0x0000000000000000 0xffffffffffffffff

Linker script and memory map

LOAD /home/uav/paparazzi/var/MYAC/ap/mcu.o
LOAD /home/uav/paparazzi/var/MYAC/ap/arch/stm32/mcu_arch.o
LOAD /home/uav/paparazzi/var/MYAC/ap/arch/stm32/led_hw.o
LOAD /home/uav/paparazzi/var/MYAC/ap/mcu_periph/sys_time.o
LOAD /home/uav/paparazzi/var/MYAC/ap/arch/stm32/mcu_periph/sys_time_arch.o
LOAD /home/uav/paparazzi/var/MYAC/ap/./inter_mcu.o
LOAD /home/uav/paparazzi/var/MYAC/ap/math/pprz_geodetic_int.o
LOAD /home/uav/paparazzi/var/MYAC/ap/math/pprz_geodetic_float.o
LOAD /home/uav/paparazzi/var/MYAC/ap/math/pprz_geodetic_double.o
LOAD /home/uav/paparazzi/var/MYAC/ap/math/pprz_trig_int.o
LOAD /home/uav/paparazzi/var/MYAC/ap/mcu_periph/i2c.o
LOAD /home/uav/paparazzi/var/MYAC/ap/arch/stm32/mcu_periph/i2c_arch.o
LOAD /home/uav/paparazzi/var/MYAC/ap/firmwares/fixedwing/main_fbw.o
LOAD /home/uav/paparazzi/var/MYAC/ap/subsystems/electrical.o
LOAD /home/uav/paparazzi/var/MYAC/ap/./commands.o
LOAD /home/uav/paparazzi/var/MYAC/ap/firmwares/fixedwing/fbw_downlink.o
LOAD /home/uav/paparazzi/var/MYAC/ap/firmwares/fixedwing/main_ap.o
LOAD /home/uav/paparazzi/var/MYAC/ap/./estimator.o
LOAD /home/uav/paparazzi/var/MYAC/ap/firmwares/fixedwing/ap_downlink.o
LOAD /home/uav/paparazzi/var/MYAC/ap/arch/stm32/stm32_exceptions.o
LOAD /home/uav/paparazzi/var/MYAC/ap/arch/stm32/stm32_vector_table.o
LOAD /home/uav/paparazzi/var/MYAC/ap/lisa/plug_sys.o
LOAD /home/uav/paparazzi/var/MYAC/ap/firmwares/fixedwing/main.o
LOAD /home/uav/paparazzi/var/MYAC/ap/mcu_periph/uart.o
LOAD /home/uav/paparazzi/var/MYAC/ap/arch/stm32/mcu_periph/uart_arch.o
LOAD /home/uav/paparazzi/var/MYAC/ap/subsystems/settings.o
LOAD /home/uav/paparazzi/var/MYAC/ap/arch/stm32/subsystems/settings_arch.o
LOAD /home/uav/paparazzi/var/MYAC/ap/arch/stm32/mcu_periph/adc_arch.o
LOAD /home/uav/paparazzi/var/MYAC/ap/arch/stm32/servos_direct_hw.o
LOAD /home/uav/paparazzi/var/MYAC/ap/actuators.o
LOAD /home/uav/paparazzi/var/MYAC/ap/firmwares/rotorcraft/actuators/arch/stm32/actuators_pwm_arch.o
LOAD /home/uav/paparazzi/var/MYAC/ap/subsystems/radio_control.o
LOAD /home/uav/paparazzi/var/MYAC/ap/subsystems/radio_control/spektrum.o
LOAD /home/uav/paparazzi/var/MYAC/ap/arch/stm32/subsystems/radio_control/spektrum_arch.o
LOAD /home/uav/paparazzi/var/MYAC/ap/subsystems/datalink/downlink.o
LOAD /home/uav/paparazzi/var/MYAC/ap/subsystems/datalink/pprz_transport.o
LOAD /home/uav/paparazzi/var/MYAC/ap/firmwares/fixedwing/datalink.o
LOAD /home/uav/paparazzi/var/MYAC/ap/firmwares/fixedwing/stabilization/stabilization_attitude.o
LOAD /home/uav/paparazzi/var/MYAC/ap/firmwares/fixedwing/guidance/guidance_v.o
LOAD /home/uav/paparazzi/var/MYAC/ap/subsystems/imu.o
LOAD /home/uav/paparazzi/var/MYAC/ap/subsystems/imu/imu_aspirin2.o
LOAD /home/uav/paparazzi/var/MYAC/ap/arch/stm32/mcu_periph/spi_arch.o
LOAD /home/uav/paparazzi/var/MYAC/ap/mcu_periph/spi.o
LOAD /home/uav/paparazzi/var/MYAC/ap/subsystems/ahrs.o
LOAD /home/uav/paparazzi/var/MYAC/ap/subsystems/ahrs/ahrs_aligner.o
LOAD /home/uav/paparazzi/var/MYAC/ap/subsystems/ahrs/ahrs_float_dcm.o
LOAD /home/uav/paparazzi/var/MYAC/ap/subsystems/gps/gps_ubx.o
LOAD /home/uav/paparazzi/var/MYAC/ap/subsystems/gps.o
LOAD /home/uav/paparazzi/var/MYAC/ap/subsystems/nav.o
LOAD /home/uav/paparazzi/var/MYAC/ap/subsystems/navigation/common_flight_plan.o
LOAD /home/uav/paparazzi/var/MYAC/ap/subsystems/navigation/traffic_info.o
LOAD /home/uav/paparazzi/var/MYAC/ap/subsystems/navigation/nav_survey_rectangle.o
LOAD /home/uav/paparazzi/var/MYAC/ap/subsystems/navigation/nav_line.o
LOAD /opt/paparazzi/arm-multilib/lib/gcc/arm-none-eabi/4.6.2/../../../../arm-none-eabi/lib/thumb2/libc.a
LOAD /opt/paparazzi/arm-multilib/lib/gcc/arm-none-eabi/4.6.2/../../../../arm-none-eabi/lib/thumb2/libm.a
LOAD /opt/paparazzi/arm-multilib/lib/gcc/arm-none-eabi/4.6.2/thumb2/libgcc.a
LOAD /opt/paparazzi/arm-multilib/lib/gcc/arm-none-eabi/4.6.2/../../../../arm-none-eabi/lib/libcmsis.a
LOAD /opt/paparazzi/arm-multilib/lib/gcc/arm-none-eabi/4.6.2/../../../../arm-none-eabi/lib/libstm32.a
LOAD /opt/paparazzi/arm-multilib/lib/gcc/arm-none-eabi/4.6.2/../../../../arm-none-eabi/lib/libopencm3_stm32.a
START GROUP
LOAD /opt/paparazzi/arm-multilib/lib/gcc/arm-none-eabi/4.6.2/thumb2/libgcc.a
LOAD /opt/paparazzi/arm-multilib/lib/gcc/arm-none-eabi/4.6.2/../../../../arm-none-eabi/lib/thumb2/libc.a
END GROUP
                0x0000000020010000                _estack = 0x20010000
                0x0000000000001000                __Stack_Size = 0x1000
                0x0000000000001000                PROVIDE (_Stack_Size, __Stack_Size)
                0x000000002000f000                __Stack_Init = (_estack - __Stack_Size)
                0x000000002000f000                PROVIDE (_Stack_Init, __Stack_Init)
                0x0000000000000800                _Minimum_Stack_Size = 0x800
                0x0000000000000001                ASSERT ((ORIGIN (FLASH) == ALIGN (ORIGIN (FLASH), 0x80)), Start of memory region flash not aligned for startup vector table)

.isr_vector     0x0000000008002000      0x130
                0x0000000008002000                . = ALIGN (0x4)
 *(.isr_vector)
 .isr_vector    0x0000000008002000      0x130 /home/uav/paparazzi/var/MYAC/ap/arch/stm32/stm32_vector_table.o
                0x0000000008002000                vector_table
                0x0000000008002130                . = ALIGN (0x4)

.flashtext      0x0000000008002130        0x0
                0x0000000008002130                . = ALIGN (0x4)
 *(.flashtext)
                0x0000000008002130                . = ALIGN (0x4)

.text           0x0000000008002130    0x18710
                0x0000000008002130                . = ALIGN (0x4)
 *(.text)
 .text          0x0000000008002130       0x12 /opt/paparazzi/arm-multilib/lib/gcc/arm-none-eabi/4.6.2/../../../../arm-none-eabi/lib/thumb2/libc.a(lib_a-memcpy.o)
                0x0000000008002130                memcpy
 *fill*         0x0000000008002142        0x6 00
 .text          0x0000000008002148      0x340 /opt/paparazzi/arm-multilib/lib/gcc/arm-none-eabi/4.6.2/../../../../arm-none-eabi/lib/thumb2/libm.a(lib_a-s_atan.o)
                0x0000000008002148                atan
 .text          0x0000000008002488       0x70 /opt/paparazzi/arm-multilib/lib/gcc/arm-none-eabi/4.6.2/../../../../arm-none-eabi/lib/thumb2/libm.a(lib_a-s_cos.o)
                0x0000000008002488                cos
 .text          0x00000000080024f8        0x6 /opt/paparazzi/arm-multilib/lib/gcc/arm-none-eabi/4.6.2/../../../../arm-none-eabi/lib/thumb2/libm.a(lib_a-s_fabs.o)
                0x00000000080024f8                fabs
 *fill*         0x00000000080024fe        0x2 00
 .text          0x0000000008002500      0x120 /opt/paparazzi/arm-multilib/lib/gcc/arm-none-eabi/4.6.2/../../../../arm-none-eabi/lib/thumb2/libm.a(lib_a-s_rint.o)
                0x0000000008002500                rint
 .text          0x0000000008002620       0x78 /opt/paparazzi/arm-multilib/lib/gcc/arm-none-eabi/4.6.2/../../../../arm-none-eabi/lib/thumb2/libm.a(lib_a-s_sin.o)
                0x0000000008002620                sin
 .text          0x0000000008002698       0x58 /opt/paparazzi/arm-multilib/lib/gcc/arm-none-eabi/4.6.2/../../../../arm-none-eabi/lib/thumb2/libm.a(lib_a-s_tan.o)
                0x0000000008002698                tan
 .text          0x00000000080026f0      0x234 /opt/paparazzi/arm-multilib/lib/gcc/arm-none-eabi/4.6.2/../../../../arm-none-eabi/lib/thumb2/libm.a(lib_a-sf_atan.o)
                0x00000000080026f0                atanf
 .text          0x0000000008002924       0x58 /opt/paparazzi/arm-multilib/lib/gcc/arm-none-eabi/4.6.2/../../../../arm-none-eabi/lib/thumb2/libm.a(lib_a-sf_cos.o)
                0x0000000008002924                cosf
 .text          0x000000000800297c        0x6 /opt/paparazzi/arm-multilib/lib/gcc/arm-none-eabi/4.6.2/../../../../arm-none-eabi/lib/thumb2/libm.a(lib_a-sf_fabs.o)
                0x000000000800297c                fabsf
 *fill*         0x0000000008002982        0x2 00
 .text          0x0000000008002984       0x68 /opt/paparazzi/arm-multilib/lib/gcc/arm-none-eabi/4.6.2/../../../../arm-none-eabi/lib/thumb2/libm.a(lib_a-sf_sin.o)
                0x0000000008002984                sinf
 .text          0x00000000080029ec       0x9c /opt/paparazzi/arm-multilib/lib/gcc/arm-none-eabi/4.6.2/../../../../arm-none-eabi/lib/thumb2/libm.a(lib_a-w_asin.o)
                0x00000000080029ec                asin
 .text          0x0000000008002a88        0x4 /opt/paparazzi/arm-multilib/lib/gcc/arm-none-eabi/4.6.2/../../../../arm-none-eabi/lib/thumb2/libm.a(lib_a-w_atan2.o)
                0x0000000008002a88                atan2
 *fill*         0x0000000008002a8c        0x4 00
 .text          0x0000000008002a90       0xb0 /opt/paparazzi/arm-multilib/lib/gcc/arm-none-eabi/4.6.2/../../../../arm-none-eabi/lib/thumb2/libm.a(lib_a-w_cosh.o)
                0x0000000008002a90                cosh
 .text          0x0000000008002b40       0xe8 /opt/paparazzi/arm-multilib/lib/gcc/arm-none-eabi/4.6.2/../../../../arm-none-eabi/lib/thumb2/libm.a(lib_a-w_exp.o)
                0x0000000008002b40                exp
 .text          0x0000000008002c28       0xd8 /opt/paparazzi/arm-multilib/lib/gcc/arm-none-eabi/4.6.2/../../../../arm-none-eabi/lib/thumb2/libm.a(lib_a-w_log.o)
                0x0000000008002c28                log
 .text          0x0000000008002d00      0x2c0 /opt/paparazzi/arm-multilib/lib/gcc/arm-none-eabi/4.6.2/../../../../arm-none-eabi/lib/thumb2/libm.a(lib_a-w_pow.o)
                0x0000000008002d00                pow
 .text          0x0000000008002fc0       0xc0 /opt/paparazzi/arm-multilib/lib/gcc/arm-none-eabi/4.6.2/../../../../arm-none-eabi/lib/thumb2/libm.a(lib_a-w_sinh.o)
                0x0000000008002fc0                sinh
 .text          0x0000000008003080       0xa4 /opt/paparazzi/arm-multilib/lib/gcc/arm-none-eabi/4.6.2/../../../../arm-none-eabi/lib/thumb2/libm.a(lib_a-w_sqrt.o)
                0x0000000008003080                sqrt
 .text          0x0000000008003124       0x94 /opt/paparazzi/arm-multilib/lib/gcc/arm-none-eabi/4.6.2/../../../../arm-none-eabi/lib/thumb2/libm.a(lib_a-wf_asin.o)
                0x0000000008003124                asinf
 .text          0x00000000080031b8        0x4 /opt/paparazzi/arm-multilib/lib/gcc/arm-none-eabi/4.6.2/../../../../arm-none-eabi/lib/thumb2/libm.a(lib_a-wf_atan2.o)
                0x00000000080031b8                atan2f
 *fill*         0x00000000080031bc        0x4 00
 .text          0x00000000080031c0      0x4a0 /opt/paparazzi/arm-multilib/lib/gcc/arm-none-eabi/4.6.2/../../../../arm-none-eabi/lib/thumb2/libm.a(lib_a-e_asin.o)
                0x00000000080031c0                __ieee754_asin
 .text          0x0000000008003660      0x1e0 /opt/paparazzi/arm-multilib/lib/gcc/arm-none-eabi/4.6.2/../../../../arm-none-eabi/lib/thumb2/libm.a(lib_a-e_atan2.o)
                0x0000000008003660                __ieee754_atan2
 .text          0x0000000008003840      0x130 /opt/paparazzi/arm-multilib/lib/gcc/arm-none-eabi/4.6.2/../../../../arm-none-eabi/lib/thumb2/libm.a(lib_a-e_cosh.o)
                0x0000000008003840                __ieee754_cosh
 .text          0x0000000008003970      0x2e0 /opt/paparazzi/arm-multilib/lib/gcc/arm-none-eabi/4.6.2/../../../../arm-none-eabi/lib/thumb2/libm.a(lib_a-e_exp.o)
                0x0000000008003970                __ieee754_exp
 .text          0x0000000008003c50      0x408 /opt/paparazzi/arm-multilib/lib/gcc/arm-none-eabi/4.6.2/../../../../arm-none-eabi/lib/thumb2/libm.a(lib_a-e_log.o)
                0x0000000008003c50                __ieee754_log
 .text          0x0000000008004058      0xa88 /opt/paparazzi/arm-multilib/lib/gcc/arm-none-eabi/4.6.2/../../../../arm-none-eabi/lib/thumb2/libm.a(lib_a-e_pow.o)
                0x0000000008004058                __ieee754_pow
 .text          0x0000000008004ae0      0x3c8 /opt/paparazzi/arm-multilib/lib/gcc/arm-none-eabi/4.6.2/../../../../arm-none-eabi/lib/thumb2/libm.a(lib_a-e_rem_pio2.o)
                0x0000000008004ae0                __ieee754_rem_pio2
 .text          0x0000000008004ea8      0x168 /opt/paparazzi/arm-multilib/lib/gcc/arm-none-eabi/4.6.2/../../../../arm-none-eabi/lib/thumb2/libm.a(lib_a-e_sinh.o)
                0x0000000008004ea8                __ieee754_sinh
 .text          0x0000000008005010      0x15c /opt/paparazzi/arm-multilib/lib/gcc/arm-none-eabi/4.6.2/../../../../arm-none-eabi/lib/thumb2/libm.a(lib_a-e_sqrt.o)
                0x0000000008005010                __ieee754_sqrt
 .text          0x000000000800516c      0x2ac /opt/paparazzi/arm-multilib/lib/gcc/arm-none-eabi/4.6.2/../../../../arm-none-eabi/lib/thumb2/libm.a(lib_a-ef_asin.o)
                0x000000000800516c                __ieee754_asinf
 .text          0x0000000008005418      0x120 /opt/paparazzi/arm-multilib/lib/gcc/arm-none-eabi/4.6.2/../../../../arm-none-eabi/lib/thumb2/libm.a(lib_a-ef_atan2.o)
                0x0000000008005418                __ieee754_atan2f
 .text          0x0000000008005538      0x2a8 /opt/paparazzi/arm-multilib/lib/gcc/arm-none-eabi/4.6.2/../../../../arm-none-eabi/lib/thumb2/libm.a(lib_a-ef_rem_pio2.o)
                0x0000000008005538                __ieee754_rem_pio2f
 .text          0x00000000080057e0       0x9e /opt/paparazzi/arm-multilib/lib/gcc/arm-none-eabi/4.6.2/../../../../arm-none-eabi/lib/thumb2/libm.a(lib_a-ef_sqrt.o)
                0x00000000080057e0                __ieee754_sqrtf
 *fill*         0x000000000800587e        0x2 00
 .text          0x0000000008005880      0x1d8 /opt/paparazzi/arm-multilib/lib/gcc/arm-none-eabi/4.6.2/../../../../arm-none-eabi/lib/thumb2/libm.a(lib_a-k_cos.o)
                0x0000000008005880                __kernel_cos
 .text          0x0000000008005a58      0x6d8 /opt/paparazzi/arm-multilib/lib/gcc/arm-none-eabi/4.6.2/../../../../arm-none-eabi/lib/thumb2/libm.a(lib_a-k_rem_pio2.o)
                0x0000000008005a58                __kernel_rem_pio2
 .text          0x0000000008006130      0x180 /opt/paparazzi/arm-multilib/lib/gcc/arm-none-eabi/4.6.2/../../../../arm-none-eabi/lib/thumb2/libm.a(lib_a-k_sin.o)
                0x0000000008006130                __kernel_sin
 .text          0x00000000080062b0      0x3e0 /opt/paparazzi/arm-multilib/lib/gcc/arm-none-eabi/4.6.2/../../../../arm-none-eabi/lib/thumb2/libm.a(lib_a-k_tan.o)
                0x00000000080062b0                __kernel_tan
 .text          0x0000000008006690      0x134 /opt/paparazzi/arm-multilib/lib/gcc/arm-none-eabi/4.6.2/../../../../arm-none-eabi/lib/thumb2/libm.a(lib_a-kf_cos.o)
                0x0000000008006690                __kernel_cosf
 .text          0x00000000080067c4      0x608 /opt/paparazzi/arm-multilib/lib/gcc/arm-none-eabi/4.6.2/../../../../arm-none-eabi/lib/thumb2/libm.a(lib_a-kf_rem_pio2.o)
                0x00000000080067c4                __kernel_rem_pio2f
 .text          0x0000000008006dcc       0xf4 /opt/paparazzi/arm-multilib/lib/gcc/arm-none-eabi/4.6.2/../../../../arm-none-eabi/lib/thumb2/libm.a(lib_a-kf_sin.o)
                0x0000000008006dcc                __kernel_sinf
 .text          0x0000000008006ec0      0x420 /opt/paparazzi/arm-multilib/lib/gcc/arm-none-eabi/4.6.2/../../../../arm-none-eabi/lib/thumb2/libm.a(lib_a-s_expm1.o)
                0x0000000008006ec0                expm1
 .text          0x00000000080072e0       0x10 /opt/paparazzi/arm-multilib/lib/gcc/arm-none-eabi/4.6.2/../../../../arm-none-eabi/lib/thumb2/libm.a(lib_a-s_finite.o)
                0x00000000080072e0                finite
 .text          0x00000000080072f0      0x110 /opt/paparazzi/arm-multilib/lib/gcc/arm-none-eabi/4.6.2/../../../../arm-none-eabi/lib/thumb2/libm.a(lib_a-s_floor.o)
                0x00000000080072f0                floor
 .text          0x0000000008007400       0x64 /opt/paparazzi/arm-multilib/lib/gcc/arm-none-eabi/4.6.2/../../../../arm-none-eabi/lib/thumb2/libm.a(lib_a-s_fpclassify.o)
                0x0000000008007400                __fpclassifyd
 .text          0x0000000008007464        0x4 /opt/paparazzi/arm-multilib/lib/gcc/arm-none-eabi/4.6.2/../../../../arm-none-eabi/lib/thumb2/libm.a(lib_a-s_matherr.o)
                0x0000000008007464                matherr
 .text          0x0000000008007468        0xc /opt/paparazzi/arm-multilib/lib/gcc/arm-none-eabi/4.6.2/../../../../arm-none-eabi/lib/thumb2/libm.a(lib_a-s_nan.o)
                0x0000000008007468                nan
 *fill*         0x0000000008007474        0x4 00
 .text          0x0000000008007478       0xe8 /opt/paparazzi/arm-multilib/lib/gcc/arm-none-eabi/4.6.2/../../../../arm-none-eabi/lib/thumb2/libm.a(lib_a-s_scalbn.o)
                0x0000000008007478                scalbn
 .text          0x0000000008007560       0x80 /opt/paparazzi/arm-multilib/lib/gcc/arm-none-eabi/4.6.2/../../../../arm-none-eabi/lib/thumb2/libm.a(lib_a-sf_floor.o)
                0x0000000008007560                floorf
 .text          0x00000000080075e0       0x54 /opt/paparazzi/arm-multilib/lib/gcc/arm-none-eabi/4.6.2/../../../../arm-none-eabi/lib/thumb2/libm.a(lib_a-sf_fpclassify.o)
                0x00000000080075e0                __fpclassifyf
 .text          0x0000000008007634       0x9c /opt/paparazzi/arm-multilib/lib/gcc/arm-none-eabi/4.6.2/../../../../arm-none-eabi/lib/thumb2/libm.a(lib_a-sf_scalbn.o)
                0x0000000008007634                scalbnf
 .text          0x00000000080076d0       0x14 /opt/paparazzi/arm-multilib/lib/gcc/arm-none-eabi/4.6.2/../../../../arm-none-eabi/lib/thumb2/libm.a(lib_a-s_copysign.o)
                0x00000000080076d0                copysign
 .text          0x00000000080076e4        0xc /opt/paparazzi/arm-multilib/lib/gcc/arm-none-eabi/4.6.2/../../../../arm-none-eabi/lib/thumb2/libm.a(lib_a-sf_copysign.o)
                0x00000000080076e4                copysignf
 .text          0x00000000080076f0       0xe0 /opt/paparazzi/arm-multilib/lib/gcc/arm-none-eabi/4.6.2/thumb2/libgcc.a(_divsi3.o)
                0x00000000080076f0                __aeabi_idiv
                0x00000000080076f0                __divsi3
                0x00000000080077b4                __aeabi_idivmod
 .text          0x00000000080077d0        0x4 /opt/paparazzi/arm-multilib/lib/gcc/arm-none-eabi/4.6.2/thumb2/libgcc.a(_dvmd_tls.o)
                0x00000000080077d0                __aeabi_ldiv0
                0x00000000080077d0                __aeabi_idiv0
 .text          0x00000000080077d4      0x370 /opt/paparazzi/arm-multilib/lib/gcc/arm-none-eabi/4.6.2/thumb2/libgcc.a(_arm_addsubdf3.o)
                0x00000000080077d4                __aeabi_drsub
                0x00000000080077dc                __aeabi_dsub
                0x00000000080077dc                __subdf3
                0x00000000080077e0                __adddf3
                0x00000000080077e0                __aeabi_dadd
                0x0000000008007a58                __aeabi_ui2d
                0x0000000008007a58                __floatunsidf
                0x0000000008007a78                __floatsidf
                0x0000000008007a78                __aeabi_i2d
                0x0000000008007a9c                __extendsfdf2
                0x0000000008007a9c                __aeabi_f2d
                0x0000000008007ad8                __aeabi_ul2d
                0x0000000008007ad8                __floatundidf
                0x0000000008007ae8                __floatdidf
                0x0000000008007ae8                __aeabi_l2d
 .text          0x0000000008007b44      0x424 /opt/paparazzi/arm-multilib/lib/gcc/arm-none-eabi/4.6.2/thumb2/libgcc.a(_arm_muldivdf3.o)
                0x0000000008007b44                __aeabi_dmul
                0x0000000008007b44                __muldf3
                0x0000000008007d98                __aeabi_ddiv
                0x0000000008007d98                __divdf3
 .text          0x0000000008007f68      0x110 /opt/paparazzi/arm-multilib/lib/gcc/arm-none-eabi/4.6.2/thumb2/libgcc.a(_arm_cmpdf2.o)
                0x0000000008007f68                __gtdf2
                0x0000000008007f68                __gedf2
                0x0000000008007f70                __ltdf2
                0x0000000008007f70                __ledf2
                0x0000000008007f78                __cmpdf2
                0x0000000008007f78                __eqdf2
                0x0000000008007f78                __nedf2
                0x0000000008007ff4                __aeabi_cdrcmple
                0x0000000008008004                __aeabi_cdcmple
                0x0000000008008004                __aeabi_cdcmpeq
                0x0000000008008014                __aeabi_dcmpeq
                0x0000000008008028                __aeabi_dcmplt
                0x000000000800803c                __aeabi_dcmple
                0x0000000008008050                __aeabi_dcmpge
                0x0000000008008064                __aeabi_dcmpgt
 .text          0x0000000008008078       0x50 /opt/paparazzi/arm-multilib/lib/gcc/arm-none-eabi/4.6.2/thumb2/libgcc.a(_arm_fixdfsi.o)
                0x0000000008008078                __fixdfsi
                0x0000000008008078                __aeabi_d2iz
 .text          0x00000000080080c8       0x40 /opt/paparazzi/arm-multilib/lib/gcc/arm-none-eabi/4.6.2/thumb2/libgcc.a(_arm_fixunsdfsi.o)
                0x00000000080080c8                __fixunsdfsi
                0x00000000080080c8                __aeabi_d2uiz
 .text          0x0000000008008108       0xa0 /opt/paparazzi/arm-multilib/lib/gcc/arm-none-eabi/4.6.2/thumb2/libgcc.a(_arm_truncdfsf2.o)
                0x0000000008008108                __aeabi_d2f
                0x0000000008008108                __truncdfsf2
 .text          0x00000000080081a8      0x21c /opt/paparazzi/arm-multilib/lib/gcc/arm-none-eabi/4.6.2/thumb2/libgcc.a(_arm_addsubsf3.o)
                0x00000000080081a8                __aeabi_frsub
                0x00000000080081b0                __subsf3
                0x00000000080081b0                __aeabi_fsub
                0x00000000080081b4                __aeabi_fadd
                0x00000000080081b4                __addsf3
                0x0000000008008314                __aeabi_ui2f
                0x0000000008008314                __floatunsisf
                0x000000000800831c                __aeabi_i2f
                0x000000000800831c                __floatsisf
                0x0000000008008338                __floatundisf
                0x0000000008008338                __aeabi_ul2f
                0x0000000008008348                __floatdisf
                0x0000000008008348                __aeabi_l2f
 .text          0x00000000080083c4      0x2a0 /opt/paparazzi/arm-multilib/lib/gcc/arm-none-eabi/4.6.2/thumb2/libgcc.a(_arm_muldivsf3.o)
                0x00000000080083c4                __mulsf3
                0x00000000080083c4                __aeabi_fmul
                0x000000000800852c                __divsf3
                0x000000000800852c                __aeabi_fdiv
 .text          0x0000000008008664       0xec /opt/paparazzi/arm-multilib/lib/gcc/arm-none-eabi/4.6.2/thumb2/libgcc.a(_arm_cmpsf2.o)
                0x0000000008008664                __gtsf2
                0x0000000008008664                __gesf2
                0x000000000800866c                __lesf2
                0x000000000800866c                __ltsf2
                0x0000000008008674                __nesf2
                0x0000000008008674                __eqsf2
                0x0000000008008674                __cmpsf2
                0x00000000080086d4                __aeabi_cfrcmple
                0x00000000080086dc                __aeabi_cfcmple
                0x00000000080086dc                __aeabi_cfcmpeq
                0x00000000080086ec                __aeabi_fcmpeq
                0x0000000008008700                __aeabi_fcmplt
                0x0000000008008714                __aeabi_fcmple
                0x0000000008008728                __aeabi_fcmpge
                0x000000000800873c                __aeabi_fcmpgt
 .text          0x0000000008008750       0x4c /opt/paparazzi/arm-multilib/lib/gcc/arm-none-eabi/4.6.2/thumb2/libgcc.a(_arm_fixsfsi.o)
                0x0000000008008750                __fixsfsi
                0x0000000008008750                __aeabi_f2iz
 .text          0x000000000800879c       0x40 /opt/paparazzi/arm-multilib/lib/gcc/arm-none-eabi/4.6.2/thumb2/libgcc.a(_arm_fixunssfsi.o)
                0x000000000800879c                __aeabi_f2uiz
                0x000000000800879c                __fixunssfsi
 .text          0x00000000080087dc        0xc /opt/paparazzi/arm-multilib/lib/gcc/arm-none-eabi/4.6.2/../../../../arm-none-eabi/lib/thumb2/libc.a(lib_a-errno.o)
                0x00000000080087dc                __errno
 *(.text.*)
 .text.mcu_init
                0x00000000080087e8       0xe4 /home/uav/paparazzi/var/MYAC/ap/mcu.o
                0x00000000080087e8                mcu_init
 .text.mcu_arch_init
                0x00000000080088cc       0x16 /home/uav/paparazzi/var/MYAC/ap/arch/stm32/mcu_arch.o
                0x00000000080088cc                mcu_arch_init
 *fill*         0x00000000080088e2        0x6 00
 .text.sys_time_register_timer
                0x00000000080088e8       0x60 /home/uav/paparazzi/var/MYAC/ap/mcu_periph/sys_time.o
                0x00000000080088e8                sys_time_register_timer
 .text.sys_time_init
                0x0000000008008948       0x34 /home/uav/paparazzi/var/MYAC/ap/mcu_periph/sys_time.o
                0x0000000008008948                sys_time_init
 .text.sys_time_arch_init
                0x000000000800897c       0x28 /home/uav/paparazzi/var/MYAC/ap/arch/stm32/mcu_periph/sys_time_arch.o
                0x000000000800897c                sys_time_arch_init
 .text.sys_tick_irq_handler
                0x00000000080089a4       0x80 /home/uav/paparazzi/var/MYAC/ap/arch/stm32/mcu_periph/sys_time_arch.o
                0x00000000080089a4                sys_tick_irq_handler
 *fill*         0x0000000008008a24        0x4 00
 .text.isometric_latitude_fast_f
                0x0000000008008a28       0x38 /home/uav/paparazzi/var/MYAC/ap/math/pprz_geodetic_float.o
 .text.utm_of_lla_f
                0x0000000008008a60      0x280 /home/uav/paparazzi/var/MYAC/ap/math/pprz_geodetic_float.o
                0x0000000008008a60                utm_of_lla_f
 .text.i2c_event
                0x0000000008008ce0        0x2 /home/uav/paparazzi/var/MYAC/ap/arch/stm32/mcu_periph/i2c_arch.o
                0x0000000008008ce0                i2c_event
 *fill*         0x0000000008008ce2        0x2 00
 .text.inter_mcu_fill_fbw_state
                0x0000000008008ce4       0x78 /home/uav/paparazzi/var/MYAC/ap/firmwares/fixedwing/main_fbw.o
 .text.handle_rc_frame
                0x0000000008008d5c       0x40 /home/uav/paparazzi/var/MYAC/ap/firmwares/fixedwing/main_fbw.o
 .text.init_fbw
                0x0000000008008d9c       0xa8 /home/uav/paparazzi/var/MYAC/ap/firmwares/fixedwing/main_fbw.o
                0x0000000008008d9c                init_fbw
 *fill*         0x0000000008008e44        0x4 00
 .text.event_task_fbw
                0x0000000008008e48      0x2d0 /home/uav/paparazzi/var/MYAC/ap/firmwares/fixedwing/main_fbw.o
                0x0000000008008e48                event_task_fbw
 .text.periodic_task_fbw
                0x0000000008009118      0x814 /home/uav/paparazzi/var/MYAC/ap/firmwares/fixedwing/main_fbw.o
                0x0000000008009118                periodic_task_fbw
 .text.handle_periodic_tasks_fbw
                0x000000000800992c       0x48 /home/uav/paparazzi/var/MYAC/ap/firmwares/fixedwing/main_fbw.o
                0x000000000800992c                handle_periodic_tasks_fbw
 .text.electrical_init
                0x0000000008009974       0x28 /home/uav/paparazzi/var/MYAC/ap/subsystems/electrical.o
                0x0000000008009974                electrical_init
 *fill*         0x000000000800999c        0x4 00
 .text.electrical_periodic
                0x00000000080099a0       0xe8 /home/uav/paparazzi/var/MYAC/ap/subsystems/electrical.o
                0x00000000080099a0                electrical_periodic
 .text.init_ap  0x0000000008009a88       0xb8 /home/uav/paparazzi/var/MYAC/ap/firmwares/fixedwing/main_ap.o
                0x0000000008009a88                init_ap
 .text.reporting_task
                0x0000000008009b40     0x5ee0 /home/uav/paparazzi/var/MYAC/ap/firmwares/fixedwing/main_ap.o
                0x0000000008009b40                reporting_task
 .text.navigation_task
                0x000000000800fa20      0x690 /home/uav/paparazzi/var/MYAC/ap/firmwares/fixedwing/main_ap.o
                0x000000000800fa20                navigation_task
 .text.attitude_loop
                0x00000000080100b0       0x40 /home/uav/paparazzi/var/MYAC/ap/firmwares/fixedwing/main_ap.o
                0x00000000080100b0                attitude_loop
 .text.sensors_task
                0x00000000080100f0       0x1c /home/uav/paparazzi/var/MYAC/ap/firmwares/fixedwing/main_ap.o
                0x00000000080100f0                sensors_task
 .text.monitor_task
                0x000000000801010c      0x174 /home/uav/paparazzi/var/MYAC/ap/firmwares/fixedwing/main_ap.o
                0x000000000801010c                monitor_task
 .text.handle_periodic_tasks_ap
                0x0000000008010280       0xe4 /home/uav/paparazzi/var/MYAC/ap/firmwares/fixedwing/main_ap.o
                0x0000000008010280                handle_periodic_tasks_ap
 *fill*         0x0000000008010364        0x4 00
 .text.event_task_ap
                0x0000000008010368      0x738 /home/uav/paparazzi/var/MYAC/ap/firmwares/fixedwing/main_ap.o
                0x0000000008010368                event_task_ap
 .text.alt_kalman_reset
                0x0000000008010aa0       0x18 /home/uav/paparazzi/var/MYAC/ap/./estimator.o
                0x0000000008010aa0                alt_kalman_reset
 .text.alt_kalman_init
                0x0000000008010ab8       0x10 /home/uav/paparazzi/var/MYAC/ap/./estimator.o
                0x0000000008010ab8                alt_kalman_init
 .text.alt_kalman
                0x0000000008010ac8      0x170 /home/uav/paparazzi/var/MYAC/ap/./estimator.o
                0x0000000008010ac8                alt_kalman
 .text.estimator_init
                0x0000000008010c38       0x98 /home/uav/paparazzi/var/MYAC/ap/./estimator.o
                0x0000000008010c38                estimator_init
 .text.estimator_update_state_gps
                0x0000000008010cd0      0x108 /home/uav/paparazzi/var/MYAC/ap/./estimator.o
                0x0000000008010cd0                estimator_update_state_gps
 .text.nmi_exception
                0x0000000008010dd8        0x2 /home/uav/paparazzi/var/MYAC/ap/arch/stm32/stm32_exceptions.o
                0x0000000008010dd8                nmi_exception
 .text.hard_fault_exception
                0x0000000008010dda        0x2 /home/uav/paparazzi/var/MYAC/ap/arch/stm32/stm32_exceptions.o
                0x0000000008010dda                hard_fault_exception
 .text.mem_manage_exception
                0x0000000008010ddc        0x2 /home/uav/paparazzi/var/MYAC/ap/arch/stm32/stm32_exceptions.o
                0x0000000008010ddc                mem_manage_exception
 .text.bus_fault_exception
                0x0000000008010dde        0x2 /home/uav/paparazzi/var/MYAC/ap/arch/stm32/stm32_exceptions.o
                0x0000000008010dde                bus_fault_exception
 .text.usage_fault_exception
                0x0000000008010de0        0x2 /home/uav/paparazzi/var/MYAC/ap/arch/stm32/stm32_exceptions.o
                0x0000000008010de0                usage_fault_exception
 .text.null_handler
                0x0000000008010de2        0x2 /home/uav/paparazzi/var/MYAC/ap/arch/stm32/stm32_vector_table.o
                0x0000000008010de2                null_handler
 .text.reset_handler_stage2
                0x0000000008010de4       0x3c /home/uav/paparazzi/var/MYAC/ap/arch/stm32/stm32_vector_table.o
                0x0000000008010de4                reset_handler_stage2
 .text.reset_handler_stage1
                0x0000000008010e20       0x24 /home/uav/paparazzi/var/MYAC/ap/arch/stm32/stm32_vector_table.o
                0x0000000008010e20                reset_handler_stage1
 .text.startup.main
                0x0000000008010e44       0x1c /home/uav/paparazzi/var/MYAC/ap/firmwares/fixedwing/main.o
                0x0000000008010e44                main
 .text.uart_periph_init
                0x0000000008010e60       0x18 /home/uav/paparazzi/var/MYAC/ap/mcu_periph/uart.o
                0x0000000008010e60                uart_periph_init
 .text.uart_check_free_space
                0x0000000008010e78       0x28 /home/uav/paparazzi/var/MYAC/ap/mcu_periph/uart.o
                0x0000000008010e78                uart_check_free_space
 .text.usart_irq_handler
                0x0000000008010ea0       0x7e /home/uav/paparazzi/var/MYAC/ap/arch/stm32/mcu_periph/uart_arch.o
 .text.uart_periph_set_baudrate
                0x0000000008010f1e       0x52 /home/uav/paparazzi/var/MYAC/ap/arch/stm32/mcu_periph/uart_arch.o
                0x0000000008010f1e                uart_periph_set_baudrate
 .text.uart_transmit
                0x0000000008010f70       0x60 /home/uav/paparazzi/var/MYAC/ap/arch/stm32/mcu_periph/uart_arch.o
                0x0000000008010f70                uart_transmit
 .text.uart2_init
                0x0000000008010fd0       0x88 /home/uav/paparazzi/var/MYAC/ap/arch/stm32/mcu_periph/uart_arch.o
                0x0000000008010fd0                uart2_init
 .text.usart2_irq_handler
                0x0000000008011058        0xc /home/uav/paparazzi/var/MYAC/ap/arch/stm32/mcu_periph/uart_arch.o
                0x0000000008011058                usart2_irq_handler
 .text.uart3_init
                0x0000000008011064       0xa0 /home/uav/paparazzi/var/MYAC/ap/arch/stm32/mcu_periph/uart_arch.o
                0x0000000008011064                uart3_init
 .text.usart3_irq_handler
                0x0000000008011104        0xc /home/uav/paparazzi/var/MYAC/ap/arch/stm32/mcu_periph/uart_arch.o
                0x0000000008011104                usart3_irq_handler
 .text.settings_init
                0x0000000008011110        0x2 /home/uav/paparazzi/var/MYAC/ap/subsystems/settings.o
                0x0000000008011110                settings_init
 *fill*         0x0000000008011112        0x2 00
 .text.adc_buf_channel
                0x0000000008011114       0x10 /home/uav/paparazzi/var/MYAC/ap/arch/stm32/mcu_periph/adc_arch.o
                0x0000000008011114                adc_buf_channel
 .text.adc_init
                0x0000000008011124      0x180 /home/uav/paparazzi/var/MYAC/ap/arch/stm32/mcu_periph/adc_arch.o
                0x0000000008011124                adc_init
 .text.adc1_2_irq_handler
                0x00000000080112a4       0x68 /home/uav/paparazzi/var/MYAC/ap/arch/stm32/mcu_periph/adc_arch.o
                0x00000000080112a4                adc1_2_irq_handler
 .text.actuators_init
                0x000000000801130c        0x4 /home/uav/paparazzi/var/MYAC/ap/arch/stm32/servos_direct_hw.o
                0x000000000801130c                actuators_init
 .text.actuators_pwm_arch_init
                0x0000000008011310      0x134 /home/uav/paparazzi/var/MYAC/ap/firmwares/rotorcraft/actuators/arch/stm32/actuators_pwm_arch.o
                0x0000000008011310                actuators_pwm_arch_init
 .text.actuators_pwm_commit
                0x0000000008011444       0x48 /home/uav/paparazzi/var/MYAC/ap/firmwares/rotorcraft/actuators/arch/stm32/actuators_pwm_arch.o
                0x0000000008011444                actuators_pwm_commit
 .text.DelayUs  0x000000000801148c       0x18 /home/uav/paparazzi/var/MYAC/ap/arch/stm32/subsystems/radio_control/spektrum_arch.o
 .text.RadioControlEventImp
                0x00000000080114a4       0xf4 /home/uav/paparazzi/var/MYAC/ap/arch/stm32/subsystems/radio_control/spektrum_arch.o
                0x00000000080114a4                RadioControlEventImp
 .text.SpektrumTimerInit
                0x0000000008011598       0x74 /home/uav/paparazzi/var/MYAC/ap/arch/stm32/subsystems/radio_control/spektrum_arch.o
                0x0000000008011598                SpektrumTimerInit
 .text.tim6_irq_handler
                0x000000000801160c       0x20 /home/uav/paparazzi/var/MYAC/ap/arch/stm32/subsystems/radio_control/spektrum_arch.o
                0x000000000801160c                tim6_irq_handler
 .text.SpektrumUartInit
                0x000000000801162c       0x94 /home/uav/paparazzi/var/MYAC/ap/arch/stm32/subsystems/radio_control/spektrum_arch.o
                0x000000000801162c                SpektrumUartInit
 .text.radio_control_impl_init
                0x00000000080116c0        0xe /home/uav/paparazzi/var/MYAC/ap/arch/stm32/subsystems/radio_control/spektrum_arch.o
                0x00000000080116c0                radio_control_impl_init
 *fill*         0x00000000080116ce        0x2 00
 .text.usart1_irq_handler
                0x00000000080116d0      0x11c /home/uav/paparazzi/var/MYAC/ap/arch/stm32/subsystems/radio_control/spektrum_arch.o
                0x00000000080116d0                usart1_irq_handler
 .text.radio_control_spektrum_try_bind
                0x00000000080117ec       0xdc /home/uav/paparazzi/var/MYAC/ap/arch/stm32/subsystems/radio_control/spektrum_arch.o
                0x00000000080117ec                radio_control_spektrum_try_bind
 .text.dl_parse_msg
                0x00000000080118c8      0xb00 /home/uav/paparazzi/var/MYAC/ap/firmwares/fixedwing/datalink.o
                0x00000000080118c8                dl_parse_msg
 .text.h_ctl_init
                0x00000000080123c8       0xbc /home/uav/paparazzi/var/MYAC/ap/firmwares/fixedwing/stabilization/stabilization_attitude.o
                0x00000000080123c8                h_ctl_init
 *fill*         0x0000000008012484        0x4 00
 .text.h_ctl_course_loop
                0x0000000008012488      0x1c0 /home/uav/paparazzi/var/MYAC/ap/firmwares/fixedwing/stabilization/stabilization_attitude.o
                0x0000000008012488                h_ctl_course_loop
 .text.h_ctl_attitude_loop
                0x0000000008012648      0x188 /home/uav/paparazzi/var/MYAC/ap/firmwares/fixedwing/stabilization/stabilization_attitude.o
                0x0000000008012648                h_ctl_attitude_loop
 .text.v_ctl_init
                0x00000000080127d0      0x10c /home/uav/paparazzi/var/MYAC/ap/firmwares/fixedwing/guidance/guidance_v.o
                0x00000000080127d0                v_ctl_init
 .text.v_ctl_altitude_loop
                0x00000000080128dc       0x78 /home/uav/paparazzi/var/MYAC/ap/firmwares/fixedwing/guidance/guidance_v.o
                0x00000000080128dc                v_ctl_altitude_loop
 *fill*         0x0000000008012954        0x4 00
 .text.v_ctl_climb_loop
                0x0000000008012958      0x208 /home/uav/paparazzi/var/MYAC/ap/firmwares/fixedwing/guidance/guidance_v.o
                0x0000000008012958                v_ctl_climb_loop
 .text.v_ctl_throttle_slew
                0x0000000008012b60       0x58 /home/uav/paparazzi/var/MYAC/ap/firmwares/fixedwing/guidance/guidance_v.o
                0x0000000008012b60                v_ctl_throttle_slew
 .text.imu_init
                0x0000000008012bb8      0x134 /home/uav/paparazzi/var/MYAC/ap/subsystems/imu.o
                0x0000000008012bb8                imu_init
 .text.mpu_wait_slave4_ready
                0x0000000008012cec       0x34 /home/uav/paparazzi/var/MYAC/ap/subsystems/imu/imu_aspirin2.o
 .text.mpu_set  0x0000000008012d20       0x20 /home/uav/paparazzi/var/MYAC/ap/subsystems/imu/imu_aspirin2.o
 .text.imu_impl_init
                0x0000000008012d40       0x28 /home/uav/paparazzi/var/MYAC/ap/subsystems/imu/imu_aspirin2.o
                0x0000000008012d40                imu_impl_init
 .text.imu_periodic
                0x0000000008012d68       0xf8 /home/uav/paparazzi/var/MYAC/ap/subsystems/imu/imu_aspirin2.o
                0x0000000008012d68                imu_periodic
 .text.spi_arch_int_enable
                0x0000000008012e60       0x18 /home/uav/paparazzi/var/MYAC/ap/arch/stm32/mcu_periph/spi_arch.o
                0x0000000008012e60                spi_arch_int_enable
 .text.spi_init
                0x0000000008012e78       0xb8 /home/uav/paparazzi/var/MYAC/ap/arch/stm32/mcu_periph/spi_arch.o
                0x0000000008012e78                spi_init
 .text.spi_rw   0x0000000008012f30       0xe0 /home/uav/paparazzi/var/MYAC/ap/arch/stm32/mcu_periph/spi_arch.o
                0x0000000008012f30                spi_rw
 .text.dma1_c4_irq_handler
                0x0000000008013010       0x78 /home/uav/paparazzi/var/MYAC/ap/arch/stm32/mcu_periph/spi_arch.o
                0x0000000008013010                dma1_c4_irq_handler
 .text.ahrs_aligner_init
                0x0000000008013088       0x40 /home/uav/paparazzi/var/MYAC/ap/subsystems/ahrs/ahrs_aligner.o
                0x0000000008013088                ahrs_aligner_init
 .text.ahrs_aligner_run
                0x00000000080130c8      0x1a8 /home/uav/paparazzi/var/MYAC/ap/subsystems/ahrs/ahrs_aligner.o
                0x00000000080130c8                ahrs_aligner_run
 .text.Vector_Dot_Product
                0x0000000008013270       0x34 /home/uav/paparazzi/var/MYAC/ap/subsystems/ahrs/ahrs_float_dcm.o
 .text.Vector_Scale
                0x00000000080132a4       0x28 /home/uav/paparazzi/var/MYAC/ap/subsystems/ahrs/ahrs_float_dcm.o
 .text.Vector_Add
                0x00000000080132cc       0x28 /home/uav/paparazzi/var/MYAC/ap/subsystems/ahrs/ahrs_float_dcm.o
 .text.set_dcm_matrix_from_rmat
                0x00000000080132f4       0x2c /home/uav/paparazzi/var/MYAC/ap/subsystems/ahrs/ahrs_float_dcm.o
 .text.compute_body_orientation_and_rates
                0x0000000008013320      0x434 /home/uav/paparazzi/var/MYAC/ap/subsystems/ahrs/ahrs_float_dcm.o
 .text.ahrs_init
                0x0000000008013754       0xb0 /home/uav/paparazzi/var/MYAC/ap/subsystems/ahrs/ahrs_float_dcm.o
                0x0000000008013754                ahrs_init
 *fill*         0x0000000008013804        0x4 00
 .text.ahrs_align
                0x0000000008013808      0x448 /home/uav/paparazzi/var/MYAC/ap/subsystems/ahrs/ahrs_float_dcm.o
                0x0000000008013808                ahrs_align
 .text.ahrs_update_gps
                0x0000000008013c50        0x2 /home/uav/paparazzi/var/MYAC/ap/subsystems/ahrs/ahrs_float_dcm.o
                0x0000000008013c50                ahrs_update_gps
 *fill*         0x0000000008013c52        0x2 00
 .text.Normalize
                0x0000000008013c54      0x268 /home/uav/paparazzi/var/MYAC/ap/subsystems/ahrs/ahrs_float_dcm.o
                0x0000000008013c54                Normalize
 *fill*         0x0000000008013ebc        0x4 00
 .text.Drift_correction
                0x0000000008013ec0      0x2e8 /home/uav/paparazzi/var/MYAC/ap/subsystems/ahrs/ahrs_float_dcm.o
                0x0000000008013ec0                Drift_correction
 .text.ahrs_update_accel
                0x00000000080141a8       0xe0 /home/uav/paparazzi/var/MYAC/ap/subsystems/ahrs/ahrs_float_dcm.o
                0x00000000080141a8                ahrs_update_accel
 .text.Matrix_update
                0x0000000008014288      0x128 /home/uav/paparazzi/var/MYAC/ap/subsystems/ahrs/ahrs_float_dcm.o
                0x0000000008014288                Matrix_update
 .text.ahrs_propagate
                0x00000000080143b0      0x2d0 /home/uav/paparazzi/var/MYAC/ap/subsystems/ahrs/ahrs_float_dcm.o
                0x00000000080143b0                ahrs_propagate
 .text.ahrs_update_fw_estimator
                0x0000000008014680       0x64 /home/uav/paparazzi/var/MYAC/ap/subsystems/ahrs/ahrs_float_dcm.o
                0x0000000008014680                ahrs_update_fw_estimator
 .text.gps_ubx_ucenter_enable_msg.constprop.0
                0x00000000080146e4      0x150 /home/uav/paparazzi/var/MYAC/ap/subsystems/gps/gps_ubx.o
 .text.gps_impl_init
                0x0000000008014834       0x1c /home/uav/paparazzi/var/MYAC/ap/subsystems/gps/gps_ubx.o
                0x0000000008014834                gps_impl_init
 .text.gps_ubx_read_message
                0x0000000008014850      0x3b8 /home/uav/paparazzi/var/MYAC/ap/subsystems/gps/gps_ubx.o
                0x0000000008014850                gps_ubx_read_message
 .text.gps_ubx_parse
                0x0000000008014c08      0x104 /home/uav/paparazzi/var/MYAC/ap/subsystems/gps/gps_ubx.o
                0x0000000008014c08                gps_ubx_parse
 .text.gps_ubx_ucenter_init
                0x0000000008014d0c       0x2c /home/uav/paparazzi/var/MYAC/ap/subsystems/gps/gps_ubx.o
                0x0000000008014d0c                gps_ubx_ucenter_init
 .text.gps_ubx_ucenter_periodic
                0x0000000008014d38     0x1514 /home/uav/paparazzi/var/MYAC/ap/subsystems/gps/gps_ubx.o
                0x0000000008014d38                gps_ubx_ucenter_periodic
 .text.gps_ubx_ucenter_event
                0x000000000801624c       0x70 /home/uav/paparazzi/var/MYAC/ap/subsystems/gps/gps_ubx.o
                0x000000000801624c                gps_ubx_ucenter_event
 .text.gps_init
                0x00000000080162bc       0x1c /home/uav/paparazzi/var/MYAC/ap/subsystems/gps.o
                0x00000000080162bc                gps_init
 .text.nav_set_altitude
                0x00000000080162d8       0x3c /home/uav/paparazzi/var/MYAC/ap/subsystems/nav.o
 .text.nav_init_stage
                0x0000000008016314       0x58 /home/uav/paparazzi/var/MYAC/ap/subsystems/nav.o
                0x0000000008016314                nav_init_stage
 .text.nav_approaching_xy
                0x000000000801636c       0xac /home/uav/paparazzi/var/MYAC/ap/subsystems/nav.o
                0x000000000801636c                nav_approaching_xy
 .text.fly_to_xy
                0x0000000008016418      0x208 /home/uav/paparazzi/var/MYAC/ap/subsystems/nav.o
                0x0000000008016418                fly_to_xy
 .text.nav_circle_XY
                0x0000000008016620      0x340 /home/uav/paparazzi/var/MYAC/ap/subsystems/nav.o
                0x0000000008016620                nav_circle_XY
 .text.nav_route_xy
                0x0000000008016960      0x180 /home/uav/paparazzi/var/MYAC/ap/subsystems/nav.o
                0x0000000008016960                nav_route_xy
 .text.compute_dist2_to_home
                0x0000000008016ae0       0x64 /home/uav/paparazzi/var/MYAC/ap/subsystems/nav.o
                0x0000000008016ae0                compute_dist2_to_home
 *fill*         0x0000000008016b44        0x4 00
 .text.nav_reset_reference
                0x0000000008016b48       0xe0 /home/uav/paparazzi/var/MYAC/ap/subsystems/nav.o
                0x0000000008016b48                nav_reset_reference
 .text.nav_update_waypoints_alt
                0x0000000008016c28       0x38 /home/uav/paparazzi/var/MYAC/ap/subsystems/nav.o
                0x0000000008016c28                nav_update_waypoints_alt
 .text.common_nav_periodic_task_4Hz
                0x0000000008016c60       0x30 /home/uav/paparazzi/var/MYAC/ap/subsystems/nav.o
                0x0000000008016c60                common_nav_periodic_task_4Hz
 .text.nav_move_waypoint
                0x0000000008016c90       0xc8 /home/uav/paparazzi/var/MYAC/ap/subsystems/nav.o
                0x0000000008016c90                nav_move_waypoint
 .text.nav_home
                0x0000000008016d58       0x60 /home/uav/paparazzi/var/MYAC/ap/subsystems/nav.o
                0x0000000008016d58                nav_home
 .text.nav_init
                0x0000000008016db8       0x4c /home/uav/paparazzi/var/MYAC/ap/subsystems/nav.o
                0x0000000008016db8                nav_init
 .text.nav_without_gps
                0x0000000008016e04       0x3c /home/uav/paparazzi/var/MYAC/ap/subsystems/nav.o
                0x0000000008016e04                nav_without_gps
 .text.nav_eight
                0x0000000008016e40      0x538 /home/uav/paparazzi/var/MYAC/ap/subsystems/nav.o
                0x0000000008016e40                nav_eight
 .text.nav_oval_init
                0x0000000008017378       0x18 /home/uav/paparazzi/var/MYAC/ap/subsystems/nav.o
                0x0000000008017378                nav_oval_init
 .text.nav_oval
                0x0000000008017390      0x4c8 /home/uav/paparazzi/var/MYAC/ap/subsystems/nav.o
                0x0000000008017390                nav_oval
 .text.nav_periodic_task
                0x0000000008017858      0x998 /home/uav/paparazzi/var/MYAC/ap/subsystems/nav.o
                0x0000000008017858                nav_periodic_task
 .text.nav_init_block
                0x00000000080181f0       0x28 /home/uav/paparazzi/var/MYAC/ap/subsystems/navigation/common_flight_plan.o
                0x00000000080181f0                nav_init_block
 .text.nav_goto_block
                0x0000000008018218       0x2c /home/uav/paparazzi/var/MYAC/ap/subsystems/navigation/common_flight_plan.o
                0x0000000008018218                nav_goto_block
 .text.traffic_info_init
                0x0000000008018244       0x24 /home/uav/paparazzi/var/MYAC/ap/subsystems/navigation/traffic_info.o
                0x0000000008018244                traffic_info_init
 .text.nav_survey_rectangle_init
                0x0000000008018268      0x2a8 /home/uav/paparazzi/var/MYAC/ap/subsystems/navigation/nav_survey_rectangle.o
                0x0000000008018268                nav_survey_rectangle_init
 .text.nav_survey_rectangle
                0x0000000008018510      0x640 /home/uav/paparazzi/var/MYAC/ap/subsystems/navigation/nav_survey_rectangle.o
                0x0000000008018510                nav_survey_rectangle
 .text.nav_line_init
                0x0000000008018b50        0xc /home/uav/paparazzi/var/MYAC/ap/subsystems/navigation/nav_line.o
                0x0000000008018b50                nav_line_init
 *fill*         0x0000000008018b5c        0x4 00
 .text.nav_line
                0x0000000008018b60      0xa60 /home/uav/paparazzi/var/MYAC/ap/subsystems/navigation/nav_line.o
                0x0000000008018b60                nav_line
 .text.ADC_Init
                0x00000000080195c0       0x48 /opt/paparazzi/arm-multilib/lib/gcc/arm-none-eabi/4.6.2/../../../../arm-none-eabi/lib/libstm32.a(stm32_adc.o)
                0x00000000080195c0                ADC_Init
 .text.ADC_Cmd  0x0000000008019608       0x12 /opt/paparazzi/arm-multilib/lib/gcc/arm-none-eabi/4.6.2/../../../../arm-none-eabi/lib/libstm32.a(stm32_adc.o)
                0x0000000008019608                ADC_Cmd
 .text.ADC_ITConfig
                0x000000000801961a       0x12 /opt/paparazzi/arm-multilib/lib/gcc/arm-none-eabi/4.6.2/../../../../arm-none-eabi/lib/libstm32.a(stm32_adc.o)
                0x000000000801961a                ADC_ITConfig
 .text.ADC_ResetCalibration
                0x000000000801962c        0xa /opt/paparazzi/arm-multilib/lib/gcc/arm-none-eabi/4.6.2/../../../../arm-none-eabi/lib/libstm32.a(stm32_adc.o)
                0x000000000801962c                ADC_ResetCalibration
 .text.ADC_GetResetCalibrationStatus
                0x0000000008019636        0x8 /opt/paparazzi/arm-multilib/lib/gcc/arm-none-eabi/4.6.2/../../../../arm-none-eabi/lib/libstm32.a(stm32_adc.o)
                0x0000000008019636                ADC_GetResetCalibrationStatus
 .text.ADC_StartCalibration
                0x000000000801963e        0xa /opt/paparazzi/arm-multilib/lib/gcc/arm-none-eabi/4.6.2/../../../../arm-none-eabi/lib/libstm32.a(stm32_adc.o)
                0x000000000801963e                ADC_StartCalibration
 .text.ADC_GetCalibrationStatus
                0x0000000008019648        0x8 /opt/paparazzi/arm-multilib/lib/gcc/arm-none-eabi/4.6.2/../../../../arm-none-eabi/lib/libstm32.a(stm32_adc.o)
                0x0000000008019648                ADC_GetCalibrationStatus
 .text.ADC_ExternalTrigInjectedConvConfig
                0x0000000008019650        0xc /opt/paparazzi/arm-multilib/lib/gcc/arm-none-eabi/4.6.2/../../../../arm-none-eabi/lib/libstm32.a(stm32_adc.o)
                0x0000000008019650                ADC_ExternalTrigInjectedConvConfig
 .text.ADC_ExternalTrigInjectedConvCmd
                0x000000000801965c       0x12 /opt/paparazzi/arm-multilib/lib/gcc/arm-none-eabi/4.6.2/../../../../arm-none-eabi/lib/libstm32.a(stm32_adc.o)
                0x000000000801965c                ADC_ExternalTrigInjectedConvCmd
 .text.ADC_InjectedChannelConfig
                0x000000000801966e       0x58 /opt/paparazzi/arm-multilib/lib/gcc/arm-none-eabi/4.6.2/../../../../arm-none-eabi/lib/libstm32.a(stm32_adc.o)
                0x000000000801966e                ADC_InjectedChannelConfig
 .text.ADC_InjectedSequencerLengthConfig
                0x00000000080196c6       0x10 /opt/paparazzi/arm-multilib/lib/gcc/arm-none-eabi/4.6.2/../../../../arm-none-eabi/lib/libstm32.a(stm32_adc.o)
                0x00000000080196c6                ADC_InjectedSequencerLengthConfig
 .text.ADC_GetInjectedConversionValue
                0x00000000080196d6        0x8 /opt/paparazzi/arm-multilib/lib/gcc/arm-none-eabi/4.6.2/../../../../arm-none-eabi/lib/libstm32.a(stm32_adc.o)
                0x00000000080196d6                ADC_GetInjectedConversionValue
 .text.ADC_ClearITPendingBit
                0x00000000080196de        0x8 /opt/paparazzi/arm-multilib/lib/gcc/arm-none-eabi/4.6.2/../../../../arm-none-eabi/lib/libstm32.a(stm32_adc.o)
                0x00000000080196de                ADC_ClearITPendingBit
 *fill*         0x00000000080196e6        0x2 00
 .text.TIM_TimeBaseInit
                0x00000000080196e8       0x3c /opt/paparazzi/arm-multilib/lib/gcc/arm-none-eabi/4.6.2/../../../../arm-none-eabi/lib/libstm32.a(stm32_tim.o)
                0x00000000080196e8                TIM_TimeBaseInit
 .text.TIM_OC1Init
                0x0000000008019724       0x74 /opt/paparazzi/arm-multilib/lib/gcc/arm-none-eabi/4.6.2/../../../../arm-none-eabi/lib/libstm32.a(stm32_tim.o)
                0x0000000008019724                TIM_OC1Init
 .text.TIM_OC2Init
                0x0000000008019798       0x88 /opt/paparazzi/arm-multilib/lib/gcc/arm-none-eabi/4.6.2/../../../../arm-none-eabi/lib/libstm32.a(stm32_tim.o)
                0x0000000008019798                TIM_OC2Init
 .text.TIM_OC3Init
                0x0000000008019820       0x84 /opt/paparazzi/arm-multilib/lib/gcc/arm-none-eabi/4.6.2/../../../../arm-none-eabi/lib/libstm32.a(stm32_tim.o)
                0x0000000008019820                TIM_OC3Init
 .text.TIM_OC4Init
                0x00000000080198a4       0x68 /opt/paparazzi/arm-multilib/lib/gcc/arm-none-eabi/4.6.2/../../../../arm-none-eabi/lib/libstm32.a(stm32_tim.o)
                0x00000000080198a4                TIM_OC4Init
 .text.TIM_TimeBaseStructInit
                0x000000000801990c       0x12 /opt/paparazzi/arm-multilib/lib/gcc/arm-none-eabi/4.6.2/../../../../arm-none-eabi/lib/libstm32.a(stm32_tim.o)
                0x000000000801990c                TIM_TimeBaseStructInit
 .text.TIM_Cmd  0x000000000801991e       0x18 /opt/paparazzi/arm-multilib/lib/gcc/arm-none-eabi/4.6.2/../../../../arm-none-eabi/lib/libstm32.a(stm32_tim.o)
                0x000000000801991e                TIM_Cmd
 .text.TIM_CtrlPWMOutputs
                0x0000000008019936       0x1c /opt/paparazzi/arm-multilib/lib/gcc/arm-none-eabi/4.6.2/../../../../arm-none-eabi/lib/libstm32.a(stm32_tim.o)
                0x0000000008019936                TIM_CtrlPWMOutputs
 .text.TIM_ITConfig
                0x0000000008019952       0x12 /opt/paparazzi/arm-multilib/lib/gcc/arm-none-eabi/4.6.2/../../../../arm-none-eabi/lib/libstm32.a(stm32_tim.o)
                0x0000000008019952                TIM_ITConfig
 .text.TIM_ARRPreloadConfig
                0x0000000008019964       0x18 /opt/paparazzi/arm-multilib/lib/gcc/arm-none-eabi/4.6.2/../../../../arm-none-eabi/lib/libstm32.a(stm32_tim.o)
                0x0000000008019964                TIM_ARRPreloadConfig
 .text.TIM_OC1PreloadConfig
                0x000000000801997c       0x10 /opt/paparazzi/arm-multilib/lib/gcc/arm-none-eabi/4.6.2/../../../../arm-none-eabi/lib/libstm32.a(stm32_tim.o)
                0x000000000801997c                TIM_OC1PreloadConfig
 .text.TIM_OC2PreloadConfig
                0x000000000801998c       0x14 /opt/paparazzi/arm-multilib/lib/gcc/arm-none-eabi/4.6.2/../../../../arm-none-eabi/lib/libstm32.a(stm32_tim.o)
                0x000000000801998c                TIM_OC2PreloadConfig
 .text.TIM_OC3PreloadConfig
                0x00000000080199a0       0x10 /opt/paparazzi/arm-multilib/lib/gcc/arm-none-eabi/4.6.2/../../../../arm-none-eabi/lib/libstm32.a(stm32_tim.o)
                0x00000000080199a0                TIM_OC3PreloadConfig
 .text.TIM_OC4PreloadConfig
                0x00000000080199b0       0x14 /opt/paparazzi/arm-multilib/lib/gcc/arm-none-eabi/4.6.2/../../../../arm-none-eabi/lib/libstm32.a(stm32_tim.o)
                0x00000000080199b0                TIM_OC4PreloadConfig
 .text.TIM_SelectOutputTrigger
                0x00000000080199c4       0x16 /opt/paparazzi/arm-multilib/lib/gcc/arm-none-eabi/4.6.2/../../../../arm-none-eabi/lib/libstm32.a(stm32_tim.o)
                0x00000000080199c4                TIM_SelectOutputTrigger
 .text.TIM_SetCompare1
                0x00000000080199da        0x4 /opt/paparazzi/arm-multilib/lib/gcc/arm-none-eabi/4.6.2/../../../../arm-none-eabi/lib/libstm32.a(stm32_tim.o)
                0x00000000080199da                TIM_SetCompare1
 .text.TIM_SetCompare2
                0x00000000080199de        0x4 /opt/paparazzi/arm-multilib/lib/gcc/arm-none-eabi/4.6.2/../../../../arm-none-eabi/lib/libstm32.a(stm32_tim.o)
                0x00000000080199de                TIM_SetCompare2
 .text.TIM_SetCompare3
                0x00000000080199e2        0x4 /opt/paparazzi/arm-multilib/lib/gcc/arm-none-eabi/4.6.2/../../../../arm-none-eabi/lib/libstm32.a(stm32_tim.o)
                0x00000000080199e2                TIM_SetCompare3
 .text.TIM_SetCompare4
                0x00000000080199e6        0x6 /opt/paparazzi/arm-multilib/lib/gcc/arm-none-eabi/4.6.2/../../../../arm-none-eabi/lib/libstm32.a(stm32_tim.o)
                0x00000000080199e6                TIM_SetCompare4
 .text.TIM_ClearFlag
                0x00000000080199ec        0x8 /opt/paparazzi/arm-multilib/lib/gcc/arm-none-eabi/4.6.2/../../../../arm-none-eabi/lib/libstm32.a(stm32_tim.o)
                0x00000000080199ec                TIM_ClearFlag
 .text.TIM_ClearITPendingBit
                0x00000000080199f4        0x8 /opt/paparazzi/arm-multilib/lib/gcc/arm-none-eabi/4.6.2/../../../../arm-none-eabi/lib/libstm32.a(stm32_tim.o)
                0x00000000080199f4                TIM_ClearITPendingBit
 .text.DMA_DeInit
                0x00000000080199fc       0xe8 /opt/paparazzi/arm-multilib/lib/gcc/arm-none-eabi/4.6.2/../../../../arm-none-eabi/lib/libstm32.a(stm32_dma.o)
                0x00000000080199fc                DMA_DeInit
 .text.DMA_Init
                0x0000000008019ae4       0x3c /opt/paparazzi/arm-multilib/lib/gcc/arm-none-eabi/4.6.2/../../../../arm-none-eabi/lib/libstm32.a(stm32_dma.o)
                0x0000000008019ae4                DMA_Init
 .text.DMA_Cmd  0x0000000008019b20       0x12 /opt/paparazzi/arm-multilib/lib/gcc/arm-none-eabi/4.6.2/../../../../arm-none-eabi/lib/libstm32.a(stm32_dma.o)
                0x0000000008019b20                DMA_Cmd
 .text.DMA_ITConfig
                0x0000000008019b32       0x10 /opt/paparazzi/arm-multilib/lib/gcc/arm-none-eabi/4.6.2/../../../../arm-none-eabi/lib/libstm32.a(stm32_dma.o)
                0x0000000008019b32                DMA_ITConfig
 *fill*         0x0000000008019b42        0x2 00
 .text.DMA_GetITStatus
                0x0000000008019b44       0x1c /opt/paparazzi/arm-multilib/lib/gcc/arm-none-eabi/4.6.2/../../../../arm-none-eabi/lib/libstm32.a(stm32_dma.o)
                0x0000000008019b44                DMA_GetITStatus
 .text.DMA_ClearITPendingBit
                0x0000000008019b60       0x14 /opt/paparazzi/arm-multilib/lib/gcc/arm-none-eabi/4.6.2/../../../../arm-none-eabi/lib/libstm32.a(stm32_dma.o)
                0x0000000008019b60                DMA_ClearITPendingBit
 .text.GPIO_Init
                0x0000000008019b74       0xaa /opt/paparazzi/arm-multilib/lib/gcc/arm-none-eabi/4.6.2/../../../../arm-none-eabi/lib/libstm32.a(stm32_gpio.o)
                0x0000000008019b74                GPIO_Init
 .text.GPIO_ReadInputDataBit
                0x0000000008019c1e        0xc /opt/paparazzi/arm-multilib/lib/gcc/arm-none-eabi/4.6.2/../../../../arm-none-eabi/lib/libstm32.a(stm32_gpio.o)
                0x0000000008019c1e                GPIO_ReadInputDataBit
 .text.GPIO_WriteBit
                0x0000000008019c2a        0xa /opt/paparazzi/arm-multilib/lib/gcc/arm-none-eabi/4.6.2/../../../../arm-none-eabi/lib/libstm32.a(stm32_gpio.o)
                0x0000000008019c2a                GPIO_WriteBit
 .text.GPIO_PinRemapConfig
                0x0000000008019c34       0x54 /opt/paparazzi/arm-multilib/lib/gcc/arm-none-eabi/4.6.2/../../../../arm-none-eabi/lib/libstm32.a(stm32_gpio.o)
                0x0000000008019c34                GPIO_PinRemapConfig
 .text.USART_Init
                0x0000000008019c88       0x8c /opt/paparazzi/arm-multilib/lib/gcc/arm-none-eabi/4.6.2/../../../../arm-none-eabi/lib/libstm32.a(stm32_usart.o)
                0x0000000008019c88                USART_Init
 .text.USART_Cmd
                0x0000000008019d14       0x18 /opt/paparazzi/arm-multilib/lib/gcc/arm-none-eabi/4.6.2/../../../../arm-none-eabi/lib/libstm32.a(stm32_usart.o)
                0x0000000008019d14                USART_Cmd
 .text.USART_ITConfig
                0x0000000008019d2c       0x32 /opt/paparazzi/arm-multilib/lib/gcc/arm-none-eabi/4.6.2/../../../../arm-none-eabi/lib/libstm32.a(stm32_usart.o)
                0x0000000008019d2c                USART_ITConfig
 .text.USART_SendData
                0x0000000008019d5e        0x8 /opt/paparazzi/arm-multilib/lib/gcc/arm-none-eabi/4.6.2/../../../../arm-none-eabi/lib/libstm32.a(stm32_usart.o)
                0x0000000008019d5e                USART_SendData
 .text.USART_ReceiveData
                0x0000000008019d66        0x8 /opt/paparazzi/arm-multilib/lib/gcc/arm-none-eabi/4.6.2/../../../../arm-none-eabi/lib/libstm32.a(stm32_usart.o)
                0x0000000008019d66                USART_ReceiveData
 .text.USART_GetITStatus
                0x0000000008019d6e       0x3e /opt/paparazzi/arm-multilib/lib/gcc/arm-none-eabi/4.6.2/../../../../arm-none-eabi/lib/libstm32.a(stm32_usart.o)
                0x0000000008019d6e                USART_GetITStatus
 .text.SPI_Init
                0x0000000008019dac       0x3e /opt/paparazzi/arm-multilib/lib/gcc/arm-none-eabi/4.6.2/../../../../arm-none-eabi/lib/libstm32.a(stm32_spi.o)
                0x0000000008019dac                SPI_Init
 .text.SPI_Cmd  0x0000000008019dea       0x18 /opt/paparazzi/arm-multilib/lib/gcc/arm-none-eabi/4.6.2/../../../../arm-none-eabi/lib/libstm32.a(stm32_spi.o)
                0x0000000008019dea                SPI_Cmd
 .text.SPI_I2S_DMACmd
                0x0000000008019e02       0x12 /opt/paparazzi/arm-multilib/lib/gcc/arm-none-eabi/4.6.2/../../../../arm-none-eabi/lib/libstm32.a(stm32_spi.o)
                0x0000000008019e02                SPI_I2S_DMACmd
 .text.RCC_ADCCLKConfig
                0x0000000008019e14       0x14 /opt/paparazzi/arm-multilib/lib/gcc/arm-none-eabi/4.6.2/../../../../arm-none-eabi/lib/libstm32.a(stm32_rcc.o)
                0x0000000008019e14                RCC_ADCCLKConfig
 .text.RCC_GetClocksFreq
                0x0000000008019e28       0x8c /opt/paparazzi/arm-multilib/lib/gcc/arm-none-eabi/4.6.2/../../../../arm-none-eabi/lib/libstm32.a(stm32_rcc.o)
                0x0000000008019e28                RCC_GetClocksFreq
 .text.RCC_AHBPeriphClockCmd
                0x0000000008019eb4       0x18 /opt/paparazzi/arm-multilib/lib/gcc/arm-none-eabi/4.6.2/../../../../arm-none-eabi/lib/libstm32.a(stm32_rcc.o)
                0x0000000008019eb4                RCC_AHBPeriphClockCmd
 .text.RCC_APB2PeriphClockCmd
                0x0000000008019ecc       0x18 /opt/paparazzi/arm-multilib/lib/gcc/arm-none-eabi/4.6.2/../../../../arm-none-eabi/lib/libstm32.a(stm32_rcc.o)
                0x0000000008019ecc                RCC_APB2PeriphClockCmd
 .text.RCC_APB1PeriphClockCmd
                0x0000000008019ee4       0x18 /opt/paparazzi/arm-multilib/lib/gcc/arm-none-eabi/4.6.2/../../../../arm-none-eabi/lib/libstm32.a(stm32_rcc.o)
                0x0000000008019ee4                RCC_APB1PeriphClockCmd
 .text.NVIC_Init
                0x0000000008019efc       0x64 /opt/paparazzi/arm-multilib/lib/gcc/arm-none-eabi/4.6.2/../../../../arm-none-eabi/lib/libstm32.a(stm32_misc.o)
                0x0000000008019efc                NVIC_Init
 .text.NVIC_SetVectorTable
                0x0000000008019f60       0x14 /opt/paparazzi/arm-multilib/lib/gcc/arm-none-eabi/4.6.2/../../../../arm-none-eabi/lib/libstm32.a(stm32_misc.o)
                0x0000000008019f60                NVIC_SetVectorTable
 .text.rcc_wait_for_osc_ready
                0x0000000008019f74       0x4c /opt/paparazzi/arm-multilib/lib/gcc/arm-none-eabi/4.6.2/../../../../arm-none-eabi/lib/libopencm3_stm32.a(rcc.o)
                0x0000000008019f74                rcc_wait_for_osc_ready
 .text.rcc_osc_on
                0x0000000008019fc0       0x4c /opt/paparazzi/arm-multilib/lib/gcc/arm-none-eabi/4.6.2/../../../../arm-none-eabi/lib/libopencm3_stm32.a(rcc.o)
                0x0000000008019fc0                rcc_osc_on
 .text.rcc_set_sysclk_source
                0x000000000801a00c       0x14 /opt/paparazzi/arm-multilib/lib/gcc/arm-none-eabi/4.6.2/../../../../arm-none-eabi/lib/libopencm3_stm32.a(rcc.o)
                0x000000000801a00c                rcc_set_sysclk_source
 .text.rcc_set_pll_multiplication_factor
                0x000000000801a020       0x14 /opt/paparazzi/arm-multilib/lib/gcc/arm-none-eabi/4.6.2/../../../../arm-none-eabi/lib/libopencm3_stm32.a(rcc.o)
                0x000000000801a020                rcc_set_pll_multiplication_factor
 .text.rcc_set_pll_source
                0x000000000801a034       0x14 /opt/paparazzi/arm-multilib/lib/gcc/arm-none-eabi/4.6.2/../../../../arm-none-eabi/lib/libopencm3_stm32.a(rcc.o)
                0x000000000801a034                rcc_set_pll_source
 .text.rcc_set_pllxtpre
                0x000000000801a048       0x14 /opt/paparazzi/arm-multilib/lib/gcc/arm-none-eabi/4.6.2/../../../../arm-none-eabi/lib/libopencm3_stm32.a(rcc.o)
                0x000000000801a048                rcc_set_pllxtpre
 .text.rcc_set_adcpre
                0x000000000801a05c       0x14 /opt/paparazzi/arm-multilib/lib/gcc/arm-none-eabi/4.6.2/../../../../arm-none-eabi/lib/libopencm3_stm32.a(rcc.o)
                0x000000000801a05c                rcc_set_adcpre
 .text.rcc_set_ppre2
                0x000000000801a070       0x14 /opt/paparazzi/arm-multilib/lib/gcc/arm-none-eabi/4.6.2/../../../../arm-none-eabi/lib/libopencm3_stm32.a(rcc.o)
                0x000000000801a070                rcc_set_ppre2
 .text.rcc_set_ppre1
                0x000000000801a084       0x14 /opt/paparazzi/arm-multilib/lib/gcc/arm-none-eabi/4.6.2/../../../../arm-none-eabi/lib/libopencm3_stm32.a(rcc.o)
                0x000000000801a084                rcc_set_ppre1
 .text.rcc_set_hpre
                0x000000000801a098       0x14 /opt/paparazzi/arm-multilib/lib/gcc/arm-none-eabi/4.6.2/../../../../arm-none-eabi/lib/libopencm3_stm32.a(rcc.o)
                0x000000000801a098                rcc_set_hpre
 .text.rcc_clock_setup_in_hse_12mhz_out_72mhz
                0x000000000801a0ac       0x88 /opt/paparazzi/arm-multilib/lib/gcc/arm-none-eabi/4.6.2/../../../../arm-none-eabi/lib/libopencm3_stm32.a(rcc.o)
                0x000000000801a0ac                rcc_clock_setup_in_hse_12mhz_out_72mhz
 .text.usart_set_baudrate
                0x000000000801a134       0x24 /opt/paparazzi/arm-multilib/lib/gcc/arm-none-eabi/4.6.2/../../../../arm-none-eabi/lib/libopencm3_stm32.a(usart.o)
                0x000000000801a134                usart_set_baudrate
 .text.flash_set_ws
                0x000000000801a158       0x14 /opt/paparazzi/arm-multilib/lib/gcc/arm-none-eabi/4.6.2/../../../../arm-none-eabi/lib/libopencm3_stm32.a(flash.o)
                0x000000000801a158                flash_set_ws
 *(.rodata)
 .rodata        0x000000000801a16c        0x4 /home/uav/paparazzi/var/MYAC/ap/arch/stm32/mcu_periph/spi_arch.o
 .rodata        0x000000000801a170       0x40 /opt/paparazzi/arm-multilib/lib/gcc/arm-none-eabi/4.6.2/../../../../arm-none-eabi/lib/thumb2/libm.a(lib_a-s_atan.o)
 .rodata        0x000000000801a1b0       0x10 /opt/paparazzi/arm-multilib/lib/gcc/arm-none-eabi/4.6.2/../../../../arm-none-eabi/lib/thumb2/libm.a(lib_a-s_rint.o)
 .rodata        0x000000000801a1c0       0x20 /opt/paparazzi/arm-multilib/lib/gcc/arm-none-eabi/4.6.2/../../../../arm-none-eabi/lib/thumb2/libm.a(lib_a-sf_atan.o)
 .rodata        0x000000000801a1e0       0x30 /opt/paparazzi/arm-multilib/lib/gcc/arm-none-eabi/4.6.2/../../../../arm-none-eabi/lib/thumb2/libm.a(lib_a-e_exp.o)
 .rodata        0x000000000801a210       0x30 /opt/paparazzi/arm-multilib/lib/gcc/arm-none-eabi/4.6.2/../../../../arm-none-eabi/lib/thumb2/libm.a(lib_a-e_pow.o)
 .rodata        0x000000000801a240      0x188 /opt/paparazzi/arm-multilib/lib/gcc/arm-none-eabi/4.6.2/../../../../arm-none-eabi/lib/thumb2/libm.a(lib_a-e_rem_pio2.o)
 .rodata        0x000000000801a3c8      0x398 /opt/paparazzi/arm-multilib/lib/gcc/arm-none-eabi/4.6.2/../../../../arm-none-eabi/lib/thumb2/libm.a(lib_a-ef_rem_pio2.o)
 .rodata        0x000000000801a760       0x50 /opt/paparazzi/arm-multilib/lib/gcc/arm-none-eabi/4.6.2/../../../../arm-none-eabi/lib/thumb2/libm.a(lib_a-k_rem_pio2.o)
 .rodata        0x000000000801a7b0       0x38 /opt/paparazzi/arm-multilib/lib/gcc/arm-none-eabi/4.6.2/../../../../arm-none-eabi/lib/thumb2/libm.a(lib_a-kf_rem_pio2.o)
 *(.rodata*)
 .rodata.serie_coeff_proj_mercator
                0x000000000801a7e8       0x14 /home/uav/paparazzi/var/MYAC/ap/math/pprz_geodetic_float.o
 .rodata.commands_failsafe
                0x000000000801a7fc        0x8 /home/uav/paparazzi/var/MYAC/ap/./commands.o
                0x000000000801a7fc                commands_failsafe
 .rodata.version
                0x000000000801a804        0x2 /home/uav/paparazzi/var/MYAC/ap/firmwares/fixedwing/main_ap.o
 .rodata.str1.1
                0x000000000801a806       0x11 /home/uav/paparazzi/var/MYAC/ap/firmwares/fixedwing/main_ap.o
 .rodata.nb_waypoint
                0x000000000801a817        0x1 /home/uav/paparazzi/var/MYAC/ap/subsystems/nav.o
                0x000000000801a817                nb_waypoint
 .rodata.str1.1
                0x000000000801a818        0x5 /opt/paparazzi/arm-multilib/lib/gcc/arm-none-eabi/4.6.2/../../../../arm-none-eabi/lib/thumb2/libm.a(lib_a-w_asin.o)
                                          0x6 (size before relaxing)
 .rodata.str1.1
                0x000000000801a81d        0x5 /opt/paparazzi/arm-multilib/lib/gcc/arm-none-eabi/4.6.2/../../../../arm-none-eabi/lib/thumb2/libm.a(lib_a-w_cosh.o)
 .rodata.str1.1
                0x000000000801a822        0x4 /opt/paparazzi/arm-multilib/lib/gcc/arm-none-eabi/4.6.2/../../../../arm-none-eabi/lib/thumb2/libm.a(lib_a-w_exp.o)
 .rodata.str1.1
                0x000000000801a826        0x4 /opt/paparazzi/arm-multilib/lib/gcc/arm-none-eabi/4.6.2/../../../../arm-none-eabi/lib/thumb2/libm.a(lib_a-w_log.o)
                                          0x5 (size before relaxing)
 .rodata.str1.1
                0x000000000801a82a        0x4 /opt/paparazzi/arm-multilib/lib/gcc/arm-none-eabi/4.6.2/../../../../arm-none-eabi/lib/thumb2/libm.a(lib_a-w_pow.o)
 .rodata.str1.1
                0x000000000801a82e        0x5 /opt/paparazzi/arm-multilib/lib/gcc/arm-none-eabi/4.6.2/../../../../arm-none-eabi/lib/thumb2/libm.a(lib_a-w_sinh.o)
 .rodata.str1.1
                0x000000000801a833        0x5 /opt/paparazzi/arm-multilib/lib/gcc/arm-none-eabi/4.6.2/../../../../arm-none-eabi/lib/thumb2/libm.a(lib_a-w_sqrt.o)
 .rodata.str1.1
                0x000000000801a838        0x6 /opt/paparazzi/arm-multilib/lib/gcc/arm-none-eabi/4.6.2/../../../../arm-none-eabi/lib/thumb2/libm.a(lib_a-wf_asin.o)
                                          0x7 (size before relaxing)
 .rodata.str1.1
                0x0000000000000000        0x1 /opt/paparazzi/arm-multilib/lib/gcc/arm-none-eabi/4.6.2/../../../../arm-none-eabi/lib/thumb2/libm.a(lib_a-e_pow.o)
 .rodata.str1.1
                0x000000000801a83e        0x2 /opt/paparazzi/arm-multilib/lib/gcc/arm-none-eabi/4.6.2/../../../../arm-none-eabi/lib/thumb2/libc.a(lib_a-impure.o)
 *(.glue_7)
 .glue_7        0x0000000000000000        0x0 linker stubs
 *(.glue_7t)
 .glue_7t       0x0000000000000000        0x0 linker stubs
                0x000000000801a840                . = ALIGN (0x4)
                0x000000000801a840                _etext = .
                0x000000000801a840                _sidata = _etext

.vfp11_veneer   0x000000000801a840        0x0
 .vfp11_veneer  0x0000000000000000        0x0 linker stubs

.v4_bx          0x000000000801a840        0x0
 .v4_bx         0x0000000000000000        0x0 linker stubs

.data           0x0000000020000000     0x37c4 load address 0x000000000801a840
                0x0000000020000000                . = ALIGN (0x4)
                0x0000000020000000                _sdata = .
 *(.data)
 .data          0x0000000020000000        0x1 /opt/paparazzi/arm-multilib/lib/gcc/arm-none-eabi/4.6.2/../../../../arm-none-eabi/lib/thumb2/libm.a(lib_a-s_lib_ver.o)
                0x0000000020000000                __fdlib_version
 *fill*         0x0000000020000001        0x7 00
 .data          0x0000000020000008      0x430 /opt/paparazzi/arm-multilib/lib/gcc/arm-none-eabi/4.6.2/../../../../arm-none-eabi/lib/thumb2/libc.a(lib_a-impure.o)
                0x0000000020000008                _impure_ptr
 *(.data.*)
 .data.fbw_state
                0x0000000020000438        0x4 /home/uav/paparazzi/var/MYAC/ap/./inter_mcu.o
                0x0000000020000438                fbw_state
 .data.ap_state
                0x000000002000043c        0x4 /home/uav/paparazzi/var/MYAC/ap/./inter_mcu.o
                0x000000002000043c                ap_state
 .data.pprz_trig_int
                0x0000000020000440     0x3244 /home/uav/paparazzi/var/MYAC/ap/math/pprz_trig_int.o
                0x0000000020000440                pprz_trig_int
 .data.pprz_mode
                0x0000000020003684        0x1 /home/uav/paparazzi/var/MYAC/ap/firmwares/fixedwing/main_ap.o
                0x0000000020003684                pprz_mode
 .data.boot.4478
                0x0000000020003685        0x1 /home/uav/paparazzi/var/MYAC/ap/firmwares/fixedwing/main_ap.o
 .data.SpektrumSigns
                0x0000000020003686        0xc /home/uav/paparazzi/var/MYAC/ap/arch/stm32/subsystems/radio_control/spektrum_arch.o
                0x0000000020003686                SpektrumSigns
 .data.PrimarySpektrumState
                0x0000000020003692       0x28 /home/uav/paparazzi/var/MYAC/ap/arch/stm32/subsystems/radio_control/spektrum_arch.o
                0x0000000020003692                PrimarySpektrumState
 *fill*         0x00000000200036ba        0x2 00
 .data.Update_Matrix
                0x00000000200036bc       0x24 /home/uav/paparazzi/var/MYAC/ap/subsystems/ahrs/ahrs_float_dcm.o
                0x00000000200036bc                Update_Matrix
 .data.DCM_Matrix
                0x00000000200036e0       0x24 /home/uav/paparazzi/var/MYAC/ap/subsystems/ahrs/ahrs_float_dcm.o
                0x00000000200036e0                DCM_Matrix
 .data.max_dist_from_home
                0x0000000020003704        0x4 /home/uav/paparazzi/var/MYAC/ap/subsystems/nav.o
                0x0000000020003704                max_dist_from_home
 .data.nav_altitude
                0x0000000020003708        0x4 /home/uav/paparazzi/var/MYAC/ap/subsystems/nav.o
                0x0000000020003708                nav_altitude
 .data.nav_utm_zone0
                0x000000002000370c        0x1 /home/uav/paparazzi/var/MYAC/ap/subsystems/nav.o
                0x000000002000370c                nav_utm_zone0
 *fill*         0x000000002000370d        0x3 00
 .data.nav_utm_north0
                0x0000000020003710        0x4 /home/uav/paparazzi/var/MYAC/ap/subsystems/nav.o
                0x0000000020003710                nav_utm_north0
 .data.waypoints
                0x0000000020003714       0x90 /home/uav/paparazzi/var/MYAC/ap/subsystems/nav.o
                0x0000000020003714                waypoints
 .data.nav_utm_east0
                0x00000000200037a4        0x4 /home/uav/paparazzi/var/MYAC/ap/subsystems/nav.o
                0x00000000200037a4                nav_utm_east0
 .data.ADCPrescTable
                0x00000000200037a8        0x4 /opt/paparazzi/arm-multilib/lib/gcc/arm-none-eabi/4.6.2/../../../../arm-none-eabi/lib/libstm32.a(stm32_rcc.o)
 .data.APBAHBPrescTable
                0x00000000200037ac       0x10 /opt/paparazzi/arm-multilib/lib/gcc/arm-none-eabi/4.6.2/../../../../arm-none-eabi/lib/libstm32.a(stm32_rcc.o)
 .data.rcc_ppre1_frequency
                0x00000000200037bc        0x4 /opt/paparazzi/arm-multilib/lib/gcc/arm-none-eabi/4.6.2/../../../../arm-none-eabi/lib/libopencm3_stm32.a(rcc.o)
                0x00000000200037bc                rcc_ppre1_frequency
 .data.rcc_ppre2_frequency
                0x00000000200037c0        0x4 /opt/paparazzi/arm-multilib/lib/gcc/arm-none-eabi/4.6.2/../../../../arm-none-eabi/lib/libopencm3_stm32.a(rcc.o)
                0x00000000200037c0                rcc_ppre2_frequency
                0x00000000200037c4                . = ALIGN (0x4)
                0x00000000200037c4                _edata = .

.bss            0x00000000200037c8     0x1404 load address 0x000000000801e008
                0x00000000200037c8                . = ALIGN (0x4)
                0x00000000200037c8                _sbss = .
 *(.dynbss)
 *(.bss .bss.* .gnu.linkonce.b.*)
 .bss.sys_time  0x00000000200037c8       0xac /home/uav/paparazzi/var/MYAC/ap/mcu_periph/sys_time.o
                0x00000000200037c8                sys_time
 .bss.inter_mcu_received_ap
                0x0000000020003874        0x1 /home/uav/paparazzi/var/MYAC/ap/./inter_mcu.o
                0x0000000020003874                inter_mcu_received_ap
 *fill*         0x0000000020003875        0x1 00
 .bss._ap_state
                0x0000000020003876        0xc /home/uav/paparazzi/var/MYAC/ap/./inter_mcu.o
 .bss.ap_ok     0x0000000020003882        0x1 /home/uav/paparazzi/var/MYAC/ap/./inter_mcu.o
                0x0000000020003882                ap_ok
 .bss.time_since_last_ap
                0x0000000020003883        0x1 /home/uav/paparazzi/var/MYAC/ap/./inter_mcu.o
                0x0000000020003883                time_since_last_ap
 .bss.inter_mcu_received_fbw
                0x0000000020003884        0x1 /home/uav/paparazzi/var/MYAC/ap/./inter_mcu.o
                0x0000000020003884                inter_mcu_received_fbw
 *fill*         0x0000000020003885        0x3 00
 .bss._fbw_state
                0x0000000020003888       0x20 /home/uav/paparazzi/var/MYAC/ap/./inter_mcu.o
 .bss.i120.3581
                0x00000000200038a8        0x1 /home/uav/paparazzi/var/MYAC/ap/firmwares/fixedwing/main_fbw.o
 *fill*         0x00000000200038a9        0x1 00
 .bss.i300.3608
                0x00000000200038aa        0x2 /home/uav/paparazzi/var/MYAC/ap/firmwares/fixedwing/main_fbw.o
 .bss.fbw_mode  0x00000000200038ac        0x1 /home/uav/paparazzi/var/MYAC/ap/firmwares/fixedwing/main_fbw.o
                0x00000000200038ac                fbw_mode
 .bss.i60.3607  0x00000000200038ad        0x1 /home/uav/paparazzi/var/MYAC/ap/firmwares/fixedwing/main_fbw.o
 .bss.fbw_periodic_tid
                0x00000000200038ae        0x1 /home/uav/paparazzi/var/MYAC/ap/firmwares/fixedwing/main_fbw.o
                0x00000000200038ae                fbw_periodic_tid
 .bss._1Hz.3375
                0x00000000200038af        0x1 /home/uav/paparazzi/var/MYAC/ap/firmwares/fixedwing/main_fbw.o
 .bss.fbw_new_actuators
                0x00000000200038b0        0x1 /home/uav/paparazzi/var/MYAC/ap/firmwares/fixedwing/main_fbw.o
                0x00000000200038b0                fbw_new_actuators
 *fill*         0x00000000200038b1        0x1 00
 .bss.i300.3582
                0x00000000200038b2        0x2 /home/uav/paparazzi/var/MYAC/ap/firmwares/fixedwing/main_fbw.o
 .bss.i30.3606  0x00000000200038b4        0x1 /home/uav/paparazzi/var/MYAC/ap/firmwares/fixedwing/main_fbw.o
 .bss.electrical_tid
                0x00000000200038b5        0x1 /home/uav/paparazzi/var/MYAC/ap/firmwares/fixedwing/main_fbw.o
                0x00000000200038b5                electrical_tid
 *fill*         0x00000000200038b6        0x2 00
 .bss.electrical_priv
                0x00000000200038b8       0x4c /home/uav/paparazzi/var/MYAC/ap/subsystems/electrical.o
 .bss.electrical
                0x0000000020003904        0x8 /home/uav/paparazzi/var/MYAC/ap/subsystems/electrical.o
                0x0000000020003904                electrical
 .bss.commands  0x000000002000390c        0x8 /home/uav/paparazzi/var/MYAC/ap/./commands.o
                0x000000002000390c                commands
 .bss.command_roll_trim
                0x0000000020003914        0x2 /home/uav/paparazzi/var/MYAC/ap/./commands.o
                0x0000000020003914                command_roll_trim
 .bss.command_pitch_trim
                0x0000000020003916        0x2 /home/uav/paparazzi/var/MYAC/ap/./commands.o
                0x0000000020003916                command_pitch_trim
 .bss.telemetry_mode_Fbw
                0x0000000020003918        0x1 /home/uav/paparazzi/var/MYAC/ap/firmwares/fixedwing/fbw_downlink.o
                0x0000000020003918                telemetry_mode_Fbw
 .bss.mcu1_ppm_cpt
                0x0000000020003919        0x1 /home/uav/paparazzi/var/MYAC/ap/firmwares/fixedwing/main_ap.o
 .bss.modules_tid
                0x000000002000391a        0x1 /home/uav/paparazzi/var/MYAC/ap/firmwares/fixedwing/main_ap.o
                0x000000002000391a                modules_tid
 .bss.i192.4809
                0x000000002000391b        0x1 /home/uav/paparazzi/var/MYAC/ap/firmwares/fixedwing/main_ap.o
 .bss.i15.4259  0x000000002000391c        0x1 /home/uav/paparazzi/var/MYAC/ap/firmwares/fixedwing/main_ap.o
 .bss.vsupply   0x000000002000391d        0x1 /home/uav/paparazzi/var/MYAC/ap/firmwares/fixedwing/main_ap.o
                0x000000002000391d                vsupply
 .bss.i183.4808
                0x000000002000391e        0x1 /home/uav/paparazzi/var/MYAC/ap/firmwares/fixedwing/main_ap.o
 .bss.i243.4811
                0x000000002000391f        0x1 /home/uav/paparazzi/var/MYAC/ap/firmwares/fixedwing/main_ap.o
 .bss.i60.4484  0x0000000020003920        0x1 /home/uav/paparazzi/var/MYAC/ap/firmwares/fixedwing/main_ap.o
 .bss.last_pprz_mode.5261
                0x0000000020003921        0x1 /home/uav/paparazzi/var/MYAC/ap/firmwares/fixedwing/main_ap.o
 .bss.i66.4802  0x0000000020003922        0x1 /home/uav/paparazzi/var/MYAC/ap/firmwares/fixedwing/main_ap.o
 .bss.i240.4810
                0x0000000020003923        0x1 /home/uav/paparazzi/var/MYAC/ap/firmwares/fixedwing/main_ap.o
 .bss.ahrs_timeout_counter
                0x0000000020003924        0x1 /home/uav/paparazzi/var/MYAC/ap/firmwares/fixedwing/main_ap.o
                0x0000000020003924                ahrs_timeout_counter
 *fill*         0x0000000020003925        0x3 00
 .bss.gyr_avg.5340
                0x0000000020003928        0xc /home/uav/paparazzi/var/MYAC/ap/firmwares/fixedwing/main_ap.o
 .bss.i63.4801  0x0000000020003934        0x1 /home/uav/paparazzi/var/MYAC/ap/firmwares/fixedwing/main_ap.o
 *fill*         0x0000000020003935        0x1 00
 .bss.i330.5108
                0x0000000020003936        0x2 /home/uav/paparazzi/var/MYAC/ap/firmwares/fixedwing/main_ap.o
 .bss.i150.4491
                0x0000000020003938        0x1 /home/uav/paparazzi/var/MYAC/ap/firmwares/fixedwing/main_ap.o
 .bss.i180.4807
                0x0000000020003939        0x1 /home/uav/paparazzi/var/MYAC/ap/firmwares/fixedwing/main_ap.o
 .bss.i.4883    0x000000002000393a        0x1 /home/uav/paparazzi/var/MYAC/ap/firmwares/fixedwing/main_ap.o
 .bss.launch    0x000000002000393b        0x1 /home/uav/paparazzi/var/MYAC/ap/firmwares/fixedwing/main_ap.o
                0x000000002000393b                launch
 .bss.i15.4482  0x000000002000393c        0x1 /home/uav/paparazzi/var/MYAC/ap/firmwares/fixedwing/main_ap.o
 .bss._reduced_correction_rate.5338
                0x000000002000393d        0x1 /home/uav/paparazzi/var/MYAC/ap/firmwares/fixedwing/main_ap.o
 .bss.i606.4816
                0x000000002000393e        0x2 /home/uav/paparazzi/var/MYAC/ap/firmwares/fixedwing/main_ap.o
 .bss.acc_avg.5339
                0x0000000020003940        0xc /home/uav/paparazzi/var/MYAC/ap/firmwares/fixedwing/main_ap.o
 .bss.i.4901    0x000000002000394c        0x1 /home/uav/paparazzi/var/MYAC/ap/firmwares/fixedwing/main_ap.o
 .bss.gps_ubx_gps_ubx_ucenter_periodic_status
                0x000000002000394d        0x1 /home/uav/paparazzi/var/MYAC/ap/firmwares/fixedwing/main_ap.o
                0x000000002000394d                gps_ubx_gps_ubx_ucenter_periodic_status
 .bss.i126.4806
                0x000000002000394e        0x1 /home/uav/paparazzi/var/MYAC/ap/firmwares/fixedwing/main_ap.o
 .bss.i.5119    0x000000002000394f        0x1 /home/uav/paparazzi/var/MYAC/ap/firmwares/fixedwing/main_ap.o
 .bss.lateral_mode
                0x0000000020003950        0x1 /home/uav/paparazzi/var/MYAC/ap/firmwares/fixedwing/main_ap.o
                0x0000000020003950                lateral_mode
 .bss.mcu1_status
                0x0000000020003951        0x1 /home/uav/paparazzi/var/MYAC/ap/firmwares/fixedwing/main_ap.o
 .bss.i318.5106
                0x0000000020003952        0x2 /home/uav/paparazzi/var/MYAC/ap/firmwares/fixedwing/main_ap.o
 .bss.i90.4488  0x0000000020003954        0x1 /home/uav/paparazzi/var/MYAC/ap/firmwares/fixedwing/main_ap.o
 *fill*         0x0000000020003955        0x1 00
 .bss.i300.4492
                0x0000000020003956        0x2 /home/uav/paparazzi/var/MYAC/ap/firmwares/fixedwing/main_ap.o
 .bss.i306.4493
                0x0000000020003958        0x2 /home/uav/paparazzi/var/MYAC/ap/firmwares/fixedwing/main_ap.o
 .bss.power_switch
                0x000000002000395a        0x1 /home/uav/paparazzi/var/MYAC/ap/firmwares/fixedwing/main_ap.o
                0x000000002000395a                power_switch
 .bss._reduced_propagation_rate.5337
                0x000000002000395b        0x1 /home/uav/paparazzi/var/MYAC/ap/firmwares/fixedwing/main_ap.o
 .bss.i540.4494
                0x000000002000395c        0x2 /home/uav/paparazzi/var/MYAC/ap/firmwares/fixedwing/main_ap.o
 .bss.new_ins_attitude
                0x000000002000395e        0x1 /home/uav/paparazzi/var/MYAC/ap/firmwares/fixedwing/main_ap.o
                0x000000002000395e                new_ins_attitude
 .bss.i.4817    0x000000002000395f        0x1 /home/uav/paparazzi/var/MYAC/ap/firmwares/fixedwing/main_ap.o
 .bss.telemetry_tid
                0x0000000020003960        0x1 /home/uav/paparazzi/var/MYAC/ap/firmwares/fixedwing/main_ap.o
                0x0000000020003960                telemetry_tid
 .bss.i90.4805  0x0000000020003961        0x1 /home/uav/paparazzi/var/MYAC/ap/firmwares/fixedwing/main_ap.o
 .bss.i.4687    0x0000000020003962        0x1 /home/uav/paparazzi/var/MYAC/ap/firmwares/fixedwing/main_ap.o
 .bss.i63.4485  0x0000000020003963        0x1 /home/uav/paparazzi/var/MYAC/ap/firmwares/fixedwing/main_ap.o
 .bss.i300.4812
                0x0000000020003964        0x2 /home/uav/paparazzi/var/MYAC/ap/firmwares/fixedwing/main_ap.o
 .bss.i306.4813
                0x0000000020003966        0x2 /home/uav/paparazzi/var/MYAC/ap/firmwares/fixedwing/main_ap.o
 .bss.t.5310    0x0000000020003968        0x1 /home/uav/paparazzi/var/MYAC/ap/firmwares/fixedwing/main_ap.o
 .bss.i120.4489
                0x0000000020003969        0x1 /home/uav/paparazzi/var/MYAC/ap/firmwares/fixedwing/main_ap.o
 .bss.kill_throttle
                0x000000002000396a        0x1 /home/uav/paparazzi/var/MYAC/ap/firmwares/fixedwing/main_ap.o
                0x000000002000396a                kill_throttle
 .bss.i.4557    0x000000002000396b        0x1 /home/uav/paparazzi/var/MYAC/ap/firmwares/fixedwing/main_ap.o
 .bss.i540.4815
                0x000000002000396c        0x2 /home/uav/paparazzi/var/MYAC/ap/firmwares/fixedwing/main_ap.o
 .bss.last.4783
                0x000000002000396e        0x2 /home/uav/paparazzi/var/MYAC/ap/firmwares/fixedwing/main_ap.o
 .bss.gps_lost  0x0000000020003970        0x1 /home/uav/paparazzi/var/MYAC/ap/firmwares/fixedwing/main_ap.o
                0x0000000020003970                gps_lost
 *fill*         0x0000000020003971        0x1 00
 .bss.i612.5112
                0x0000000020003972        0x2 /home/uav/paparazzi/var/MYAC/ap/firmwares/fixedwing/main_ap.o
 .bss.sensors_tid
                0x0000000020003974        0x1 /home/uav/paparazzi/var/MYAC/ap/firmwares/fixedwing/main_ap.o
                0x0000000020003974                sensors_tid
 *fill*         0x0000000020003975        0x1 00
 .bss.i606.5111
                0x0000000020003976        0x2 /home/uav/paparazzi/var/MYAC/ap/firmwares/fixedwing/main_ap.o
 .bss.i66.4486  0x0000000020003978        0x1 /home/uav/paparazzi/var/MYAC/ap/firmwares/fixedwing/main_ap.o
 .bss.i84.4804  0x0000000020003979        0x1 /home/uav/paparazzi/var/MYAC/ap/firmwares/fixedwing/main_ap.o
 *fill*         0x000000002000397a        0x2 00
 .bss.energy    0x000000002000397c        0x4 /home/uav/paparazzi/var/MYAC/ap/firmwares/fixedwing/main_ap.o
                0x000000002000397c                energy
 .bss.monitor_tid
                0x0000000020003980        0x1 /home/uav/paparazzi/var/MYAC/ap/firmwares/fixedwing/main_ap.o
                0x0000000020003980                monitor_tid
 *fill*         0x0000000020003981        0x1 00
 .bss.last.5198
                0x0000000020003982        0x2 /home/uav/paparazzi/var/MYAC/ap/firmwares/fixedwing/main_ap.o
 .bss.i324.5107
                0x0000000020003984        0x2 /home/uav/paparazzi/var/MYAC/ap/firmwares/fixedwing/main_ap.o
 .bss.i72.4487  0x0000000020003986        0x1 /home/uav/paparazzi/var/MYAC/ap/firmwares/fixedwing/main_ap.o
 .bss.i30.4483  0x0000000020003987        0x1 /home/uav/paparazzi/var/MYAC/ap/firmwares/fixedwing/main_ap.o
 .bss.current   0x0000000020003988        0x4 /home/uav/paparazzi/var/MYAC/ap/firmwares/fixedwing/main_ap.o
 .bss.i78.4803  0x000000002000398c        0x1 /home/uav/paparazzi/var/MYAC/ap/firmwares/fixedwing/main_ap.o
 *fill*         0x000000002000398d        0x1 00
 .bss.i306.5105
                0x000000002000398e        0x2 /home/uav/paparazzi/var/MYAC/ap/firmwares/fixedwing/main_ap.o
 .bss.i312.4814
                0x0000000020003990        0x2 /home/uav/paparazzi/var/MYAC/ap/firmwares/fixedwing/main_ap.o
 .bss.last.5072
                0x0000000020003992        0x2 /home/uav/paparazzi/var/MYAC/ap/firmwares/fixedwing/main_ap.o
 .bss.attitude_tid
                0x0000000020003994        0x1 /home/uav/paparazzi/var/MYAC/ap/firmwares/fixedwing/main_ap.o
                0x0000000020003994                attitude_tid
 *fill*         0x0000000020003995        0x1 00
 .bss.i420.5110
                0x0000000020003996        0x2 /home/uav/paparazzi/var/MYAC/ap/firmwares/fixedwing/main_ap.o
 .bss.i126.4490
                0x0000000020003998        0x1 /home/uav/paparazzi/var/MYAC/ap/firmwares/fixedwing/main_ap.o
 *fill*         0x0000000020003999        0x1 00
 .bss.i300.5104
                0x000000002000399a        0x2 /home/uav/paparazzi/var/MYAC/ap/firmwares/fixedwing/main_ap.o
 .bss.i.4495    0x000000002000399c        0x1 /home/uav/paparazzi/var/MYAC/ap/firmwares/fixedwing/main_ap.o
 .bss.navigation_tid
                0x000000002000399d        0x1 /home/uav/paparazzi/var/MYAC/ap/firmwares/fixedwing/main_ap.o
                0x000000002000399d                navigation_tid
 .bss.i342.5109
                0x000000002000399e        0x2 /home/uav/paparazzi/var/MYAC/ap/firmwares/fixedwing/main_ap.o
 .bss.estimator_hspeed_dir
                0x00000000200039a0        0x4 /home/uav/paparazzi/var/MYAC/ap/./estimator.o
                0x00000000200039a0                estimator_hspeed_dir
 .bss.estimator_airspeed
                0x00000000200039a4        0x4 /home/uav/paparazzi/var/MYAC/ap/./estimator.o
                0x00000000200039a4                estimator_airspeed
 .bss.p         0x00000000200039a8       0x10 /home/uav/paparazzi/var/MYAC/ap/./estimator.o
 .bss.estimator_z_dot
                0x00000000200039b8        0x4 /home/uav/paparazzi/var/MYAC/ap/./estimator.o
                0x00000000200039b8                estimator_z_dot
 .bss.estimator_flight_time
                0x00000000200039bc        0x2 /home/uav/paparazzi/var/MYAC/ap/./estimator.o
                0x00000000200039bc                estimator_flight_time
 *fill*         0x00000000200039be        0x2 00
 .bss.wind_east
                0x00000000200039c0        0x4 /home/uav/paparazzi/var/MYAC/ap/./estimator.o
                0x00000000200039c0                wind_east
 .bss.alt_kalman_enabled
                0x00000000200039c4        0x1 /home/uav/paparazzi/var/MYAC/ap/./estimator.o
                0x00000000200039c4                alt_kalman_enabled
 *fill*         0x00000000200039c5        0x3 00
 .bss.estimator_psi
                0x00000000200039c8        0x4 /home/uav/paparazzi/var/MYAC/ap/./estimator.o
                0x00000000200039c8                estimator_psi
 .bss.estimator_r
                0x00000000200039cc        0x4 /home/uav/paparazzi/var/MYAC/ap/./estimator.o
                0x00000000200039cc                estimator_r
 .bss.wind_north
                0x00000000200039d0        0x4 /home/uav/paparazzi/var/MYAC/ap/./estimator.o
                0x00000000200039d0                wind_north
 .bss.estimator_p
                0x00000000200039d4        0x4 /home/uav/paparazzi/var/MYAC/ap/./estimator.o
                0x00000000200039d4                estimator_p
 .bss.estimator_theta
                0x00000000200039d8        0x4 /home/uav/paparazzi/var/MYAC/ap/./estimator.o
                0x00000000200039d8                estimator_theta